bsp_driver_sd.c:46:9:BSP_SD_Init	16	static
bsp_driver_sd.c:76:9:BSP_SD_ITConfig	4	static
bsp_driver_sd.c:86:6:BSP_SD_DetectIT	8	static
bsp_driver_sd.c:96:13:BSP_SD_DetectCallback	4	static
bsp_driver_sd.c:115:9:BSP_SD_ReadBlocks	32	static
bsp_driver_sd.c:135:9:BSP_SD_WriteBlocks	32	static
bsp_driver_sd.c:154:9:BSP_SD_ReadBlocks_DMA	32	static
bsp_driver_sd.c:190:9:BSP_SD_WriteBlocks_DMA	32	static
bsp_driver_sd.c:225:9:BSP_SD_Erase	24	static
bsp_driver_sd.c:249:9:BSP_SD_GetCardState	16	static
bsp_driver_sd.c:275:6:BSP_SD_GetCardInfo	16	static
bsp_driver_sd.c:289:6:HAL_SD_AbortCallback	16	static
bsp_driver_sd.c:299:6:HAL_SD_TxCpltCallback	16	static
bsp_driver_sd.c:309:6:HAL_SD_RxCpltCallback	16	static
bsp_driver_sd.c:319:13:BSP_SD_AbortCallback	4	static
bsp_driver_sd.c:328:13:BSP_SD_WriteCpltCallback	4	static
bsp_driver_sd.c:337:13:BSP_SD_ReadCpltCallback	4	static
bsp_driver_sd.c:349:9:BSP_SD_IsDetected	16	static
bsp_driver_sd.c:362:6:BSP_SD_DMA_Tx_IRQHandler	8	static
bsp_driver_sd.c:371:6:BSP_SD_DMA_Rx_IRQHandler	8	static
bsp_driver_sd.c:378:19:SD_DMAConfigRx	24	static
bsp_driver_sd.c:415:19:SD_DMAConfigTx	24	static
