Archive member included to satisfy reference by file (symbol)

c:/st/stm32cubeide_1.0.0/stm32cubeide/plugins/com.st.stm32cube.ide.mcu.externaltools.gnu-tools-for-stm32.7-2018-q2-update.win32_1.0.0.201904181610/tools/bin/../lib/gcc/arm-none-eabi/7.3.1/../../../../arm-none-eabi/lib/thumb/v7-m\libc_nano.a(lib_a-errno.o)
                              Core/Src/syscalls.o (__errno)
c:/st/stm32cubeide_1.0.0/stm32cubeide/plugins/com.st.stm32cube.ide.mcu.externaltools.gnu-tools-for-stm32.7-2018-q2-update.win32_1.0.0.201904181610/tools/bin/../lib/gcc/arm-none-eabi/7.3.1/../../../../arm-none-eabi/lib/thumb/v7-m\libc_nano.a(lib_a-exit.o)
                              c:/st/stm32cubeide_1.0.0/stm32cubeide/plugins/com.st.stm32cube.ide.mcu.externaltools.gnu-tools-for-stm32.7-2018-q2-update.win32_1.0.0.201904181610/tools/bin/../lib/gcc/arm-none-eabi/7.3.1/../../../../arm-none-eabi/lib/thumb/v7-m/crt0.o (exit)
c:/st/stm32cubeide_1.0.0/stm32cubeide/plugins/com.st.stm32cube.ide.mcu.externaltools.gnu-tools-for-stm32.7-2018-q2-update.win32_1.0.0.201904181610/tools/bin/../lib/gcc/arm-none-eabi/7.3.1/../../../../arm-none-eabi/lib/thumb/v7-m\libc_nano.a(lib_a-impure.o)
                              c:/st/stm32cubeide_1.0.0/stm32cubeide/plugins/com.st.stm32cube.ide.mcu.externaltools.gnu-tools-for-stm32.7-2018-q2-update.win32_1.0.0.201904181610/tools/bin/../lib/gcc/arm-none-eabi/7.3.1/../../../../arm-none-eabi/lib/thumb/v7-m\libc_nano.a(lib_a-exit.o) (_global_impure_ptr)
c:/st/stm32cubeide_1.0.0/stm32cubeide/plugins/com.st.stm32cube.ide.mcu.externaltools.gnu-tools-for-stm32.7-2018-q2-update.win32_1.0.0.201904181610/tools/bin/../lib/gcc/arm-none-eabi/7.3.1/../../../../arm-none-eabi/lib/thumb/v7-m\libc_nano.a(lib_a-init.o)
                              c:/st/stm32cubeide_1.0.0/stm32cubeide/plugins/com.st.stm32cube.ide.mcu.externaltools.gnu-tools-for-stm32.7-2018-q2-update.win32_1.0.0.201904181610/tools/bin/../lib/gcc/arm-none-eabi/7.3.1/../../../../arm-none-eabi/lib/thumb/v7-m/crt0.o (__libc_init_array)
c:/st/stm32cubeide_1.0.0/stm32cubeide/plugins/com.st.stm32cube.ide.mcu.externaltools.gnu-tools-for-stm32.7-2018-q2-update.win32_1.0.0.201904181610/tools/bin/../lib/gcc/arm-none-eabi/7.3.1/../../../../arm-none-eabi/lib/thumb/v7-m\libc_nano.a(lib_a-memcpy-stub.o)
                              FATFS/Target/sd_diskio.o (memcpy)
c:/st/stm32cubeide_1.0.0/stm32cubeide/plugins/com.st.stm32cube.ide.mcu.externaltools.gnu-tools-for-stm32.7-2018-q2-update.win32_1.0.0.201904181610/tools/bin/../lib/gcc/arm-none-eabi/7.3.1/../../../../arm-none-eabi/lib/thumb/v7-m\libc_nano.a(lib_a-memset.o)
                              c:/st/stm32cubeide_1.0.0/stm32cubeide/plugins/com.st.stm32cube.ide.mcu.externaltools.gnu-tools-for-stm32.7-2018-q2-update.win32_1.0.0.201904181610/tools/bin/../lib/gcc/arm-none-eabi/7.3.1/../../../../arm-none-eabi/lib/thumb/v7-m/crt0.o (memset)

Allocating common symbols
Common symbol       size              file

retSD               0x1               FATFS/App/fatfs.o
byteswritten        0x4               Core/Src/main.o
uwTick              0x4               Drivers/STM32L1xx_HAL_Driver/Src/stm32l1xx_hal.o
pFlash              0x18              Drivers/STM32L1xx_HAL_Driver/Src/stm32l1xx_hal_flash.o
hdma_sd_mmc         0x44              Core/Src/main.o
SDPath              0x4               Core/Src/main.o
hsd                 0x84              Core/Src/main.o
SDFile              0x430             Core/Src/main.o
res                 0x1               Core/Src/main.o
SDFatFS             0x434             Core/Src/main.o

Discarded input sections

 .text          0x0000000000000000        0x0 c:/st/stm32cubeide_1.0.0/stm32cubeide/plugins/com.st.stm32cube.ide.mcu.externaltools.gnu-tools-for-stm32.7-2018-q2-update.win32_1.0.0.201904181610/tools/bin/../lib/gcc/arm-none-eabi/7.3.1/thumb/v7-m/crti.o
 .data          0x0000000000000000        0x0 c:/st/stm32cubeide_1.0.0/stm32cubeide/plugins/com.st.stm32cube.ide.mcu.externaltools.gnu-tools-for-stm32.7-2018-q2-update.win32_1.0.0.201904181610/tools/bin/../lib/gcc/arm-none-eabi/7.3.1/thumb/v7-m/crti.o
 .bss           0x0000000000000000        0x0 c:/st/stm32cubeide_1.0.0/stm32cubeide/plugins/com.st.stm32cube.ide.mcu.externaltools.gnu-tools-for-stm32.7-2018-q2-update.win32_1.0.0.201904181610/tools/bin/../lib/gcc/arm-none-eabi/7.3.1/thumb/v7-m/crti.o
 .data          0x0000000000000000        0x4 c:/st/stm32cubeide_1.0.0/stm32cubeide/plugins/com.st.stm32cube.ide.mcu.externaltools.gnu-tools-for-stm32.7-2018-q2-update.win32_1.0.0.201904181610/tools/bin/../lib/gcc/arm-none-eabi/7.3.1/thumb/v7-m/crtbegin.o
 .text          0x0000000000000000       0x74 c:/st/stm32cubeide_1.0.0/stm32cubeide/plugins/com.st.stm32cube.ide.mcu.externaltools.gnu-tools-for-stm32.7-2018-q2-update.win32_1.0.0.201904181610/tools/bin/../lib/gcc/arm-none-eabi/7.3.1/../../../../arm-none-eabi/lib/thumb/v7-m/crt0.o
[...]
Memory Configuration

Name             Origin             Length             Attributes
RAM              0x0000000020000000 0x000000000000c000 xrw
FLASH            0x0000000008000000 0x0000000000060000 xr
*default*        0x0000000000000000 0xffffffffffffffff

Linker script and memory map

LOAD c:/st/stm32cubeide_1.0.0/stm32cubeide/plugins/com.st.stm32cube.ide.mcu.externaltools.gnu-tools-for-stm32.7-2018-q2-update.win32_1.0.0.201904181610/tools/bin/../lib/gcc/arm-none-eabi/7.3.1/thumb/v7-m/crti.o
LOAD c:/st/stm32cubeide_1.0.0/stm32cubeide/plugins/com.st.stm32cube.ide.mcu.externaltools.gnu-tools-for-stm32.7-2018-q2-update.win32_1.0.0.201904181610/tools/bin/../lib/gcc/arm-none-eabi/7.3.1/thumb/v7-m/crtbegin.o
LOAD c:/st/stm32cubeide_1.0.0/stm32cubeide/plugins/com.st.stm32cube.ide.mcu.externaltools.gnu-tools-for-stm32.7-2018-q2-update.win32_1.0.0.201904181610/tools/bin/../lib/gcc/arm-none-eabi/7.3.1/../../../../arm-none-eabi/lib/thumb/v7-m/crt0.o
LOAD Core/Src/main.o
LOAD Core/Src/stm32l1xx_hal_msp.o
LOAD Core/Src/stm32l1xx_it.o
LOAD Core/Src/syscalls.o
LOAD Core/Src/sysmem.o
LOAD Core/Src/system_stm32l1xx.o
LOAD Core/Startup/startup_stm32l162rdtx.o
LOAD Drivers/STM32L1xx_HAL_Driver/Src/stm32l1xx_hal.o
LOAD Drivers/STM32L1xx_HAL_Driver/Src/stm32l1xx_hal_cortex.o
LOAD Drivers/STM32L1xx_HAL_Driver/Src/stm32l1xx_hal_dma.o
LOAD Drivers/STM32L1xx_HAL_Driver/Src/stm32l1xx_hal_flash.o
LOAD Drivers/STM32L1xx_HAL_Driver/Src/stm32l1xx_hal_flash_ex.o
LOAD Drivers/STM32L1xx_HAL_Driver/Src/stm32l1xx_hal_flash_ramfunc.o
LOAD Drivers/STM32L1xx_HAL_Driver/Src/stm32l1xx_hal_gpio.o
LOAD Drivers/STM32L1xx_HAL_Driver/Src/stm32l1xx_hal_pwr.o
LOAD Drivers/STM32L1xx_HAL_Driver/Src/stm32l1xx_hal_pwr_ex.o
LOAD Drivers/STM32L1xx_HAL_Driver/Src/stm32l1xx_hal_rcc.o
LOAD Drivers/STM32L1xx_HAL_Driver/Src/stm32l1xx_hal_rcc_ex.o
LOAD Drivers/STM32L1xx_HAL_Driver/Src/stm32l1xx_hal_sd.o
LOAD Drivers/STM32L1xx_HAL_Driver/Src/stm32l1xx_hal_tim.o
LOAD Drivers/STM32L1xx_HAL_Driver/Src/stm32l1xx_hal_tim_ex.o
LOAD Drivers/STM32L1xx_HAL_Driver/Src/stm32l1xx_ll_sdmmc.o
LOAD FATFS/App/fatfs.o
LOAD FATFS/Target/bsp_driver_sd.o
LOAD FATFS/Target/sd_diskio.o
LOAD Middlewares/Third_Party/FatFs/src/diskio.o
LOAD Middlewares/Third_Party/FatFs/src/ff.o
LOAD Middlewares/Third_Party/FatFs/src/ff_gen_drv.o
LOAD Middlewares/Third_Party/FatFs/src/option/syscall.o
START GROUP
LOAD c:/st/stm32cubeide_1.0.0/stm32cubeide/plugins/com.st.stm32cube.ide.mcu.externaltools.gnu-tools-for-stm32.7-2018-q2-update.win32_1.0.0.201904181610/tools/bin/../lib/gcc/arm-none-eabi/7.3.1/../../../../arm-none-eabi/lib/thumb/v7-m\libc_nano.a
LOAD c:/st/stm32cubeide_1.0.0/stm32cubeide/plugins/com.st.stm32cube.ide.mcu.externaltools.gnu-tools-for-stm32.7-2018-q2-update.win32_1.0.0.201904181610/tools/bin/../lib/gcc/arm-none-eabi/7.3.1/../../../../arm-none-eabi/lib/thumb/v7-m\libm.a
END GROUP
START GROUP
LOAD c:/st/stm32cubeide_1.0.0/stm32cubeide/plugins/com.st.stm32cube.ide.mcu.externaltools.gnu-tools-for-stm32.7-2018-q2-update.win32_1.0.0.201904181610/tools/bin/../lib/gcc/arm-none-eabi/7.3.1/thumb/v7-m\libgcc.a
LOAD c:/st/stm32cubeide_1.0.0/stm32cubeide/plugins/com.st.stm32cube.ide.mcu.externaltools.gnu-tools-for-stm32.7-2018-q2-update.win32_1.0.0.201904181610/tools/bin/../lib/gcc/arm-none-eabi/7.3.1/../../../../arm-none-eabi/lib/thumb/v7-m\libc_nano.a
END GROUP
START GROUP
LOAD c:/st/stm32cubeide_1.0.0/stm32cubeide/plugins/com.st.stm32cube.ide.mcu.externaltools.gnu-tools-for-stm32.7-2018-q2-update.win32_1.0.0.201904181610/tools/bin/../lib/gcc/arm-none-eabi/7.3.1/thumb/v7-m\libgcc.a
LOAD c:/st/stm32cubeide_1.0.0/stm32cubeide/plugins/com.st.stm32cube.ide.mcu.externaltools.gnu-tools-for-stm32.7-2018-q2-update.win32_1.0.0.201904181610/tools/bin/../lib/gcc/arm-none-eabi/7.3.1/../../../../arm-none-eabi/lib/thumb/v7-m\libc_nano.a
LOAD c:/st/stm32cubeide_1.0.0/stm32cubeide/plugins/com.st.stm32cube.ide.mcu.externaltools.gnu-tools-for-stm32.7-2018-q2-update.win32_1.0.0.201904181610/tools/bin/../lib/gcc/arm-none-eabi/7.3.1/../../../../arm-none-eabi/lib/thumb/v7-m\libnosys.a
END GROUP
START GROUP
LOAD c:/st/stm32cubeide_1.0.0/stm32cubeide/plugins/com.st.stm32cube.ide.mcu.externaltools.gnu-tools-for-stm32.7-2018-q2-update.win32_1.0.0.201904181610/tools/bin/../lib/gcc/arm-none-eabi/7.3.1/thumb/v7-m\libgcc.a
LOAD c:/st/stm32cubeide_1.0.0/stm32cubeide/plugins/com.st.stm32cube.ide.mcu.externaltools.gnu-tools-for-stm32.7-2018-q2-update.win32_1.0.0.201904181610/tools/bin/../lib/gcc/arm-none-eabi/7.3.1/../../../../arm-none-eabi/lib/thumb/v7-m\libc_nano.a
LOAD c:/st/stm32cubeide_1.0.0/stm32cubeide/plugins/com.st.stm32cube.ide.mcu.externaltools.gnu-tools-for-stm32.7-2018-q2-update.win32_1.0.0.201904181610/tools/bin/../lib/gcc/arm-none-eabi/7.3.1/../../../../arm-none-eabi/lib/thumb/v7-m\libnosys.a
END GROUP
LOAD c:/st/stm32cubeide_1.0.0/stm32cubeide/plugins/com.st.stm32cube.ide.mcu.externaltools.gnu-tools-for-stm32.7-2018-q2-update.win32_1.0.0.201904181610/tools/bin/../lib/gcc/arm-none-eabi/7.3.1/thumb/v7-m/crtend.o
LOAD c:/st/stm32cubeide_1.0.0/stm32cubeide/plugins/com.st.stm32cube.ide.mcu.externaltools.gnu-tools-for-stm32.7-2018-q2-update.win32_1.0.0.201904181610/tools/bin/../lib/gcc/arm-none-eabi/7.3.1/thumb/v7-m/crtn.o
                0x000000002000c000                _estack = (ORIGIN (RAM) + LENGTH (RAM))
                0x0000000000002000                _Min_Heap_Size = 0x2000
                0x0000000000004000                _Min_Stack_Size = 0x4000

.isr_vector     0x0000000008000000      0x13c
                0x0000000008000000                . = ALIGN (0x4)
 *(.isr_vector)
 .isr_vector    0x0000000008000000      0x13c Core/Startup/startup_stm32l162rdtx.o
                0x0000000008000000                g_pfnVectors
                0x000000000800013c                . = ALIGN (0x4)

.text           0x000000000800013c     0x692c
                0x000000000800013c                . = ALIGN (0x4)
 *(.text)
 .text          0x000000000800013c       0x40 c:/st/stm32cubeide_1.0.0/stm32cubeide/plugins/com.st.stm32cube.ide.mcu.externaltools.gnu-tools-for-stm32.7-2018-q2-update.win32_1.0.0.201904181610/tools/bin/../lib/gcc/arm-none-eabi/7.3.1/thumb/v7-m/crtbegin.o
 *(.text*)
 .text.main     0x000000000800017c       0xc4 Core/Src/main.o
                0x000000000800017c                main
 .text.SystemClock_Config
                0x0000000008000240       0x9c Core/Src/main.o
                0x0000000008000240                SystemClock_Config
 .text.MX_SDIO_SD_Init
                0x00000000080002dc       0x40 Core/Src/main.o
 .text.MX_DMA_Init
                0x000000000800031c       0x3c Core/Src/main.o
 .text.MX_GPIO_Init
                0x0000000008000358       0x94 Core/Src/main.o
 .text.Error_Handler
                0x00000000080003ec        0xc Core/Src/main.o
                0x00000000080003ec                Error_Handler
 .text.HAL_MspInit
                0x00000000080003f8       0x5c Core/Src/stm32l1xx_hal_msp.o
                0x00000000080003f8                HAL_MspInit
 .text.HAL_SD_MspInit
                0x0000000008000454      0x138 Core/Src/stm32l1xx_hal_msp.o
                0x0000000008000454                HAL_SD_MspInit
 .text.NMI_Handler
                0x000000000800058c        0xc Core/Src/stm32l1xx_it.o
                0x000000000800058c                NMI_Handler
 .text.HardFault_Handler
                0x0000000008000598        0x6 Core/Src/stm32l1xx_it.o
                0x0000000008000598                HardFault_Handler
 .text.MemManage_Handler
                0x000000000800059e        0x6 Core/Src/stm32l1xx_it.o
                0x000000000800059e                MemManage_Handler
 .text.BusFault_Handler
                0x00000000080005a4        0x6 Core/Src/stm32l1xx_it.o
                0x00000000080005a4                BusFault_Handler
 .text.UsageFault_Handler
                0x00000000080005aa        0x6 Core/Src/stm32l1xx_it.o
                0x00000000080005aa                UsageFault_Handler
 .text.SVC_Handler
                0x00000000080005b0        0xc Core/Src/stm32l1xx_it.o
                0x00000000080005b0                SVC_Handler
 .text.DebugMon_Handler
                0x00000000080005bc        0xc Core/Src/stm32l1xx_it.o
                0x00000000080005bc                DebugMon_Handler
 .text.PendSV_Handler
                0x00000000080005c8        0xc Core/Src/stm32l1xx_it.o
                0x00000000080005c8                PendSV_Handler
 .text.SysTick_Handler
                0x00000000080005d4        0xc Core/Src/stm32l1xx_it.o
                0x00000000080005d4                SysTick_Handler
 .text.SDIO_IRQHandler
                0x00000000080005e0       0x14 Core/Src/stm32l1xx_it.o
                0x00000000080005e0                SDIO_IRQHandler
 .text.DMA2_Channel4_IRQHandler
                0x00000000080005f4       0x44 Core/Src/stm32l1xx_it.o
                0x00000000080005f4                DMA2_Channel4_IRQHandler
 .text.SystemInit
                0x0000000008000638       0x68 Core/Src/system_stm32l1xx.o
                0x0000000008000638                SystemInit
 .text.Reset_Handler
                0x00000000080006a0       0x48 Core/Startup/startup_stm32l162rdtx.o
                0x00000000080006a0                Reset_Handler
 .text.Default_Handler
                0x00000000080006e8        0x2 Core/Startup/startup_stm32l162rdtx.o
                0x00000000080006e8                RTC_Alarm_IRQHandler
                0x00000000080006e8                EXTI2_IRQHandler
                0x00000000080006e8                COMP_ACQ_IRQHandler
                0x00000000080006e8                TIM10_IRQHandler
                0x00000000080006e8                USB_HP_IRQHandler
                0x00000000080006e8                TIM6_IRQHandler
                0x00000000080006e8                PVD_IRQHandler
                0x00000000080006e8                EXTI3_IRQHandler
                0x00000000080006e8                EXTI0_IRQHandler
                0x00000000080006e8                I2C2_EV_IRQHandler
                0x00000000080006e8                SPI1_IRQHandler
                0x00000000080006e8                USB_FS_WKUP_IRQHandler
                0x00000000080006e8                DMA2_Channel2_IRQHandler
                0x00000000080006e8                DMA1_Channel4_IRQHandler
                0x00000000080006e8                ADC1_IRQHandler
                0x00000000080006e8                USART3_IRQHandler
                0x00000000080006e8                DMA1_Channel7_IRQHandler
                0x00000000080006e8                LCD_IRQHandler
                0x00000000080006e8                UART5_IRQHandler
                0x00000000080006e8                TIM4_IRQHandler
                0x00000000080006e8                DMA2_Channel1_IRQHandler
                0x00000000080006e8                I2C1_EV_IRQHandler
                0x00000000080006e8                DMA1_Channel6_IRQHandler
                0x00000000080006e8                UART4_IRQHandler
                0x00000000080006e8                TIM3_IRQHandler
                0x00000000080006e8                RCC_IRQHandler
                0x00000000080006e8                DMA1_Channel1_IRQHandler
                0x00000000080006e8                Default_Handler
                0x00000000080006e8                EXTI15_10_IRQHandler
                0x00000000080006e8                TIM7_IRQHandler
                0x00000000080006e8                TIM5_IRQHandler
                0x00000000080006e8                EXTI9_5_IRQHandler
                0x00000000080006e8                TIM9_IRQHandler
                0x00000000080006e8                TAMPER_STAMP_IRQHandler
                0x00000000080006e8                RTC_WKUP_IRQHandler
                0x00000000080006e8                SPI2_IRQHandler
                0x00000000080006e8                DMA2_Channel5_IRQHandler
                0x00000000080006e8                DMA1_Channel5_IRQHandler
                0x00000000080006e8                USB_LP_IRQHandler
                0x00000000080006e8                EXTI4_IRQHandler
                0x00000000080006e8                DMA1_Channel3_IRQHandler
                0x00000000080006e8                COMP_IRQHandler
                0x00000000080006e8                WWDG_IRQHandler
                0x00000000080006e8                TIM2_IRQHandler
                0x00000000080006e8                DAC_IRQHandler
                0x00000000080006e8                EXTI1_IRQHandler
                0x00000000080006e8                AES_IRQHandler
                0x00000000080006e8                TIM11_IRQHandler
                0x00000000080006e8                USART2_IRQHandler
                0x00000000080006e8                I2C2_ER_IRQHandler
                0x00000000080006e8                DMA1_Channel2_IRQHandler
                0x00000000080006e8                FLASH_IRQHandler
                0x00000000080006e8                USART1_IRQHandler
                0x00000000080006e8                SPI3_IRQHandler
                0x00000000080006e8                I2C1_ER_IRQHandler
                0x00000000080006e8                DMA2_Channel3_IRQHandler
 .text.HAL_Init
                0x00000000080006ea       0x30 Drivers/STM32L1xx_HAL_Driver/Src/stm32l1xx_hal.o
                0x00000000080006ea                HAL_Init
 *fill*         0x000000000800071a        0x2 
 .text.HAL_InitTick
                0x000000000800071c       0x74 Drivers/STM32L1xx_HAL_Driver/Src/stm32l1xx_hal.o
                0x000000000800071c                HAL_InitTick
 .text.HAL_IncTick
                0x0000000008000790       0x24 Drivers/STM32L1xx_HAL_Driver/Src/stm32l1xx_hal.o
                0x0000000008000790                HAL_IncTick
 .text.HAL_GetTick
                0x00000000080007b4       0x14 Drivers/STM32L1xx_HAL_Driver/Src/stm32l1xx_hal.o
                0x00000000080007b4                HAL_GetTick
 .text.HAL_Delay
                0x00000000080007c8       0x44 Drivers/STM32L1xx_HAL_Driver/Src/stm32l1xx_hal.o
                0x00000000080007c8                HAL_Delay
 .text.__NVIC_SetPriorityGrouping
                0x000000000800080c       0x48 Drivers/STM32L1xx_HAL_Driver/Src/stm32l1xx_hal_cortex.o
 .text.__NVIC_GetPriorityGrouping
                0x0000000008000854       0x1c Drivers/STM32L1xx_HAL_Driver/Src/stm32l1xx_hal_cortex.o
 .text.__NVIC_EnableIRQ
                0x0000000008000870       0x38 Drivers/STM32L1xx_HAL_Driver/Src/stm32l1xx_hal_cortex.o
 .text.__NVIC_SetPriority
                0x00000000080008a8       0x54 Drivers/STM32L1xx_HAL_Driver/Src/stm32l1xx_hal_cortex.o
 .text.NVIC_EncodePriority
                0x00000000080008fc       0x64 Drivers/STM32L1xx_HAL_Driver/Src/stm32l1xx_hal_cortex.o
 .text.SysTick_Config
                0x0000000008000960       0x44 Drivers/STM32L1xx_HAL_Driver/Src/stm32l1xx_hal_cortex.o
 .text.HAL_NVIC_SetPriorityGrouping
                0x00000000080009a4       0x16 Drivers/STM32L1xx_HAL_Driver/Src/stm32l1xx_hal_cortex.o
                0x00000000080009a4                HAL_NVIC_SetPriorityGrouping
 .text.HAL_NVIC_SetPriority
                0x00000000080009ba       0x38 Drivers/STM32L1xx_HAL_Driver/Src/stm32l1xx_hal_cortex.o
                0x00000000080009ba                HAL_NVIC_SetPriority
 .text.HAL_NVIC_EnableIRQ
                0x00000000080009f2       0x1c Drivers/STM32L1xx_HAL_Driver/Src/stm32l1xx_hal_cortex.o
                0x00000000080009f2                HAL_NVIC_EnableIRQ
 .text.HAL_SYSTICK_Config
                0x0000000008000a0e       0x18 Drivers/STM32L1xx_HAL_Driver/Src/stm32l1xx_hal_cortex.o
                0x0000000008000a0e                HAL_SYSTICK_Config
 *fill*         0x0000000008000a26        0x2 
 .text.HAL_DMA_Init
                0x0000000008000a28       0xe8 Drivers/STM32L1xx_HAL_Driver/Src/stm32l1xx_hal_dma.o
                0x0000000008000a28                HAL_DMA_Init
 .text.HAL_DMA_DeInit
                0x0000000008000b10       0xdc Drivers/STM32L1xx_HAL_Driver/Src/stm32l1xx_hal_dma.o
                0x0000000008000b10                HAL_DMA_DeInit
 .text.HAL_DMA_Start_IT
                0x0000000008000bec       0xc0 Drivers/STM32L1xx_HAL_Driver/Src/stm32l1xx_hal_dma.o
                0x0000000008000bec                HAL_DMA_Start_IT
 .text.HAL_DMA_Abort
                0x0000000008000cac       0x7a Drivers/STM32L1xx_HAL_Driver/Src/stm32l1xx_hal_dma.o
                0x0000000008000cac                HAL_DMA_Abort
 .text.HAL_DMA_Abort_IT
                0x0000000008000d26       0x82 Drivers/STM32L1xx_HAL_Driver/Src/stm32l1xx_hal_dma.o
                0x0000000008000d26                HAL_DMA_Abort_IT
 .text.HAL_DMA_IRQHandler
                0x0000000008000da8      0x15e Drivers/STM32L1xx_HAL_Driver/Src/stm32l1xx_hal_dma.o
                0x0000000008000da8                HAL_DMA_IRQHandler
 .text.DMA_SetConfig
                0x0000000008000f06       0x5e Drivers/STM32L1xx_HAL_Driver/Src/stm32l1xx_hal_dma.o
 .text.HAL_GPIO_Init
                0x0000000008000f64      0x31c Drivers/STM32L1xx_HAL_Driver/Src/stm32l1xx_hal_gpio.o
                0x0000000008000f64                HAL_GPIO_Init
 .text.HAL_GPIO_WritePin
                0x0000000008001280       0x30 Drivers/STM32L1xx_HAL_Driver/Src/stm32l1xx_hal_gpio.o
                0x0000000008001280                HAL_GPIO_WritePin
 .text.HAL_RCC_OscConfig
                0x00000000080012b0      0x660 Drivers/STM32L1xx_HAL_Driver/Src/stm32l1xx_hal_rcc.o
                0x00000000080012b0                HAL_RCC_OscConfig
 .text.HAL_RCC_ClockConfig
                0x0000000008001910      0x268 Drivers/STM32L1xx_HAL_Driver/Src/stm32l1xx_hal_rcc.o
                0x0000000008001910                HAL_RCC_ClockConfig
 .text.HAL_RCC_GetSysClockFreq
                0x0000000008001b78       0xb0 Drivers/STM32L1xx_HAL_Driver/Src/stm32l1xx_hal_rcc.o
                0x0000000008001b78                HAL_RCC_GetSysClockFreq
 .text.RCC_SetFlashLatencyFromMSIRange
                0x0000000008001c28       0xc0 Drivers/STM32L1xx_HAL_Driver/Src/stm32l1xx_hal_rcc.o
 .text.HAL_SD_Init
                0x0000000008001ce8       0x60 Drivers/STM32L1xx_HAL_Driver/Src/stm32l1xx_hal_sd.o
                0x0000000008001ce8                HAL_SD_Init
 .text.HAL_SD_InitCard
                0x0000000008001d48       0xd4 Drivers/STM32L1xx_HAL_Driver/Src/stm32l1xx_hal_sd.o
                0x0000000008001d48                HAL_SD_InitCard
 .text.HAL_SD_ReadBlocks_DMA
                0x0000000008001e1c      0x1d4 Drivers/STM32L1xx_HAL_Driver/Src/stm32l1xx_hal_sd.o
                0x0000000008001e1c                HAL_SD_ReadBlocks_DMA
 .text.HAL_SD_WriteBlocks_DMA
                0x0000000008001ff0      0x1e0 Drivers/STM32L1xx_HAL_Driver/Src/stm32l1xx_hal_sd.o
                0x0000000008001ff0                HAL_SD_WriteBlocks_DMA
 .text.HAL_SD_IRQHandler
                0x00000000080021d0      0x30c Drivers/STM32L1xx_HAL_Driver/Src/stm32l1xx_hal_sd.o
                0x00000000080021d0                HAL_SD_IRQHandler
 .text.HAL_SD_ErrorCallback
                0x00000000080024dc       0x12 Drivers/STM32L1xx_HAL_Driver/Src/stm32l1xx_hal_sd.o
                0x00000000080024dc                HAL_SD_ErrorCallback
 *fill*         0x00000000080024ee        0x2 
 .text.HAL_SD_GetCardCSD
                0x00000000080024f0      0x348 Drivers/STM32L1xx_HAL_Driver/Src/stm32l1xx_hal_sd.o
                0x00000000080024f0                HAL_SD_GetCardCSD
 .text.HAL_SD_GetCardInfo
                0x0000000008002838       0x56 Drivers/STM32L1xx_HAL_Driver/Src/stm32l1xx_hal_sd.o
                0x0000000008002838                HAL_SD_GetCardInfo
 *fill*         0x000000000800288e        0x2 
 .text.HAL_SD_ConfigWideBusOperation
                0x0000000008002890       0xf8 Drivers/STM32L1xx_HAL_Driver/Src/stm32l1xx_hal_sd.o
                0x0000000008002890                HAL_SD_ConfigWideBusOperation
 .text.HAL_SD_GetCardState
                0x0000000008002988       0x40 Drivers/STM32L1xx_HAL_Driver/Src/stm32l1xx_hal_sd.o
                0x0000000008002988                HAL_SD_GetCardState
 .text.SD_DMATransmitCplt
                0x00000000080029c8       0x28 Drivers/STM32L1xx_HAL_Driver/Src/stm32l1xx_hal_sd.o
 .text.SD_DMAReceiveCplt
                0x00000000080029f0       0x70 Drivers/STM32L1xx_HAL_Driver/Src/stm32l1xx_hal_sd.o
 .text.SD_DMAError
                0x0000000008002a60       0x98 Drivers/STM32L1xx_HAL_Driver/Src/stm32l1xx_hal_sd.o
 .text.SD_DMATxAbort
                0x0000000008002af8       0x6e Drivers/STM32L1xx_HAL_Driver/Src/stm32l1xx_hal_sd.o
 .text.SD_DMARxAbort
                0x0000000008002b66       0x6e Drivers/STM32L1xx_HAL_Driver/Src/stm32l1xx_hal_sd.o
 .text.SD_InitCard
                0x0000000008002bd4      0x19a Drivers/STM32L1xx_HAL_Driver/Src/stm32l1xx_hal_sd.o
 *fill*         0x0000000008002d6e        0x2 
 .text.SD_PowerON
                0x0000000008002d70      0x11c Drivers/STM32L1xx_HAL_Driver/Src/stm32l1xx_hal_sd.o
 .text.SD_SendStatus
                0x0000000008002e8c       0x50 Drivers/STM32L1xx_HAL_Driver/Src/stm32l1xx_hal_sd.o
 .text.SD_WideBus_Enable
                0x0000000008002edc       0x96 Drivers/STM32L1xx_HAL_Driver/Src/stm32l1xx_hal_sd.o
 .text.SD_WideBus_Disable
                0x0000000008002f72       0x96 Drivers/STM32L1xx_HAL_Driver/Src/stm32l1xx_hal_sd.o
 .text.SD_FindSCR
                0x0000000008003008      0x194 Drivers/STM32L1xx_HAL_Driver/Src/stm32l1xx_hal_sd.o
 .text.SD_Read_IT
                0x000000000800319c       0xa2 Drivers/STM32L1xx_HAL_Driver/Src/stm32l1xx_hal_sd.o
 .text.SD_Write_IT
                0x000000000800323e       0xaa Drivers/STM32L1xx_HAL_Driver/Src/stm32l1xx_hal_sd.o
 .text.SDIO_Init
                0x00000000080032e8       0x54 Drivers/STM32L1xx_HAL_Driver/Src/stm32l1xx_ll_sdmmc.o
                0x00000000080032e8                SDIO_Init
 .text.SDIO_ReadFIFO
                0x000000000800333c       0x18 Drivers/STM32L1xx_HAL_Driver/Src/stm32l1xx_ll_sdmmc.o
                0x000000000800333c                SDIO_ReadFIFO
 .text.SDIO_WriteFIFO
                0x0000000008003354       0x20 Drivers/STM32L1xx_HAL_Driver/Src/stm32l1xx_ll_sdmmc.o
                0x0000000008003354                SDIO_WriteFIFO
 .text.SDIO_PowerState_ON
                0x0000000008003374       0x1e Drivers/STM32L1xx_HAL_Driver/Src/stm32l1xx_ll_sdmmc.o
                0x0000000008003374                SDIO_PowerState_ON
 .text.SDIO_GetPowerState
                0x0000000008003392       0x1a Drivers/STM32L1xx_HAL_Driver/Src/stm32l1xx_ll_sdmmc.o
                0x0000000008003392                SDIO_GetPowerState
 .text.SDIO_SendCommand
                0x00000000080033ac       0x52 Drivers/STM32L1xx_HAL_Driver/Src/stm32l1xx_ll_sdmmc.o
                0x00000000080033ac                SDIO_SendCommand
 .text.SDIO_GetCommandResponse
                0x00000000080033fe       0x18 Drivers/STM32L1xx_HAL_Driver/Src/stm32l1xx_ll_sdmmc.o
                0x00000000080033fe                SDIO_GetCommandResponse
 .text.SDIO_GetResponse
                0x0000000008003416       0x24 Drivers/STM32L1xx_HAL_Driver/Src/stm32l1xx_ll_sdmmc.o
                0x0000000008003416                SDIO_GetResponse
 .text.SDIO_ConfigData
                0x000000000800343a       0x56 Drivers/STM32L1xx_HAL_Driver/Src/stm32l1xx_ll_sdmmc.o
                0x000000000800343a                SDIO_ConfigData
 .text.SDMMC_CmdBlockLength
                0x0000000008003490       0x44 Drivers/STM32L1xx_HAL_Driver/Src/stm32l1xx_ll_sdmmc.o
                0x0000000008003490                SDMMC_CmdBlockLength
 .text.SDMMC_CmdReadSingleBlock
                0x00000000080034d4       0x44 Drivers/STM32L1xx_HAL_Driver/Src/stm32l1xx_ll_sdmmc.o
                0x00000000080034d4                SDMMC_CmdReadSingleBlock
 .text.SDMMC_CmdReadMultiBlock
                0x0000000008003518       0x44 Drivers/STM32L1xx_HAL_Driver/Src/stm32l1xx_ll_sdmmc.o
                0x0000000008003518                SDMMC_CmdReadMultiBlock
 .text.SDMMC_CmdWriteSingleBlock
                0x000000000800355c       0x44 Drivers/STM32L1xx_HAL_Driver/Src/stm32l1xx_ll_sdmmc.o
                0x000000000800355c                SDMMC_CmdWriteSingleBlock
 .text.SDMMC_CmdWriteMultiBlock
                0x00000000080035a0       0x44 Drivers/STM32L1xx_HAL_Driver/Src/stm32l1xx_ll_sdmmc.o
                0x00000000080035a0                SDMMC_CmdWriteMultiBlock
 .text.SDMMC_CmdStopTransfer
                0x00000000080035e4       0x44 Drivers/STM32L1xx_HAL_Driver/Src/stm32l1xx_ll_sdmmc.o
                0x00000000080035e4                SDMMC_CmdStopTransfer
 .text.SDMMC_CmdSelDesel
                0x0000000008003628       0x46 Drivers/STM32L1xx_HAL_Driver/Src/stm32l1xx_ll_sdmmc.o
                0x0000000008003628                SDMMC_CmdSelDesel
 .text.SDMMC_CmdGoIdleState
                0x000000000800366e       0x3c Drivers/STM32L1xx_HAL_Driver/Src/stm32l1xx_ll_sdmmc.o
                0x000000000800366e                SDMMC_CmdGoIdleState
 .text.SDMMC_CmdOperCond
                0x00000000080036aa       0x3e Drivers/STM32L1xx_HAL_Driver/Src/stm32l1xx_ll_sdmmc.o
                0x00000000080036aa                SDMMC_CmdOperCond
 .text.SDMMC_CmdAppCommand
                0x00000000080036e8       0x44 Drivers/STM32L1xx_HAL_Driver/Src/stm32l1xx_ll_sdmmc.o
                0x00000000080036e8                SDMMC_CmdAppCommand
 .text.SDMMC_CmdAppOperCommand
                0x000000000800372c       0x46 Drivers/STM32L1xx_HAL_Driver/Src/stm32l1xx_ll_sdmmc.o
                0x000000000800372c                SDMMC_CmdAppOperCommand
 .text.SDMMC_CmdBusWidth
                0x0000000008003772       0x44 Drivers/STM32L1xx_HAL_Driver/Src/stm32l1xx_ll_sdmmc.o
                0x0000000008003772                SDMMC_CmdBusWidth
 .text.SDMMC_CmdSendSCR
                0x00000000080037b6       0x42 Drivers/STM32L1xx_HAL_Driver/Src/stm32l1xx_ll_sdmmc.o
                0x00000000080037b6                SDMMC_CmdSendSCR
 .text.SDMMC_CmdSendCID
                0x00000000080037f8       0x3c Drivers/STM32L1xx_HAL_Driver/Src/stm32l1xx_ll_sdmmc.o
                0x00000000080037f8                SDMMC_CmdSendCID
 .text.SDMMC_CmdSendCSD
                0x0000000008003834       0x3e Drivers/STM32L1xx_HAL_Driver/Src/stm32l1xx_ll_sdmmc.o
                0x0000000008003834                SDMMC_CmdSendCSD
 .text.SDMMC_CmdSetRelAdd
                0x0000000008003872       0x42 Drivers/STM32L1xx_HAL_Driver/Src/stm32l1xx_ll_sdmmc.o
                0x0000000008003872                SDMMC_CmdSetRelAdd
 .text.SDMMC_CmdSendStatus
                0x00000000080038b4       0x44 Drivers/STM32L1xx_HAL_Driver/Src/stm32l1xx_ll_sdmmc.o
                0x00000000080038b4                SDMMC_CmdSendStatus
 .text.SDMMC_GetCmdError
                0x00000000080038f8       0x50 Drivers/STM32L1xx_HAL_Driver/Src/stm32l1xx_ll_sdmmc.o
 .text.SDMMC_GetCmdResp1
                0x0000000008003948      0x1d8 Drivers/STM32L1xx_HAL_Driver/Src/stm32l1xx_ll_sdmmc.o
 .text.SDMMC_GetCmdResp2
                0x0000000008003b20       0x8c Drivers/STM32L1xx_HAL_Driver/Src/stm32l1xx_ll_sdmmc.o
 .text.SDMMC_GetCmdResp3
                0x0000000008003bac       0x74 Drivers/STM32L1xx_HAL_Driver/Src/stm32l1xx_ll_sdmmc.o
 .text.SDMMC_GetCmdResp6
                0x0000000008003c20       0xe8 Drivers/STM32L1xx_HAL_Driver/Src/stm32l1xx_ll_sdmmc.o
 .text.SDMMC_GetCmdResp7
                0x0000000008003d08       0x98 Drivers/STM32L1xx_HAL_Driver/Src/stm32l1xx_ll_sdmmc.o
 .text.MX_FATFS_Init
                0x0000000008003da0       0x24 FATFS/App/fatfs.o
                0x0000000008003da0                MX_FATFS_Init
 .text.BSP_SD_Init
                0x0000000008003dc4       0x48 FATFS/Target/bsp_driver_sd.o
                0x0000000008003dc4                BSP_SD_Init
 .text.BSP_SD_ReadBlocks_DMA
                0x0000000008003e0c       0x50 FATFS/Target/bsp_driver_sd.o
                0x0000000008003e0c                BSP_SD_ReadBlocks_DMA
 .text.BSP_SD_WriteBlocks_DMA
                0x0000000008003e5c       0x50 FATFS/Target/bsp_driver_sd.o
                0x0000000008003e5c                BSP_SD_WriteBlocks_DMA
 .text.BSP_SD_GetCardState
                0x0000000008003eac       0x3c FATFS/Target/bsp_driver_sd.o
                0x0000000008003eac                BSP_SD_GetCardState
 .text.BSP_SD_GetCardInfo
                0x0000000008003ee8       0x1c FATFS/Target/bsp_driver_sd.o
                0x0000000008003ee8                BSP_SD_GetCardInfo
 .text.HAL_SD_AbortCallback
                0x0000000008003f04       0x14 FATFS/Target/bsp_driver_sd.o
                0x0000000008003f04                HAL_SD_AbortCallback
 .text.HAL_SD_TxCpltCallback
                0x0000000008003f18       0x14 FATFS/Target/bsp_driver_sd.o
                0x0000000008003f18                HAL_SD_TxCpltCallback
 .text.HAL_SD_RxCpltCallback
                0x0000000008003f2c       0x14 FATFS/Target/bsp_driver_sd.o
                0x0000000008003f2c                HAL_SD_RxCpltCallback
 .text.BSP_SD_AbortCallback
                0x0000000008003f40        0xc FATFS/Target/bsp_driver_sd.o
                0x0000000008003f40                BSP_SD_AbortCallback
 .text.BSP_SD_IsDetected
                0x0000000008003f4c       0x18 FATFS/Target/bsp_driver_sd.o
                0x0000000008003f4c                BSP_SD_IsDetected
 .text.SD_DMAConfigRx
                0x0000000008003f64       0x90 FATFS/Target/bsp_driver_sd.o
                0x0000000008003f64                SD_DMAConfigRx
 .text.SD_DMAConfigTx
                0x0000000008003ff4       0x88 FATFS/Target/bsp_driver_sd.o
                0x0000000008003ff4                SD_DMAConfigTx
 .text.SD_CheckStatusWithTimeout
                0x000000000800407c       0x3a FATFS/Target/sd_diskio.o
 *fill*         0x00000000080040b6        0x2 
 .text.SD_CheckStatus
                0x00000000080040b8       0x3c FATFS/Target/sd_diskio.o
 .text.SD_initialize
                0x00000000080040f4       0x38 FATFS/Target/sd_diskio.o
                0x00000000080040f4                SD_initialize
 .text.SD_status
                0x000000000800412c       0x1c FATFS/Target/sd_diskio.o
                0x000000000800412c                SD_status
 .text.SD_read  0x0000000008004148      0x150 FATFS/Target/sd_diskio.o
                0x0000000008004148                SD_read
 .text.SD_write
                0x0000000008004298      0x150 FATFS/Target/sd_diskio.o
                0x0000000008004298                SD_write
 .text.SD_ioctl
                0x00000000080043e8       0xb0 FATFS/Target/sd_diskio.o
                0x00000000080043e8                SD_ioctl
 .text.BSP_SD_WriteCpltCallback
                0x0000000008004498       0x18 FATFS/Target/sd_diskio.o
                0x0000000008004498                BSP_SD_WriteCpltCallback
 .text.BSP_SD_ReadCpltCallback
                0x00000000080044b0       0x18 FATFS/Target/sd_diskio.o
                0x00000000080044b0                BSP_SD_ReadCpltCallback
 .text.disk_status
                0x00000000080044c8       0x34 Middlewares/Third_Party/FatFs/src/diskio.o
                0x00000000080044c8                disk_status
 .text.disk_initialize
                0x00000000080044fc       0x4c Middlewares/Third_Party/FatFs/src/diskio.o
                0x00000000080044fc                disk_initialize
 .text.disk_read
                0x0000000008004548       0x40 Middlewares/Third_Party/FatFs/src/diskio.o
                0x0000000008004548                disk_read
 .text.disk_write
                0x0000000008004588       0x40 Middlewares/Third_Party/FatFs/src/diskio.o
                0x0000000008004588                disk_write
 .text.disk_ioctl
                0x00000000080045c8       0x3c Middlewares/Third_Party/FatFs/src/diskio.o
                0x00000000080045c8                disk_ioctl
 .text.ld_word  0x0000000008004604       0x2e Middlewares/Third_Party/FatFs/src/ff.o
 .text.ld_dword
                0x0000000008004632       0x44 Middlewares/Third_Party/FatFs/src/ff.o
 .text.st_word  0x0000000008004676       0x34 Middlewares/Third_Party/FatFs/src/ff.o
 .text.st_dword
                0x00000000080046aa       0x56 Middlewares/Third_Party/FatFs/src/ff.o
 .text.mem_cpy  0x0000000008004700       0x40 Middlewares/Third_Party/FatFs/src/ff.o
 .text.mem_set  0x0000000008004740       0x32 Middlewares/Third_Party/FatFs/src/ff.o
 .text.mem_cmp  0x0000000008004772       0x4c Middlewares/Third_Party/FatFs/src/ff.o
 .text.chk_chr  0x00000000080047be       0x34 Middlewares/Third_Party/FatFs/src/ff.o
 *fill*         0x00000000080047f2        0x2 
 .text.chk_lock
                0x00000000080047f4       0xb4 Middlewares/Third_Party/FatFs/src/ff.o
 .text.enq_lock
                0x00000000080048a8       0x40 Middlewares/Third_Party/FatFs/src/ff.o
 .text.inc_lock
                0x00000000080048e8      0x11c Middlewares/Third_Party/FatFs/src/ff.o
 .text.dec_lock
                0x0000000008004a04       0x74 Middlewares/Third_Party/FatFs/src/ff.o
 .text.clear_lock
                0x0000000008004a78       0x44 Middlewares/Third_Party/FatFs/src/ff.o
 .text.sync_window
                0x0000000008004abc       0x88 Middlewares/Third_Party/FatFs/src/ff.o
 .text.move_window
                0x0000000008004b44       0x5a Middlewares/Third_Party/FatFs/src/ff.o
 *fill*         0x0000000008004b9e        0x2 
 .text.sync_fs  0x0000000008004ba0       0xe0 Middlewares/Third_Party/FatFs/src/ff.o
 .text.clust2sect
                0x0000000008004c80       0x3c Middlewares/Third_Party/FatFs/src/ff.o
 .text.get_fat  0x0000000008004cbc      0x1a0 Middlewares/Third_Party/FatFs/src/ff.o
 .text.put_fat  0x0000000008004e5c      0x22e Middlewares/Third_Party/FatFs/src/ff.o
 .text.remove_chain
                0x000000000800508a       0xca Middlewares/Third_Party/FatFs/src/ff.o
 .text.create_chain
                0x0000000008005154      0x130 Middlewares/Third_Party/FatFs/src/ff.o
 .text.clmt_clust
                0x0000000008005284       0x6e Middlewares/Third_Party/FatFs/src/ff.o
 .text.dir_sdi  0x00000000080052f2      0x112 Middlewares/Third_Party/FatFs/src/ff.o
 .text.dir_next
                0x0000000008005404      0x1ac Middlewares/Third_Party/FatFs/src/ff.o
 .text.dir_alloc
                0x00000000080055b0       0x8e Middlewares/Third_Party/FatFs/src/ff.o
 .text.ld_clust
                0x000000000800563e       0x3e Middlewares/Third_Party/FatFs/src/ff.o
 .text.st_clust
                0x000000000800567c       0x40 Middlewares/Third_Party/FatFs/src/ff.o
 .text.dir_find
                0x00000000080056bc       0xaa Middlewares/Third_Party/FatFs/src/ff.o
 .text.dir_register
                0x0000000008005766       0x64 Middlewares/Third_Party/FatFs/src/ff.o
 *fill*         0x00000000080057ca        0x2 
 .text.create_name
                0x00000000080057cc      0x128 Middlewares/Third_Party/FatFs/src/ff.o
 .text.follow_path
                0x00000000080058f4       0xec Middlewares/Third_Party/FatFs/src/ff.o
 .text.get_ldnumber
                0x00000000080059e0       0x86 Middlewares/Third_Party/FatFs/src/ff.o
 *fill*         0x0000000008005a66        0x2 
 .text.check_fs
                0x0000000008005a68       0xac Middlewares/Third_Party/FatFs/src/ff.o
 .text.find_volume
                0x0000000008005b14      0x508 Middlewares/Third_Party/FatFs/src/ff.o
 .text.validate
                0x000000000800601c       0x6a Middlewares/Third_Party/FatFs/src/ff.o
 *fill*         0x0000000008006086        0x2 
 .text.f_mount  0x0000000008006088       0x8c Middlewares/Third_Party/FatFs/src/ff.o
                0x0000000008006088                f_mount
 .text.f_open   0x0000000008006114      0x39c Middlewares/Third_Party/FatFs/src/ff.o
                0x0000000008006114                f_open
 .text.f_write  0x00000000080064b0      0x328 Middlewares/Third_Party/FatFs/src/ff.o
                0x00000000080064b0                f_write
 .text.f_sync   0x00000000080067d8      0x100 Middlewares/Third_Party/FatFs/src/ff.o
                0x00000000080067d8                f_sync
 .text.f_close  0x00000000080068d8       0x54 Middlewares/Third_Party/FatFs/src/ff.o
                0x00000000080068d8                f_close
 .text.FATFS_LinkDriverEx
                0x000000000800692c       0x94 Middlewares/Third_Party/FatFs/src/ff_gen_drv.o
                0x000000000800692c                FATFS_LinkDriverEx
 .text.FATFS_LinkDriver
                0x00000000080069c0       0x1e Middlewares/Third_Party/FatFs/src/ff_gen_drv.o
                0x00000000080069c0                FATFS_LinkDriver
 *fill*         0x00000000080069de        0x2 
 .text.__libc_init_array
                0x00000000080069e0       0x48 c:/st/stm32cubeide_1.0.0/stm32cubeide/plugins/com.st.stm32cube.ide.mcu.externaltools.gnu-tools-for-stm32.7-2018-q2-update.win32_1.0.0.201904181610/tools/bin/../lib/gcc/arm-none-eabi/7.3.1/../../../../arm-none-eabi/lib/thumb/v7-m\libc_nano.a(lib_a-init.o)
                0x00000000080069e0                __libc_init_array
 .text.memcpy   0x0000000008006a28       0x16 c:/st/stm32cubeide_1.0.0/stm32cubeide/plugins/com.st.stm32cube.ide.mcu.externaltools.gnu-tools-for-stm32.7-2018-q2-update.win32_1.0.0.201904181610/tools/bin/../lib/gcc/arm-none-eabi/7.3.1/../../../../arm-none-eabi/lib/thumb/v7-m\libc_nano.a(lib_a-memcpy-stub.o)
                0x0000000008006a28                memcpy
 .text.memset   0x0000000008006a3e       0x10 c:/st/stm32cubeide_1.0.0/stm32cubeide/plugins/com.st.stm32cube.ide.mcu.externaltools.gnu-tools-for-stm32.7-2018-q2-update.win32_1.0.0.201904181610/tools/bin/../lib/gcc/arm-none-eabi/7.3.1/../../../../arm-none-eabi/lib/thumb/v7-m\libc_nano.a(lib_a-memset.o)
                0x0000000008006a3e                memset
 *(.glue_7)
 .glue_7        0x0000000008006a4e        0x0 linker stubs
 *(.glue_7t)
 .glue_7t       0x0000000008006a4e        0x0 linker stubs
 *(.eh_frame)
 *fill*         0x0000000008006a4e        0x2 
 .eh_frame      0x0000000008006a50        0x0 c:/st/stm32cubeide_1.0.0/stm32cubeide/plugins/com.st.stm32cube.ide.mcu.externaltools.gnu-tools-for-stm32.7-2018-q2-update.win32_1.0.0.201904181610/tools/bin/../lib/gcc/arm-none-eabi/7.3.1/thumb/v7-m/crtbegin.o
 *(.init)
 .init          0x0000000008006a50        0x4 c:/st/stm32cubeide_1.0.0/stm32cubeide/plugins/com.st.stm32cube.ide.mcu.externaltools.gnu-tools-for-stm32.7-2018-q2-update.win32_1.0.0.201904181610/tools/bin/../lib/gcc/arm-none-eabi/7.3.1/thumb/v7-m/crti.o
                0x0000000008006a50                _init
 .init          0x0000000008006a54        0x8 c:/st/stm32cubeide_1.0.0/stm32cubeide/plugins/com.st.stm32cube.ide.mcu.externaltools.gnu-tools-for-stm32.7-2018-q2-update.win32_1.0.0.201904181610/tools/bin/../lib/gcc/arm-none-eabi/7.3.1/thumb/v7-m/crtn.o
 *(.fini)
 .fini          0x0000000008006a5c        0x4 c:/st/stm32cubeide_1.0.0/stm32cubeide/plugins/com.st.stm32cube.ide.mcu.externaltools.gnu-tools-for-stm32.7-2018-q2-update.win32_1.0.0.201904181610/tools/bin/../lib/gcc/arm-none-eabi/7.3.1/thumb/v7-m/crti.o
                0x0000000008006a5c                _fini
 .fini          0x0000000008006a60        0x8 c:/st/stm32cubeide_1.0.0/stm32cubeide/plugins/com.st.stm32cube.ide.mcu.externaltools.gnu-tools-for-stm32.7-2018-q2-update.win32_1.0.0.201904181610/tools/bin/../lib/gcc/arm-none-eabi/7.3.1/thumb/v7-m/crtn.o
                0x0000000008006a68                . = ALIGN (0x4)
                0x0000000008006a68                _etext = .

.vfp11_veneer   0x0000000008006a68        0x0
 .vfp11_veneer  0x0000000008006a68        0x0 linker stubs

.v4_bx          0x0000000008006a68        0x0
 .v4_bx         0x0000000008006a68        0x0 linker stubs

.iplt           0x0000000008006a68        0x0
 .iplt          0x0000000008006a68        0x0 c:/st/stm32cubeide_1.0.0/stm32cubeide/plugins/com.st.stm32cube.ide.mcu.externaltools.gnu-tools-for-stm32.7-2018-q2-update.win32_1.0.0.201904181610/tools/bin/../lib/gcc/arm-none-eabi/7.3.1/thumb/v7-m/crtbegin.o

.rodata         0x0000000008006a68      0x100
                0x0000000008006a68                . = ALIGN (0x4)
 *(.rodata)
 .rodata        0x0000000008006a68        0xa Core/Src/main.o
 *fill*         0x0000000008006a72        0x2 
 .rodata        0x0000000008006a74       0x44 Middlewares/Third_Party/FatFs/src/ff.o
 *(.rodata*)
 .rodata.PLLMulTable
                0x0000000008006ab8        0x9 Core/Src/system_stm32l1xx.o
                0x0000000008006ab8                PLLMulTable
 *fill*         0x0000000008006ac1        0x3 
 .rodata.AHBPrescTable
                0x0000000008006ac4       0x10 Core/Src/system_stm32l1xx.o
                0x0000000008006ac4                AHBPrescTable
 .rodata.SD_Driver
                0x0000000008006ad4       0x14 FATFS/Target/sd_diskio.o
                0x0000000008006ad4                SD_Driver
 .rodata.ExCvt  0x0000000008006ae8       0x80 Middlewares/Third_Party/FatFs/src/ff.o
                0x0000000008006b68                . = ALIGN (0x4)

.rel.dyn        0x0000000008006b68        0x0
 .rel.iplt      0x0000000008006b68        0x0 c:/st/stm32cubeide_1.0.0/stm32cubeide/plugins/com.st.stm32cube.ide.mcu.externaltools.gnu-tools-for-stm32.7-2018-q2-update.win32_1.0.0.201904181610/tools/bin/../lib/gcc/arm-none-eabi/7.3.1/thumb/v7-m/crtbegin.o

.ARM.extab      0x0000000008006b68        0x0
                0x0000000008006b68                . = ALIGN (0x4)
 *(.ARM.extab* .gnu.linkonce.armextab.*)
                0x0000000008006b68                . = ALIGN (0x4)

.ARM            0x0000000008006b68        0x0
                0x0000000008006b68                . = ALIGN (0x4)
                0x0000000008006b68                __exidx_start = .
 *(.ARM.exidx*)
                0x0000000008006b68                __exidx_end = .
                0x0000000008006b68                . = ALIGN (0x4)

.preinit_array  0x0000000008006b68        0x0
                0x0000000008006b68                . = ALIGN (0x4)
                0x0000000008006b68                PROVIDE (__preinit_array_start = .)
 *(.preinit_array*)
                0x0000000008006b68                PROVIDE (__preinit_array_end = .)
                0x0000000008006b68                . = ALIGN (0x4)

.init_array     0x0000000008006b68        0x4
                0x0000000008006b68                . = ALIGN (0x4)
                0x0000000008006b68                PROVIDE (__init_array_start = .)
 *(SORT_BY_NAME(.init_array.*))
 *(.init_array*)
 .init_array    0x0000000008006b68        0x4 c:/st/stm32cubeide_1.0.0/stm32cubeide/plugins/com.st.stm32cube.ide.mcu.externaltools.gnu-tools-for-stm32.7-2018-q2-update.win32_1.0.0.201904181610/tools/bin/../lib/gcc/arm-none-eabi/7.3.1/thumb/v7-m/crtbegin.o
                0x0000000008006b6c                PROVIDE (__init_array_end = .)
                0x0000000008006b6c                . = ALIGN (0x4)

.fini_array     0x0000000008006b6c        0x4
                0x0000000008006b6c                . = ALIGN (0x4)
                [!provide]                        PROVIDE (__fini_array_start = .)
 *(SORT_BY_NAME(.fini_array.*))
 *(.fini_array*)
 .fini_array    0x0000000008006b6c        0x4 c:/st/stm32cubeide_1.0.0/stm32cubeide/plugins/com.st.stm32cube.ide.mcu.externaltools.gnu-tools-for-stm32.7-2018-q2-update.win32_1.0.0.201904181610/tools/bin/../lib/gcc/arm-none-eabi/7.3.1/thumb/v7-m/crtbegin.o
                [!provide]                        PROVIDE (__fini_array_end = .)
                0x0000000008006b70                . = ALIGN (0x4)
                0x0000000008006b70                _sidata = LOADADDR (.data)

.data           0x0000000020000000       0xa0 load address 0x0000000008006b70
                0x0000000020000000                . = ALIGN (0x4)
                0x0000000020000000                _sdata = .
 *(.data)
 *(.data*)
 .data.wtext    0x0000000020000000       0x8e Core/Src/main.o
                0x0000000020000000                wtext
 *fill*         0x000000002000008e        0x2 
 .data.SystemCoreClock
                0x0000000020000090        0x4 Core/Src/system_stm32l1xx.o
                0x0000000020000090                SystemCoreClock
 .data.uwTickPrio
                0x0000000020000094        0x4 Drivers/STM32L1xx_HAL_Driver/Src/stm32l1xx_hal.o
                0x0000000020000094                uwTickPrio
 .data.uwTickFreq
                0x0000000020000098        0x4 Drivers/STM32L1xx_HAL_Driver/Src/stm32l1xx_hal.o
                0x0000000020000098                uwTickFreq
 .data.Stat     0x000000002000009c        0x1 FATFS/Target/sd_diskio.o
                0x00000000200000a0                . = ALIGN (0x4)
 *fill*         0x000000002000009d        0x3 
                0x00000000200000a0                _edata = .

.igot.plt       0x00000000200000a0        0x0 load address 0x0000000008006c10
 .igot.plt      0x00000000200000a0        0x0 c:/st/stm32cubeide_1.0.0/stm32cubeide/plugins/com.st.stm32cube.ide.mcu.externaltools.gnu-tools-for-stm32.7-2018-q2-update.win32_1.0.0.201904181610/tools/bin/../lib/gcc/arm-none-eabi/7.3.1/thumb/v7-m/crtbegin.o
                0x00000000200000a0                . = ALIGN (0x4)

.bss            0x00000000200000a0      0xc20 load address 0x0000000008006c10
                0x00000000200000a0                _sbss = .
                0x00000000200000a0                __bss_start__ = _sbss
 *(.bss)
 .bss           0x00000000200000a0       0x1c c:/st/stm32cubeide_1.0.0/stm32cubeide/plugins/com.st.stm32cube.ide.mcu.externaltools.gnu-tools-for-stm32.7-2018-q2-update.win32_1.0.0.201904181610/tools/bin/../lib/gcc/arm-none-eabi/7.3.1/thumb/v7-m/crtbegin.o
 *(.bss*)
 .bss.hdma_rx.6021
                0x00000000200000bc       0x44 FATFS/Target/bsp_driver_sd.o
 .bss.hdma_tx.6026
                0x0000000020000100       0x44 FATFS/Target/bsp_driver_sd.o
 .bss.scratch   0x0000000020000144      0x200 FATFS/Target/sd_diskio.o
 .bss.WriteStatus
                0x0000000020000344        0x4 FATFS/Target/sd_diskio.o
 .bss.ReadStatus
                0x0000000020000348        0x4 FATFS/Target/sd_diskio.o
 .bss.FatFs     0x000000002000034c        0x4 Middlewares/Third_Party/FatFs/src/ff.o
 .bss.Fsid      0x0000000020000350        0x2 Middlewares/Third_Party/FatFs/src/ff.o
 *fill*         0x0000000020000352        0x2 
 .bss.Files     0x0000000020000354       0x20 Middlewares/Third_Party/FatFs/src/ff.o
 .bss.disk      0x0000000020000374        0xc Middlewares/Third_Party/FatFs/src/ff_gen_drv.o
                0x0000000020000374                disk
 *(COMMON)
 COMMON         0x0000000020000380      0x938 Core/Src/main.o
                0x0000000020000380                byteswritten
                0x0000000020000384                hdma_sd_mmc
                0x00000000200003c8                SDPath
                0x00000000200003cc                hsd
                0x0000000020000450                SDFile
                0x0000000020000880                res
                0x0000000020000884                SDFatFS
 COMMON         0x0000000020000cb8        0x4 Drivers/STM32L1xx_HAL_Driver/Src/stm32l1xx_hal.o
                0x0000000020000cb8                uwTick
 COMMON         0x0000000020000cbc        0x1 FATFS/App/fatfs.o
                0x0000000020000cbc                retSD
                0x0000000020000cc0                . = ALIGN (0x4)
 *fill*         0x0000000020000cbd        0x3 
                0x0000000020000cc0                _ebss = .
                0x0000000020000cc0                __bss_end__ = _ebss

._user_heap_stack
                0x0000000020000cc0     0x6000 load address 0x0000000008006c10
                0x0000000020000cc0                . = ALIGN (0x8)
                0x0000000020000cc0                PROVIDE (end = .)
                [!provide]                        PROVIDE (_end = .)
                0x0000000020002cc0                . = (. + _Min_Heap_Size)
 *fill*         0x0000000020000cc0     0x2000 
                0x0000000020006cc0                . = (. + _Min_Stack_Size)
 *fill*         0x0000000020002cc0     0x4000 
                0x0000000020006cc0                . = ALIGN (0x8)

/DISCARD/
 libc.a(*)
 libm.a(*)
 libgcc.a(*)

.ARM.attributes
                0x0000000000000000       0x29
 *(.ARM.attributes)
 .ARM.attributes
                0x0000000000000000       0x1d c:/st/stm32cubeide_1.0.0/stm32cubeide/plugins/com.st.stm32cube.ide.mcu.externaltools.gnu-tools-for-stm32.7-2018-q2-update.win32_1.0.0.201904181610/tools/bin/../lib/gcc/arm-none-eabi/7.3.1/thumb/v7-m/crti.o
 .ARM.attributes
                0x000000000000001d       0x2d c:/st/stm32cubeide_1.0.0/stm32cubeide/plugins/com.st.stm32cube.ide.mcu.externaltools.gnu-tools-for-stm32.7-2018-q2-update.win32_1.0.0.201904181610/tools/bin/../lib/gcc/arm-none-eabi/7.3.1/thumb/v7-m/crtbegin.o
 .ARM.attributes
                0x000000000000004a       0x33 Core/Src/main.o
 .ARM.attributes
                0x000000000000007d       0x33 Core/Src/stm32l1xx_hal_msp.o
 .ARM.attributes
                0x00000000000000b0       0x33 Core/Src/stm32l1xx_it.o
 .ARM.attributes
                0x00000000000000e3       0x33 Core/Src/system_stm32l1xx.o
 .ARM.attributes
                0x0000000000000116       0x21 Core/Startup/startup_stm32l162rdtx.o
 .ARM.attributes
                0x0000000000000137       0x33 Drivers/STM32L1xx_HAL_Driver/Src/stm32l1xx_hal.o
 .ARM.attributes
                0x000000000000016a       0x33 Drivers/STM32L1xx_HAL_Driver/Src/stm32l1xx_hal_cortex.o
 .ARM.attributes
                0x000000000000019d       0x33 Drivers/STM32L1xx_HAL_Driver/Src/stm32l1xx_hal_dma.o
 .ARM.attributes
                0x00000000000001d0       0x33 Drivers/STM32L1xx_HAL_Driver/Src/stm32l1xx_hal_gpio.o
 .ARM.attributes
                0x0000000000000203       0x33 Drivers/STM32L1xx_HAL_Driver/Src/stm32l1xx_hal_rcc.o
 .ARM.attributes
                0x0000000000000236       0x33 Drivers/STM32L1xx_HAL_Driver/Src/stm32l1xx_hal_sd.o
 .ARM.attributes
                0x0000000000000269       0x33 Drivers/STM32L1xx_HAL_Driver/Src/stm32l1xx_ll_sdmmc.o
 .ARM.attributes
                0x000000000000029c       0x33 FATFS/App/fatfs.o
 .ARM.attributes
                0x00000000000002cf       0x33 FATFS/Target/bsp_driver_sd.o
 .ARM.attributes
                0x0000000000000302       0x33 FATFS/Target/sd_diskio.o
 .ARM.attributes
                0x0000000000000335       0x33 Middlewares/Third_Party/FatFs/src/diskio.o
 .ARM.attributes
                0x0000000000000368       0x33 Middlewares/Third_Party/FatFs/src/ff.o
 .ARM.attributes
                0x000000000000039b       0x33 Middlewares/Third_Party/FatFs/src/ff_gen_drv.o
 .ARM.attributes
                0x00000000000003ce       0x2d c:/st/stm32cubeide_1.0.0/stm32cubeide/plugins/com.st.stm32cube.ide.mcu.externaltools.gnu-tools-for-stm32.7-2018-q2-update.win32_1.0.0.201904181610/tools/bin/../lib/gcc/arm-none-eabi/7.3.1/../../../../arm-none-eabi/lib/thumb/v7-m\libc_nano.a(lib_a-init.o)
 .ARM.attributes
                0x00000000000003fb       0x2d c:/st/stm32cubeide_1.0.0/stm32cubeide/plugins/com.st.stm32cube.ide.mcu.externaltools.gnu-tools-for-stm32.7-2018-q2-update.win32_1.0.0.201904181610/tools/bin/../lib/gcc/arm-none-eabi/7.3.1/../../../../arm-none-eabi/lib/thumb/v7-m\libc_nano.a(lib_a-memcpy-stub.o)
 .ARM.attributes
                0x0000000000000428       0x2d c:/st/stm32cubeide_1.0.0/stm32cubeide/plugins/com.st.stm32cube.ide.mcu.externaltools.gnu-tools-for-stm32.7-2018-q2-update.win32_1.0.0.201904181610/tools/bin/../lib/gcc/arm-none-eabi/7.3.1/../../../../arm-none-eabi/lib/thumb/v7-m\libc_nano.a(lib_a-memset.o)
 .ARM.attributes
                0x0000000000000455       0x1d c:/st/stm32cubeide_1.0.0/stm32cubeide/plugins/com.st.stm32cube.ide.mcu.externaltools.gnu-tools-for-stm32.7-2018-q2-update.win32_1.0.0.201904181610/tools/bin/../lib/gcc/arm-none-eabi/7.3.1/thumb/v7-m/crtn.o
OUTPUT(STM32L162-SDIO-DMA.elf elf32-littlearm)

.debug_info     0x0000000000000000     0xf202
 .debug_info    0x0000000000000000     0x19c5 Core/Src/main.o
 .debug_info    0x00000000000019c5      0xb6b Core/Src/stm32l1xx_hal_msp.o
 .debug_info    0x0000000000002530      0x785 Core/Src/stm32l1xx_it.o
 .debug_info    0x0000000000002cb5      0x473 Core/Src/system_stm32l1xx.o
 .debug_info    0x0000000000003128       0x22 Core/Startup/startup_stm32l162rdtx.o
 .debug_info    0x000000000000314a      0x72e Drivers/STM32L1xx_HAL_Driver/Src/stm32l1xx_hal.o
 .debug_info    0x0000000000003878      0xd90 Drivers/STM32L1xx_HAL_Driver/Src/stm32l1xx_hal_cortex.o
 .debug_info    0x0000000000004608      0x799 Drivers/STM32L1xx_HAL_Driver/Src/stm32l1xx_hal_dma.o
 .debug_info    0x0000000000004da1      0x69d Drivers/STM32L1xx_HAL_Driver/Src/stm32l1xx_hal_gpio.o
 .debug_info    0x000000000000543e      0x92c Drivers/STM32L1xx_HAL_Driver/Src/stm32l1xx_hal_rcc.o
 .debug_info    0x0000000000005d6a     0x1868 Drivers/STM32L1xx_HAL_Driver/Src/stm32l1xx_hal_sd.o
 .debug_info    0x00000000000075d2     0x10e0 Drivers/STM32L1xx_HAL_Driver/Src/stm32l1xx_ll_sdmmc.o
 .debug_info    0x00000000000086b2      0xd6f FATFS/App/fatfs.o
 .debug_info    0x0000000000009421      0xc49 FATFS/Target/bsp_driver_sd.o
 .debug_info    0x000000000000a06a      0xe13 FATFS/Target/sd_diskio.o
 .debug_info    0x000000000000ae7d      0xcce Middlewares/Third_Party/FatFs/src/diskio.o
 .debug_info    0x000000000000bb4b     0x2a51 Middlewares/Third_Party/FatFs/src/ff.o
 .debug_info    0x000000000000e59c      0xc66 Middlewares/Third_Party/FatFs/src/ff_gen_drv.o

.debug_abbrev   0x0000000000000000     0x2368
 .debug_abbrev  0x0000000000000000      0x282 Core/Src/main.o
 .debug_abbrev  0x0000000000000282      0x195 Core/Src/stm32l1xx_hal_msp.o
 .debug_abbrev  0x0000000000000417      0x169 Core/Src/stm32l1xx_it.o
 .debug_abbrev  0x0000000000000580      0x111 Core/Src/system_stm32l1xx.o
 .debug_abbrev  0x0000000000000691       0x12 Core/Startup/startup_stm32l162rdtx.o
 .debug_abbrev  0x00000000000006a3      0x1f0 Drivers/STM32L1xx_HAL_Driver/Src/stm32l1xx_hal.o
 .debug_abbrev  0x0000000000000893      0x2fa Drivers/STM32L1xx_HAL_Driver/Src/stm32l1xx_hal_cortex.o
 .debug_abbrev  0x0000000000000b8d      0x1f5 Drivers/STM32L1xx_HAL_Driver/Src/stm32l1xx_hal_dma.o
 .debug_abbrev  0x0000000000000d82      0x1c9 Drivers/STM32L1xx_HAL_Driver/Src/stm32l1xx_hal_gpio.o
 .debug_abbrev  0x0000000000000f4b      0x254 Drivers/STM32L1xx_HAL_Driver/Src/stm32l1xx_hal_rcc.o
 .debug_abbrev  0x000000000000119f      0x23d Drivers/STM32L1xx_HAL_Driver/Src/stm32l1xx_hal_sd.o
 .debug_abbrev  0x00000000000013dc      0x1c4 Drivers/STM32L1xx_HAL_Driver/Src/stm32l1xx_ll_sdmmc.o
 .debug_abbrev  0x00000000000015a0      0x1c5 FATFS/App/fatfs.o
 .debug_abbrev  0x0000000000001765      0x277 FATFS/Target/bsp_driver_sd.o
 .debug_abbrev  0x00000000000019dc      0x2a8 FATFS/Target/sd_diskio.o
 .debug_abbrev  0x0000000000001c84      0x209 Middlewares/Third_Party/FatFs/src/diskio.o
 .debug_abbrev  0x0000000000001e8d      0x2a5 Middlewares/Third_Party/FatFs/src/ff.o
 .debug_abbrev  0x0000000000002132      0x236 Middlewares/Third_Party/FatFs/src/ff_gen_drv.o

.debug_aranges  0x0000000000000000      0xb40
 .debug_aranges
                0x0000000000000000       0x48 Core/Src/main.o
 .debug_aranges
                0x0000000000000048       0x30 Core/Src/stm32l1xx_hal_msp.o
 .debug_aranges
                0x0000000000000078       0x70 Core/Src/stm32l1xx_it.o
 .debug_aranges
                0x00000000000000e8       0x28 Core/Src/system_stm32l1xx.o
 .debug_aranges
                0x0000000000000110       0x28 Core/Startup/startup_stm32l162rdtx.o
 .debug_aranges
                0x0000000000000138       0xe0 Drivers/STM32L1xx_HAL_Driver/Src/stm32l1xx_hal.o
 .debug_aranges
                0x0000000000000218      0x118 Drivers/STM32L1xx_HAL_Driver/Src/stm32l1xx_hal_cortex.o
 .debug_aranges
                0x0000000000000330       0x80 Drivers/STM32L1xx_HAL_Driver/Src/stm32l1xx_hal_dma.o
 .debug_aranges
                0x00000000000003b0       0x58 Drivers/STM32L1xx_HAL_Driver/Src/stm32l1xx_hal_gpio.o
 .debug_aranges
                0x0000000000000408       0x90 Drivers/STM32L1xx_HAL_Driver/Src/stm32l1xx_hal_rcc.o
 .debug_aranges
                0x0000000000000498      0x168 Drivers/STM32L1xx_HAL_Driver/Src/stm32l1xx_hal_sd.o
 .debug_aranges
                0x0000000000000600      0x178 Drivers/STM32L1xx_HAL_Driver/Src/stm32l1xx_ll_sdmmc.o
 .debug_aranges
                0x0000000000000778       0x20 FATFS/App/fatfs.o
 .debug_aranges
                0x0000000000000798       0xb8 FATFS/Target/bsp_driver_sd.o
 .debug_aranges
                0x0000000000000850       0x60 FATFS/Target/sd_diskio.o
 .debug_aranges
                0x00000000000008b0       0x48 Middlewares/Third_Party/FatFs/src/diskio.o
 .debug_aranges
                0x00000000000008f8      0x208 Middlewares/Third_Party/FatFs/src/ff.o
 .debug_aranges
                0x0000000000000b00       0x40 Middlewares/Third_Party/FatFs/src/ff_gen_drv.o

.debug_ranges   0x0000000000000000      0xa28
 .debug_ranges  0x0000000000000000       0x38 Core/Src/main.o
 .debug_ranges  0x0000000000000038       0x20 Core/Src/stm32l1xx_hal_msp.o
 .debug_ranges  0x0000000000000058       0x60 Core/Src/stm32l1xx_it.o
 .debug_ranges  0x00000000000000b8       0x18 Core/Src/system_stm32l1xx.o
 .debug_ranges  0x00000000000000d0       0x20 Core/Startup/startup_stm32l162rdtx.o
 .debug_ranges  0x00000000000000f0       0xd0 Drivers/STM32L1xx_HAL_Driver/Src/stm32l1xx_hal.o
 .debug_ranges  0x00000000000001c0      0x108 Drivers/STM32L1xx_HAL_Driver/Src/stm32l1xx_hal_cortex.o
 .debug_ranges  0x00000000000002c8       0x70 Drivers/STM32L1xx_HAL_Driver/Src/stm32l1xx_hal_dma.o
 .debug_ranges  0x0000000000000338       0x48 Drivers/STM32L1xx_HAL_Driver/Src/stm32l1xx_hal_gpio.o
 .debug_ranges  0x0000000000000380       0x80 Drivers/STM32L1xx_HAL_Driver/Src/stm32l1xx_hal_rcc.o
 .debug_ranges  0x0000000000000400      0x158 Drivers/STM32L1xx_HAL_Driver/Src/stm32l1xx_hal_sd.o
 .debug_ranges  0x0000000000000558      0x168 Drivers/STM32L1xx_HAL_Driver/Src/stm32l1xx_ll_sdmmc.o
 .debug_ranges  0x00000000000006c0       0x10 FATFS/App/fatfs.o
 .debug_ranges  0x00000000000006d0       0xa8 FATFS/Target/bsp_driver_sd.o
 .debug_ranges  0x0000000000000778       0x50 FATFS/Target/sd_diskio.o
 .debug_ranges  0x00000000000007c8       0x38 Middlewares/Third_Party/FatFs/src/diskio.o
 .debug_ranges  0x0000000000000800      0x1f8 Middlewares/Third_Party/FatFs/src/ff.o
 .debug_ranges  0x00000000000009f8       0x30 Middlewares/Third_Party/FatFs/src/ff_gen_drv.o

.debug_macro    0x0000000000000000    0x188c1
 .debug_macro   0x0000000000000000      0x2d0 Core/Src/main.o
 .debug_macro   0x00000000000002d0      0xa5a Core/Src/main.o
 .debug_macro   0x0000000000000d2a      0x106 Core/Src/main.o
 .debug_macro   0x0000000000000e30       0x2e Core/Src/main.o
 .debug_macro   0x0000000000000e5e       0x22 Core/Src/main.o
 .debug_macro   0x0000000000000e80       0x22 Core/Src/main.o
 .debug_macro   0x0000000000000ea2       0x8e Core/Src/main.o
 .debug_macro   0x0000000000000f30       0x51 Core/Src/main.o
 .debug_macro   0x0000000000000f81       0xef Core/Src/main.o
 .debug_macro   0x0000000000001070       0x6a Core/Src/main.o
 .debug_macro   0x00000000000010da      0x1df Core/Src/main.o
 .debug_macro   0x00000000000012b9       0x1c Core/Src/main.o
 .debug_macro   0x00000000000012d5       0x22 Core/Src/main.o
 .debug_macro   0x00000000000012f7       0xc3 Core/Src/main.o
 .debug_macro   0x00000000000013ba      0xe49 Core/Src/main.o
 .debug_macro   0x0000000000002203      0x11f Core/Src/main.o
 .debug_macro   0x0000000000002322     0xcf2c Core/Src/main.o
 .debug_macro   0x000000000000f24e       0x43 Core/Src/main.o
 .debug_macro   0x000000000000f291     0x3468 Core/Src/main.o
 .debug_macro   0x00000000000126f9      0x174 Core/Src/main.o
 .debug_macro   0x000000000001286d       0x5b Core/Src/main.o
 .debug_macro   0x00000000000128c8      0xe38 Core/Src/main.o
 .debug_macro   0x0000000000013700      0x42d Core/Src/main.o
 .debug_macro   0x0000000000013b2d      0x13b Core/Src/main.o
 .debug_macro   0x0000000000013c68       0xd1 Core/Src/main.o
 .debug_macro   0x0000000000013d39      0x21e Core/Src/main.o
 .debug_macro   0x0000000000013f57      0x236 Core/Src/main.o
 .debug_macro   0x000000000001418d      0x10e Core/Src/main.o
 .debug_macro   0x000000000001429b      0x480 Core/Src/main.o
 .debug_macro   0x000000000001471b      0x1e9 Core/Src/main.o
 .debug_macro   0x0000000000014904       0x22 Core/Src/main.o
 .debug_macro   0x0000000000014926      0x861 Core/Src/main.o
 .debug_macro   0x0000000000015187      0x1d5 Core/Src/main.o
 .debug_macro   0x000000000001535c      0x49f Core/Src/main.o
 .debug_macro   0x00000000000157fb       0x1c Core/Src/main.o
 .debug_macro   0x0000000000015817       0x40 Core/Src/main.o
 .debug_macro   0x0000000000015857       0xe5 Core/Src/main.o
 .debug_macro   0x000000000001593c       0x18 Core/Src/main.o
 .debug_macro   0x0000000000015954       0x46 Core/Src/main.o
 .debug_macro   0x000000000001599a       0x3c Core/Src/main.o
 .debug_macro   0x00000000000159d6       0x34 Core/Src/main.o
 .debug_macro   0x0000000000015a0a       0x16 Core/Src/main.o
 .debug_macro   0x0000000000015a20       0x35 Core/Src/main.o
 .debug_macro   0x0000000000015a55       0x52 Core/Src/main.o
 .debug_macro   0x0000000000015aa7       0x1f Core/Src/main.o
 .debug_macro   0x0000000000015ac6       0x43 Core/Src/main.o
 .debug_macro   0x0000000000015b09       0x20 Core/Src/main.o
 .debug_macro   0x0000000000015b29      0x1a3 Core/Src/main.o
 .debug_macro   0x0000000000015ccc      0x32a Core/Src/main.o
 .debug_macro   0x0000000000015ff6       0x16 Core/Src/main.o
 .debug_macro   0x000000000001600c       0x29 Core/Src/main.o
 .debug_macro   0x0000000000016035       0x12 Core/Src/main.o
 .debug_macro   0x0000000000016047       0xe2 Core/Src/main.o
 .debug_macro   0x0000000000016129       0x8e Core/Src/main.o
 .debug_macro   0x00000000000161b7      0x1af Core/Src/stm32l1xx_hal_msp.o
 .debug_macro   0x0000000000016366      0x1b9 Core/Src/stm32l1xx_it.o
 .debug_macro   0x000000000001651f      0x1a6 Core/Src/system_stm32l1xx.o
 .debug_macro   0x00000000000166c5      0x1c4 Drivers/STM32L1xx_HAL_Driver/Src/stm32l1xx_hal.o
 .debug_macro   0x0000000000016889      0x1a0 Drivers/STM32L1xx_HAL_Driver/Src/stm32l1xx_hal_cortex.o
 .debug_macro   0x0000000000016a29      0x1a0 Drivers/STM32L1xx_HAL_Driver/Src/stm32l1xx_hal_dma.o
 .debug_macro   0x0000000000016bc9      0x1d8 Drivers/STM32L1xx_HAL_Driver/Src/stm32l1xx_hal_gpio.o
 .debug_macro   0x0000000000016da1      0x1b2 Drivers/STM32L1xx_HAL_Driver/Src/stm32l1xx_hal_rcc.o
 .debug_macro   0x0000000000016f53      0x1a1 Drivers/STM32L1xx_HAL_Driver/Src/stm32l1xx_hal_sd.o
 .debug_macro   0x00000000000170f4      0x1a1 Drivers/STM32L1xx_HAL_Driver/Src/stm32l1xx_ll_sdmmc.o
 .debug_macro   0x0000000000017295      0x2d0 FATFS/App/fatfs.o
 .debug_macro   0x0000000000017565      0x1af FATFS/Target/bsp_driver_sd.o
 .debug_macro   0x0000000000017714       0x3a FATFS/Target/bsp_driver_sd.o
 .debug_macro   0x000000000001774e      0x309 FATFS/Target/sd_diskio.o
 .debug_macro   0x0000000000017a57       0x10 FATFS/Target/sd_diskio.o
 .debug_macro   0x0000000000017a67       0x20 FATFS/Target/sd_diskio.o
 .debug_macro   0x0000000000017a87       0x16 FATFS/Target/sd_diskio.o
 .debug_macro   0x0000000000017a9d       0x7c FATFS/Target/sd_diskio.o
 .debug_macro   0x0000000000017b19       0xbd FATFS/Target/sd_diskio.o
 .debug_macro   0x0000000000017bd6       0x55 FATFS/Target/sd_diskio.o
 .debug_macro   0x0000000000017c2b      0x2bd Middlewares/Third_Party/FatFs/src/diskio.o
 .debug_macro   0x0000000000017ee8      0x6c4 Middlewares/Third_Party/FatFs/src/ff.o
 .debug_macro   0x00000000000185ac       0x58 Middlewares/Third_Party/FatFs/src/ff.o
 .debug_macro   0x0000000000018604      0x2bd Middlewares/Third_Party/FatFs/src/ff_gen_drv.o

.debug_line     0x0000000000000000     0xac50
 .debug_line    0x0000000000000000      0x8f2 Core/Src/main.o
 .debug_line    0x00000000000008f2      0x6c1 Core/Src/stm32l1xx_hal_msp.o
 .debug_line    0x0000000000000fb3      0x752 Core/Src/stm32l1xx_it.o
 .debug_line    0x0000000000001705      0x69b Core/Src/system_stm32l1xx.o
 .debug_line    0x0000000000001da0       0x84 Core/Startup/startup_stm32l162rdtx.o
 .debug_line    0x0000000000001e24      0x850 Drivers/STM32L1xx_HAL_Driver/Src/stm32l1xx_hal.o
 .debug_line    0x0000000000002674      0x99b Drivers/STM32L1xx_HAL_Driver/Src/stm32l1xx_hal_cortex.o
 .debug_line    0x000000000000300f      0x883 Drivers/STM32L1xx_HAL_Driver/Src/stm32l1xx_hal_dma.o
 .debug_line    0x0000000000003892      0x82e Drivers/STM32L1xx_HAL_Driver/Src/stm32l1xx_hal_gpio.o
 .debug_line    0x00000000000040c0      0x979 Drivers/STM32L1xx_HAL_Driver/Src/stm32l1xx_hal_rcc.o
 .debug_line    0x0000000000004a39      0xf8d Drivers/STM32L1xx_HAL_Driver/Src/stm32l1xx_hal_sd.o
 .debug_line    0x00000000000059c6      0xb1f Drivers/STM32L1xx_HAL_Driver/Src/stm32l1xx_ll_sdmmc.o
 .debug_line    0x00000000000064e5      0x84c FATFS/App/fatfs.o
 .debug_line    0x0000000000006d31      0x816 FATFS/Target/bsp_driver_sd.o
 .debug_line    0x0000000000007547      0x9ca FATFS/Target/sd_diskio.o
 .debug_line    0x0000000000007f11      0x887 Middlewares/Third_Party/FatFs/src/diskio.o
 .debug_line    0x0000000000008798     0x1c31 Middlewares/Third_Party/FatFs/src/ff.o
 .debug_line    0x000000000000a3c9      0x887 Middlewares/Third_Party/FatFs/src/ff_gen_drv.o

.debug_str      0x0000000000000000    0x91d64
 .debug_str     0x0000000000000000    0x8ecf8 Core/Src/main.o
                                      0x8f0d4 (size before relaxing)
 .debug_str     0x000000000008ecf8       0x4c Core/Src/stm32l1xx_hal_msp.o
                                      0x8b553 (size before relaxing)
 .debug_str     0x000000000008ed44       0xe6 Core/Src/stm32l1xx_it.o
                                      0x8b16f (size before relaxing)
 .debug_str     0x000000000008ee2a       0xcb Core/Src/system_stm32l1xx.o
                                      0x8ad38 (size before relaxing)
 .debug_str     0x000000000008eef5       0x36 Core/Startup/startup_stm32l162rdtx.o
                                         0x7b (size before relaxing)
 .debug_str     0x000000000008ef2b      0x2e3 Drivers/STM32L1xx_HAL_Driver/Src/stm32l1xx_hal.o
                                      0x8b3bd (size before relaxing)
 .debug_str     0x000000000008f20e      0x3c1 Drivers/STM32L1xx_HAL_Driver/Src/stm32l1xx_hal_cortex.o
                                      0x8b4fc (size before relaxing)
 .debug_str     0x000000000008f5cf      0x257 Drivers/STM32L1xx_HAL_Driver/Src/stm32l1xx_hal_dma.o
                                      0x8b087 (size before relaxing)
 .debug_str     0x000000000008f826      0x20f Drivers/STM32L1xx_HAL_Driver/Src/stm32l1xx_hal_gpio.o
                                      0x8af5c (size before relaxing)
 .debug_str     0x000000000008fa35      0x296 Drivers/STM32L1xx_HAL_Driver/Src/stm32l1xx_hal_rcc.o
                                      0x8b134 (size before relaxing)
 .debug_str     0x000000000008fccb      0x73e Drivers/STM32L1xx_HAL_Driver/Src/stm32l1xx_hal_sd.o
                                      0x8b835 (size before relaxing)
 .debug_str     0x0000000000090409      0x441 Drivers/STM32L1xx_HAL_Driver/Src/stm32l1xx_ll_sdmmc.o
                                      0x8b222 (size before relaxing)
 .debug_str     0x000000000009084a       0x23 FATFS/App/fatfs.o
                                      0x8e54b (size before relaxing)
 .debug_str     0x000000000009086d      0x1b3 FATFS/Target/bsp_driver_sd.o
                                      0x8b710 (size before relaxing)
 .debug_str     0x0000000000090a20      0x17e FATFS/Target/sd_diskio.o
                                      0x8e638 (size before relaxing)
 .debug_str     0x0000000000090b9e       0x63 Middlewares/Third_Party/FatFs/src/diskio.o
                                      0x8e47d (size before relaxing)
 .debug_str     0x0000000000090c01     0x10c1 Middlewares/Third_Party/FatFs/src/ff.o
                                      0x8f6f1 (size before relaxing)
 .debug_str     0x0000000000091cc2       0xa2 Middlewares/Third_Party/FatFs/src/ff_gen_drv.o
                                      0x8e4ce (size before relaxing)

.comment        0x0000000000000000       0x7b
 .comment       0x0000000000000000       0x7b Core/Src/main.o
                                         0x7c (size before relaxing)
 .comment       0x000000000000007b       0x7c Core/Src/stm32l1xx_hal_msp.o
 .comment       0x000000000000007b       0x7c Core/Src/stm32l1xx_it.o
 .comment       0x000000000000007b       0x7c Core/Src/system_stm32l1xx.o
 .comment       0x000000000000007b       0x7c Drivers/STM32L1xx_HAL_Driver/Src/stm32l1xx_hal.o
 .comment       0x000000000000007b       0x7c Drivers/STM32L1xx_HAL_Driver/Src/stm32l1xx_hal_cortex.o
 .comment       0x000000000000007b       0x7c Drivers/STM32L1xx_HAL_Driver/Src/stm32l1xx_hal_dma.o
 .comment       0x000000000000007b       0x7c Drivers/STM32L1xx_HAL_Driver/Src/stm32l1xx_hal_gpio.o
 .comment       0x000000000000007b       0x7c Drivers/STM32L1xx_HAL_Driver/Src/stm32l1xx_hal_rcc.o
 .comment       0x000000000000007b       0x7c Drivers/STM32L1xx_HAL_Driver/Src/stm32l1xx_hal_sd.o
 .comment       0x000000000000007b       0x7c Drivers/STM32L1xx_HAL_Driver/Src/stm32l1xx_ll_sdmmc.o
 .comment       0x000000000000007b       0x7c FATFS/App/fatfs.o
 .comment       0x000000000000007b       0x7c FATFS/Target/bsp_driver_sd.o
 .comment       0x000000000000007b       0x7c FATFS/Target/sd_diskio.o
 .comment       0x000000000000007b       0x7c Middlewares/Third_Party/FatFs/src/diskio.o
 .comment       0x000000000000007b       0x7c Middlewares/Third_Party/FatFs/src/ff.o
 .comment       0x000000000000007b       0x7c Middlewares/Third_Party/FatFs/src/ff_gen_drv.o

.debug_frame    0x0000000000000000     0x2cc8
 .debug_frame   0x0000000000000000       0xd8 Core/Src/main.o
 .debug_frame   0x00000000000000d8       0x80 Core/Src/stm32l1xx_hal_msp.o
 .debug_frame   0x0000000000000158      0x144 Core/Src/stm32l1xx_it.o
 .debug_frame   0x000000000000029c       0x58 Core/Src/system_stm32l1xx.o
 .debug_frame   0x00000000000002f4      0x33c Drivers/STM32L1xx_HAL_Driver/Src/stm32l1xx_hal.o
 .debug_frame   0x0000000000000630      0x498 Drivers/STM32L1xx_HAL_Driver/Src/stm32l1xx_hal_cortex.o
 .debug_frame   0x0000000000000ac8      0x204 Drivers/STM32L1xx_HAL_Driver/Src/stm32l1xx_hal_dma.o
 .debug_frame   0x0000000000000ccc      0x14c Drivers/STM32L1xx_HAL_Driver/Src/stm32l1xx_hal_gpio.o
 .debug_frame   0x0000000000000e18      0x21c Drivers/STM32L1xx_HAL_Driver/Src/stm32l1xx_hal_rcc.o
 .debug_frame   0x0000000000001034      0x650 Drivers/STM32L1xx_HAL_Driver/Src/stm32l1xx_hal_sd.o
 .debug_frame   0x0000000000001684      0x690 Drivers/STM32L1xx_HAL_Driver/Src/stm32l1xx_ll_sdmmc.o
 .debug_frame   0x0000000000001d14       0x2c FATFS/App/fatfs.o
 .debug_frame   0x0000000000001d40      0x2c8 FATFS/Target/bsp_driver_sd.o
 .debug_frame   0x0000000000002008      0x14c FATFS/Target/sd_diskio.o
 .debug_frame   0x0000000000002154       0xec Middlewares/Third_Party/FatFs/src/diskio.o
 .debug_frame   0x0000000000002240      0x94c Middlewares/Third_Party/FatFs/src/ff.o
 .debug_frame   0x0000000000002b8c       0xc8 Middlewares/Third_Party/FatFs/src/ff_gen_drv.o
 .debug_frame   0x0000000000002c54       0x2c c:/st/stm32cubeide_1.0.0/stm32cubeide/plugins/com.st.stm32cube.ide.mcu.externaltools.gnu-tools-for-stm32.7-2018-q2-update.win32_1.0.0.201904181610/tools/bin/../lib/gcc/arm-none-eabi/7.3.1/../../../../arm-none-eabi/lib/thumb/v7-m\libc_nano.a(lib_a-init.o)
 .debug_frame   0x0000000000002c80       0x28 c:/st/stm32cubeide_1.0.0/stm32cubeide/plugins/com.st.stm32cube.ide.mcu.externaltools.gnu-tools-for-stm32.7-2018-q2-update.win32_1.0.0.201904181610/tools/bin/../lib/gcc/arm-none-eabi/7.3.1/../../../../arm-none-eabi/lib/thumb/v7-m\libc_nano.a(lib_a-memcpy-stub.o)
 .debug_frame   0x0000000000002ca8       0x20 c:/st/stm32cubeide_1.0.0/stm32cubeide/plugins/com.st.stm32cube.ide.mcu.externaltools.gnu-tools-for-stm32.7-2018-q2-update.win32_1.0.0.201904181610/tools/bin/../lib/gcc/arm-none-eabi/7.3.1/../../../../arm-none-eabi/lib/thumb/v7-m\libc_nano.a(lib_a-memset.o)
