stm32l1xx_hal_sd.c:335:19:HAL_SD_Init	16	static
stm32l1xx_hal_sd.c:403:19:HAL_SD_InitCard	72	static
stm32l1xx_hal_sd.c:463:19:HAL_SD_DeInit	16	static
stm32l1xx_hal_sd.c:504:13:HAL_SD_MspInit	16	static
stm32l1xx_hal_sd.c:519:13:HAL_SD_MspDeInit	16	static
stm32l1xx_hal_sd.c:560:19:HAL_SD_ReadBlocks	80	static
stm32l1xx_hal_sd.c:786:19:HAL_SD_WriteBlocks	80	static
stm32l1xx_hal_sd.c:981:19:HAL_SD_ReadBlocks_IT	56	static
stm32l1xx_hal_sd.c:1088:19:HAL_SD_WriteBlocks_IT	56	static
stm32l1xx_hal_sd.c:1192:19:HAL_SD_ReadBlocks_DMA	56	static
stm32l1xx_hal_sd.c:1316:19:HAL_SD_WriteBlocks_DMA	56	static
stm32l1xx_hal_sd.c:1438:19:HAL_SD_Erase	40	static
stm32l1xx_hal_sd.c:1540:6:HAL_SD_IRQHandler	24	static
stm32l1xx_hal_sd.c:1735:21:HAL_SD_GetState	16	static
stm32l1xx_hal_sd.c:1746:10:HAL_SD_GetError	16	static
stm32l1xx_hal_sd.c:1756:13:HAL_SD_TxCpltCallback	16	static
stm32l1xx_hal_sd.c:1771:13:HAL_SD_RxCpltCallback	16	static
stm32l1xx_hal_sd.c:1786:13:HAL_SD_ErrorCallback	16	static
stm32l1xx_hal_sd.c:1801:13:HAL_SD_AbortCallback	16	static
stm32l1xx_hal_sd.c:2012:19:HAL_SD_GetCardCID	16	static
stm32l1xx_hal_sd.c:2045:19:HAL_SD_GetCardCSD	16	static
stm32l1xx_hal_sd.c:2159:19:HAL_SD_GetCardStatus	88	static
stm32l1xx_hal_sd.c:2207:19:HAL_SD_GetCardInfo	16	static
stm32l1xx_hal_sd.c:2232:19:HAL_SD_ConfigWideBusOperation	72	static
stm32l1xx_hal_sd.c:2303:25:HAL_SD_GetCardState	32	static
stm32l1xx_hal_sd.c:2326:19:HAL_SD_Abort	24	static
stm32l1xx_hal_sd.c:2390:19:HAL_SD_Abort_IT	24	static
stm32l1xx_hal_sd.c:2477:13:SD_DMATransmitCplt	24	static
stm32l1xx_hal_sd.c:2490:13:SD_DMAReceiveCplt	24	static
stm32l1xx_hal_sd.c:2532:13:SD_DMAError	32	static
stm32l1xx_hal_sd.c:2572:13:SD_DMATxAbort	24	static
stm32l1xx_hal_sd.c:2611:13:SD_DMARxAbort	24	static
stm32l1xx_hal_sd.c:2650:17:SD_InitCard	96	static
stm32l1xx_hal_sd.c:2742:17:SD_PowerON	32	static
stm32l1xx_hal_sd.c:2832:13:SD_PowerOFF	16	static
stm32l1xx_hal_sd.c:2845:17:SD_SendSDStatus	56	static
stm32l1xx_hal_sd.c:2951:17:SD_SendStatus	24	static
stm32l1xx_hal_sd.c:2978:17:SD_WideBus_Enable	32	static
stm32l1xx_hal_sd.c:3025:17:SD_WideBus_Disable	32	static
stm32l1xx_hal_sd.c:3074:17:SD_FindSCR	72	static
stm32l1xx_hal_sd.c:3167:13:SD_Read_IT	32	static
stm32l1xx_hal_sd.c:3206:13:SD_Write_IT	32	static
