Archive member included to satisfy reference by file (symbol)

c:/st/stm32cubeide_1.0.0/stm32cubeide/plugins/com.st.stm32cube.ide.mcu.externaltools.gnu-tools-for-stm32.7-2018-q2-update.win32_1.0.0.201904181610/tools/bin/../lib/gcc/arm-none-eabi/7.3.1/../../../../arm-none-eabi/lib/thumb/v7-m\libc_nano.a(lib_a-errno.o)
                              Core/Src/syscalls.o (__errno)
c:/st/stm32cubeide_1.0.0/stm32cubeide/plugins/com.st.stm32cube.ide.mcu.externaltools.gnu-tools-for-stm32.7-2018-q2-update.win32_1.0.0.201904181610/tools/bin/../lib/gcc/arm-none-eabi/7.3.1/../../../../arm-none-eabi/lib/thumb/v7-m\libc_nano.a(lib_a-exit.o)
                              c:/st/stm32cubeide_1.0.0/stm32cubeide/plugins/com.st.stm32cube.ide.mcu.externaltools.gnu-tools-for-stm32.7-2018-q2-update.win32_1.0.0.201904181610/tools/bin/../lib/gcc/arm-none-eabi/7.3.1/../../../../arm-none-eabi/lib/thumb/v7-m/crt0.o (exit)
c:/st/stm32cubeide_1.0.0/stm32cubeide/plugins/com.st.stm32cube.ide.mcu.externaltools.gnu-tools-for-stm32.7-2018-q2-update.win32_1.0.0.201904181610/tools/bin/../lib/gcc/arm-none-eabi/7.3.1/../../../../arm-none-eabi/lib/thumb/v7-m\libc_nano.a(lib_a-impure.o)
                              c:/st/stm32cubeide_1.0.0/stm32cubeide/plugins/com.st.stm32cube.ide.mcu.externaltools.gnu-tools-for-stm32.7-2018-q2-update.win32_1.0.0.201904181610/tools/bin/../lib/gcc/arm-none-eabi/7.3.1/../../../../arm-none-eabi/lib/thumb/v7-m\libc_nano.a(lib_a-exit.o) (_global_impure_ptr)
c:/st/stm32cubeide_1.0.0/stm32cubeide/plugins/com.st.stm32cube.ide.mcu.externaltools.gnu-tools-for-stm32.7-2018-q2-update.win32_1.0.0.201904181610/tools/bin/../lib/gcc/arm-none-eabi/7.3.1/../../../../arm-none-eabi/lib/thumb/v7-m\libc_nano.a(lib_a-init.o)
                              c:/st/stm32cubeide_1.0.0/stm32cubeide/plugins/com.st.stm32cube.ide.mcu.externaltools.gnu-tools-for-stm32.7-2018-q2-update.win32_1.0.0.201904181610/tools/bin/../lib/gcc/arm-none-eabi/7.3.1/../../../../arm-none-eabi/lib/thumb/v7-m/crt0.o (__libc_init_array)
c:/st/stm32cubeide_1.0.0/stm32cubeide/plugins/com.st.stm32cube.ide.mcu.externaltools.gnu-tools-for-stm32.7-2018-q2-update.win32_1.0.0.201904181610/tools/bin/../lib/gcc/arm-none-eabi/7.3.1/../../../../arm-none-eabi/lib/thumb/v7-m\libc_nano.a(lib_a-memset.o)
                              c:/st/stm32cubeide_1.0.0/stm32cubeide/plugins/com.st.stm32cube.ide.mcu.externaltools.gnu-tools-for-stm32.7-2018-q2-update.win32_1.0.0.201904181610/tools/bin/../lib/gcc/arm-none-eabi/7.3.1/../../../../arm-none-eabi/lib/thumb/v7-m/crt0.o (memset)

Allocating common symbols
Common symbol       size              file

retSD               0x1               FATFS/App/fatfs.o
byteswritten        0x4               Core/Src/main.o
uwTick              0x4               Drivers/STM32L1xx_HAL_Driver/Src/stm32l1xx_hal.o
pFlash              0x18              Drivers/STM32L1xx_HAL_Driver/Src/stm32l1xx_hal_flash.o
bytesread           0x4               Core/Src/main.o
SDPath              0x4               Core/Src/main.o
hsd                 0x84              Core/Src/sdio.o
SDFile              0x430             Core/Src/main.o
res                 0x1               Core/Src/main.o
SDFatFS             0x434             Core/Src/main.o

Discarded input sections

 .text          0x0000000000000000        0x0 c:/st/stm32cubeide_1.0.0/stm32cubeide/plugins/com.st.stm32cube.ide.mcu.externaltools.gnu-tools-for-stm32.7-2018-q2-update.win32_1.0.0.201904181610/tools/bin/../lib/gcc/arm-none-eabi/7.3.1/thumb/v7-m/crti.o
 .data          0x0000000000000000        0x0 c:/st/stm32cubeide_1.0.0/stm32cubeide/plugins/com.st.stm32cube.ide.mcu.externaltools.gnu-tools-for-stm32.7-2018-q2-update.win32_1.0.0.201904181610/tools/bin/../lib/gcc/arm-none-eabi/7.3.1/thumb/v7-m/crti.o
 .bss           0x0000000000000000        0x0 c:/st/stm32cubeide_1.0.0/stm32cubeide/plugins/com.st.stm32cube.ide.mcu.externaltools.gnu-tools-for-stm32.7-2018-q2-update.win32_1.0.0.201904181610/tools/bin/../lib/gcc/arm-none-eabi/7.3.1/thumb/v7-m/crti.o
 .data          0x0000000000000000        0x4 c:/st/stm32cubeide_1.0.0/stm32cubeide/plugins/com.st.stm32cube.ide.mcu.externaltools.gnu-tools-for-stm32.7-2018-q2-update.win32_1.0.0.201904181610/tools/bin/../lib/gcc/arm-none-eabi/7.3.1/thumb/v7-m/crtbegin.o
 .text          0x0000000000000000       0x74 c:/st/stm32cubeide_1.0.0/stm32cubeide/plugins/com.st.stm32cube.ide.mcu.externaltools.gnu-tools-for-stm32.7-2018-q2-update.win32_1.0.0.201904181610/tools/bin/../lib/gcc/arm-none-eabi/7.3.1/../../../../arm-none-eabi/lib/thumb/v7-m/crt0.o
 .data          0x0000000000000000        0x0 c:/st/stm32cubeide_1.0.0/stm32cubeide/plugins/com.st.stm32cube.ide.mcu.externaltools.gnu-tools-for-stm32.7-2018-q2-update.win32_1.0.0.201904181610/tools/bin/../lib/gcc/arm-none-eabi/7.3.1/../../../../arm-none-eabi/lib/thumb/v7-m/crt0.o
[...]
Memory Configuration

Name             Origin             Length             Attributes
RAM              0x0000000020000000 0x000000000000c000 xrw
FLASH            0x0000000008000000 0x0000000000060000 xr
*default*        0x0000000000000000 0xffffffffffffffff

Linker script and memory map

LOAD c:/st/stm32cubeide_1.0.0/stm32cubeide/plugins/com.st.stm32cube.ide.mcu.externaltools.gnu-tools-for-stm32.7-2018-q2-update.win32_1.0.0.201904181610/tools/bin/../lib/gcc/arm-none-eabi/7.3.1/thumb/v7-m/crti.o
LOAD c:/st/stm32cubeide_1.0.0/stm32cubeide/plugins/com.st.stm32cube.ide.mcu.externaltools.gnu-tools-for-stm32.7-2018-q2-update.win32_1.0.0.201904181610/tools/bin/../lib/gcc/arm-none-eabi/7.3.1/thumb/v7-m/crtbegin.o
LOAD c:/st/stm32cubeide_1.0.0/stm32cubeide/plugins/com.st.stm32cube.ide.mcu.externaltools.gnu-tools-for-stm32.7-2018-q2-update.win32_1.0.0.201904181610/tools/bin/../lib/gcc/arm-none-eabi/7.3.1/../../../../arm-none-eabi/lib/thumb/v7-m/crt0.o
LOAD Core/Src/gpio.o
LOAD Core/Src/main.o
LOAD Core/Src/sdio.o
LOAD Core/Src/stm32l1xx_hal_msp.o
LOAD Core/Src/stm32l1xx_it.o
LOAD Core/Src/sys.o
LOAD Core/Src/syscalls.o
LOAD Core/Src/sysmem.o
LOAD Core/Src/system_stm32l1xx.o
LOAD Core/Startup/startup_stm32l151rdtx.o
LOAD Drivers/STM32L1xx_HAL_Driver/Src/stm32l1xx_hal.o
LOAD Drivers/STM32L1xx_HAL_Driver/Src/stm32l1xx_hal_cortex.o
LOAD Drivers/STM32L1xx_HAL_Driver/Src/stm32l1xx_hal_dma.o
LOAD Drivers/STM32L1xx_HAL_Driver/Src/stm32l1xx_hal_flash.o
LOAD Drivers/STM32L1xx_HAL_Driver/Src/stm32l1xx_hal_flash_ex.o
LOAD Drivers/STM32L1xx_HAL_Driver/Src/stm32l1xx_hal_flash_ramfunc.o
LOAD Drivers/STM32L1xx_HAL_Driver/Src/stm32l1xx_hal_gpio.o
LOAD Drivers/STM32L1xx_HAL_Driver/Src/stm32l1xx_hal_pwr.o
LOAD Drivers/STM32L1xx_HAL_Driver/Src/stm32l1xx_hal_pwr_ex.o
LOAD Drivers/STM32L1xx_HAL_Driver/Src/stm32l1xx_hal_rcc.o
LOAD Drivers/STM32L1xx_HAL_Driver/Src/stm32l1xx_hal_rcc_ex.o
LOAD Drivers/STM32L1xx_HAL_Driver/Src/stm32l1xx_hal_sd.o
LOAD Drivers/STM32L1xx_HAL_Driver/Src/stm32l1xx_hal_tim.o
LOAD Drivers/STM32L1xx_HAL_Driver/Src/stm32l1xx_hal_tim_ex.o
LOAD Drivers/STM32L1xx_HAL_Driver/Src/stm32l1xx_ll_sdmmc.o
LOAD FATFS/App/fatfs.o
LOAD FATFS/Target/bsp_driver_sd.o
LOAD FATFS/Target/sd_diskio.o
LOAD Middlewares/Third_Party/FatFs/src/diskio.o
LOAD Middlewares/Third_Party/FatFs/src/ff.o
LOAD Middlewares/Third_Party/FatFs/src/ff_gen_drv.o
LOAD Middlewares/Third_Party/FatFs/src/option/syscall.o
START GROUP
LOAD c:/st/stm32cubeide_1.0.0/stm32cubeide/plugins/com.st.stm32cube.ide.mcu.externaltools.gnu-tools-for-stm32.7-2018-q2-update.win32_1.0.0.201904181610/tools/bin/../lib/gcc/arm-none-eabi/7.3.1/../../../../arm-none-eabi/lib/thumb/v7-m\libc_nano.a
LOAD c:/st/stm32cubeide_1.0.0/stm32cubeide/plugins/com.st.stm32cube.ide.mcu.externaltools.gnu-tools-for-stm32.7-2018-q2-update.win32_1.0.0.201904181610/tools/bin/../lib/gcc/arm-none-eabi/7.3.1/../../../../arm-none-eabi/lib/thumb/v7-m\libm.a
END GROUP
START GROUP
LOAD c:/st/stm32cubeide_1.0.0/stm32cubeide/plugins/com.st.stm32cube.ide.mcu.externaltools.gnu-tools-for-stm32.7-2018-q2-update.win32_1.0.0.201904181610/tools/bin/../lib/gcc/arm-none-eabi/7.3.1/thumb/v7-m\libgcc.a
LOAD c:/st/stm32cubeide_1.0.0/stm32cubeide/plugins/com.st.stm32cube.ide.mcu.externaltools.gnu-tools-for-stm32.7-2018-q2-update.win32_1.0.0.201904181610/tools/bin/../lib/gcc/arm-none-eabi/7.3.1/../../../../arm-none-eabi/lib/thumb/v7-m\libc_nano.a
END GROUP
START GROUP
LOAD c:/st/stm32cubeide_1.0.0/stm32cubeide/plugins/com.st.stm32cube.ide.mcu.externaltools.gnu-tools-for-stm32.7-2018-q2-update.win32_1.0.0.201904181610/tools/bin/../lib/gcc/arm-none-eabi/7.3.1/thumb/v7-m\libgcc.a
LOAD c:/st/stm32cubeide_1.0.0/stm32cubeide/plugins/com.st.stm32cube.ide.mcu.externaltools.gnu-tools-for-stm32.7-2018-q2-update.win32_1.0.0.201904181610/tools/bin/../lib/gcc/arm-none-eabi/7.3.1/../../../../arm-none-eabi/lib/thumb/v7-m\libc_nano.a
LOAD c:/st/stm32cubeide_1.0.0/stm32cubeide/plugins/com.st.stm32cube.ide.mcu.externaltools.gnu-tools-for-stm32.7-2018-q2-update.win32_1.0.0.201904181610/tools/bin/../lib/gcc/arm-none-eabi/7.3.1/../../../../arm-none-eabi/lib/thumb/v7-m\libnosys.a
END GROUP
START GROUP
LOAD c:/st/stm32cubeide_1.0.0/stm32cubeide/plugins/com.st.stm32cube.ide.mcu.externaltools.gnu-tools-for-stm32.7-2018-q2-update.win32_1.0.0.201904181610/tools/bin/../lib/gcc/arm-none-eabi/7.3.1/thumb/v7-m\libgcc.a
LOAD c:/st/stm32cubeide_1.0.0/stm32cubeide/plugins/com.st.stm32cube.ide.mcu.externaltools.gnu-tools-for-stm32.7-2018-q2-update.win32_1.0.0.201904181610/tools/bin/../lib/gcc/arm-none-eabi/7.3.1/../../../../arm-none-eabi/lib/thumb/v7-m\libc_nano.a
LOAD c:/st/stm32cubeide_1.0.0/stm32cubeide/plugins/com.st.stm32cube.ide.mcu.externaltools.gnu-tools-for-stm32.7-2018-q2-update.win32_1.0.0.201904181610/tools/bin/../lib/gcc/arm-none-eabi/7.3.1/../../../../arm-none-eabi/lib/thumb/v7-m\libnosys.a
END GROUP
LOAD c:/st/stm32cubeide_1.0.0/stm32cubeide/plugins/com.st.stm32cube.ide.mcu.externaltools.gnu-tools-for-stm32.7-2018-q2-update.win32_1.0.0.201904181610/tools/bin/../lib/gcc/arm-none-eabi/7.3.1/thumb/v7-m/crtend.o
LOAD c:/st/stm32cubeide_1.0.0/stm32cubeide/plugins/com.st.stm32cube.ide.mcu.externaltools.gnu-tools-for-stm32.7-2018-q2-update.win32_1.0.0.201904181610/tools/bin/../lib/gcc/arm-none-eabi/7.3.1/thumb/v7-m/crtn.o
                0x000000002000c000                _estack = (ORIGIN (RAM) + LENGTH (RAM))
                0x0000000000000200                _Min_Heap_Size = 0x200
                0x0000000000000400                _Min_Stack_Size = 0x400

.isr_vector     0x0000000008000000      0x13c
                0x0000000008000000                . = ALIGN (0x4)
 *(.isr_vector)
 .isr_vector    0x0000000008000000      0x13c Core/Startup/startup_stm32l151rdtx.o
                0x0000000008000000                g_pfnVectors
                0x000000000800013c                . = ALIGN (0x4)

.text           0x000000000800013c     0x5ba0
                0x000000000800013c                . = ALIGN (0x4)
 *(.text)
 .text          0x000000000800013c       0x40 c:/st/stm32cubeide_1.0.0/stm32cubeide/plugins/com.st.stm32cube.ide.mcu.externaltools.gnu-tools-for-stm32.7-2018-q2-update.win32_1.0.0.201904181610/tools/bin/../lib/gcc/arm-none-eabi/7.3.1/thumb/v7-m/crtbegin.o
 *(.text*)
 .text.MX_GPIO_Init
                0x000000000800017c       0x98 Core/Src/gpio.o
                0x000000000800017c                MX_GPIO_Init
 .text.main     0x0000000008000214       0xe4 Core/Src/main.o
                0x0000000008000214                main
 .text.SystemClock_Config
                0x00000000080002f8       0x9c Core/Src/main.o
                0x00000000080002f8                SystemClock_Config
 .text.Error_Handler
                0x0000000008000394        0xc Core/Src/main.o
                0x0000000008000394                Error_Handler
 .text.MX_SDIO_SD_Init
                0x00000000080003a0       0x40 Core/Src/sdio.o
                0x00000000080003a0                MX_SDIO_SD_Init
 .text.HAL_SD_MspInit
                0x00000000080003e0       0xc4 Core/Src/sdio.o
                0x00000000080003e0                HAL_SD_MspInit
 .text.HAL_MspInit
                0x00000000080004a4       0x5c Core/Src/stm32l1xx_hal_msp.o
                0x00000000080004a4                HAL_MspInit
 .text.NMI_Handler
                0x0000000008000500        0xc Core/Src/stm32l1xx_it.o
                0x0000000008000500                NMI_Handler
 .text.HardFault_Handler
                0x000000000800050c        0x6 Core/Src/stm32l1xx_it.o
                0x000000000800050c                HardFault_Handler
 .text.MemManage_Handler
                0x0000000008000512        0x6 Core/Src/stm32l1xx_it.o
                0x0000000008000512                MemManage_Handler
 .text.BusFault_Handler
                0x0000000008000518        0x6 Core/Src/stm32l1xx_it.o
                0x0000000008000518                BusFault_Handler
 .text.UsageFault_Handler
                0x000000000800051e        0x6 Core/Src/stm32l1xx_it.o
                0x000000000800051e                UsageFault_Handler
 .text.SVC_Handler
                0x0000000008000524        0xc Core/Src/stm32l1xx_it.o
                0x0000000008000524                SVC_Handler
 .text.DebugMon_Handler
                0x0000000008000530        0xc Core/Src/stm32l1xx_it.o
                0x0000000008000530                DebugMon_Handler
 .text.PendSV_Handler
                0x000000000800053c        0xc Core/Src/stm32l1xx_it.o
                0x000000000800053c                PendSV_Handler
 .text.SysTick_Handler
                0x0000000008000548        0xc Core/Src/stm32l1xx_it.o
                0x0000000008000548                SysTick_Handler
 .text.SystemInit
                0x0000000008000554       0x68 Core/Src/system_stm32l1xx.o
                0x0000000008000554                SystemInit
 .text.Reset_Handler
                0x00000000080005bc       0x48 Core/Startup/startup_stm32l151rdtx.o
                0x00000000080005bc                Reset_Handler
 .text.Default_Handler
                0x0000000008000604        0x2 Core/Startup/startup_stm32l151rdtx.o
                0x0000000008000604                RTC_Alarm_IRQHandler
                0x0000000008000604                EXTI2_IRQHandler
                0x0000000008000604                COMP_ACQ_IRQHandler
                0x0000000008000604                TIM10_IRQHandler
                0x0000000008000604                USB_HP_IRQHandler
                0x0000000008000604                TIM6_IRQHandler
                0x0000000008000604                PVD_IRQHandler
                0x0000000008000604                SDIO_IRQHandler
                0x0000000008000604                EXTI3_IRQHandler
                0x0000000008000604                EXTI0_IRQHandler
                0x0000000008000604                I2C2_EV_IRQHandler
                0x0000000008000604                SPI1_IRQHandler
                0x0000000008000604                USB_FS_WKUP_IRQHandler
                0x0000000008000604                DMA2_Channel2_IRQHandler
                0x0000000008000604                DMA1_Channel4_IRQHandler
                0x0000000008000604                ADC1_IRQHandler
                0x0000000008000604                USART3_IRQHandler
                0x0000000008000604                DMA1_Channel7_IRQHandler
                0x0000000008000604                UART5_IRQHandler
                0x0000000008000604                TIM4_IRQHandler
                0x0000000008000604                DMA2_Channel1_IRQHandler
                0x0000000008000604                I2C1_EV_IRQHandler
                0x0000000008000604                DMA1_Channel6_IRQHandler
                0x0000000008000604                UART4_IRQHandler
                0x0000000008000604                DMA2_Channel4_IRQHandler
                0x0000000008000604                TIM3_IRQHandler
                0x0000000008000604                RCC_IRQHandler
                0x0000000008000604                DMA1_Channel1_IRQHandler
                0x0000000008000604                Default_Handler
                0x0000000008000604                EXTI15_10_IRQHandler
                0x0000000008000604                TIM7_IRQHandler
                0x0000000008000604                TIM5_IRQHandler
                0x0000000008000604                EXTI9_5_IRQHandler
                0x0000000008000604                TIM9_IRQHandler
                0x0000000008000604                TAMPER_STAMP_IRQHandler
                0x0000000008000604                RTC_WKUP_IRQHandler
                0x0000000008000604                SPI2_IRQHandler
                0x0000000008000604                DMA2_Channel5_IRQHandler
                0x0000000008000604                DMA1_Channel5_IRQHandler
                0x0000000008000604                USB_LP_IRQHandler
                0x0000000008000604                EXTI4_IRQHandler
                0x0000000008000604                DMA1_Channel3_IRQHandler
                0x0000000008000604                COMP_IRQHandler
                0x0000000008000604                WWDG_IRQHandler
                0x0000000008000604                TIM2_IRQHandler
                0x0000000008000604                DAC_IRQHandler
                0x0000000008000604                EXTI1_IRQHandler
                0x0000000008000604                TIM11_IRQHandler
                0x0000000008000604                USART2_IRQHandler
                0x0000000008000604                I2C2_ER_IRQHandler
                0x0000000008000604                DMA1_Channel2_IRQHandler
                0x0000000008000604                FLASH_IRQHandler
                0x0000000008000604                USART1_IRQHandler
                0x0000000008000604                SPI3_IRQHandler
                0x0000000008000604                I2C1_ER_IRQHandler
                0x0000000008000604                DMA2_Channel3_IRQHandler
 .text.HAL_Init
                0x0000000008000606       0x30 Drivers/STM32L1xx_HAL_Driver/Src/stm32l1xx_hal.o
                0x0000000008000606                HAL_Init
 *fill*         0x0000000008000636        0x2 
 .text.HAL_InitTick
                0x0000000008000638       0x74 Drivers/STM32L1xx_HAL_Driver/Src/stm32l1xx_hal.o
                0x0000000008000638                HAL_InitTick
 .text.HAL_IncTick
                0x00000000080006ac       0x24 Drivers/STM32L1xx_HAL_Driver/Src/stm32l1xx_hal.o
                0x00000000080006ac                HAL_IncTick
 .text.HAL_GetTick
                0x00000000080006d0       0x14 Drivers/STM32L1xx_HAL_Driver/Src/stm32l1xx_hal.o
                0x00000000080006d0                HAL_GetTick
 .text.HAL_Delay
                0x00000000080006e4       0x44 Drivers/STM32L1xx_HAL_Driver/Src/stm32l1xx_hal.o
                0x00000000080006e4                HAL_Delay
 .text.__NVIC_SetPriorityGrouping
                0x0000000008000728       0x48 Drivers/STM32L1xx_HAL_Driver/Src/stm32l1xx_hal_cortex.o
 .text.__NVIC_GetPriorityGrouping
                0x0000000008000770       0x1c Drivers/STM32L1xx_HAL_Driver/Src/stm32l1xx_hal_cortex.o
 .text.__NVIC_SetPriority
                0x000000000800078c       0x54 Drivers/STM32L1xx_HAL_Driver/Src/stm32l1xx_hal_cortex.o
 .text.NVIC_EncodePriority
                0x00000000080007e0       0x64 Drivers/STM32L1xx_HAL_Driver/Src/stm32l1xx_hal_cortex.o
 .text.SysTick_Config
                0x0000000008000844       0x44 Drivers/STM32L1xx_HAL_Driver/Src/stm32l1xx_hal_cortex.o
 .text.HAL_NVIC_SetPriorityGrouping
                0x0000000008000888       0x16 Drivers/STM32L1xx_HAL_Driver/Src/stm32l1xx_hal_cortex.o
                0x0000000008000888                HAL_NVIC_SetPriorityGrouping
 .text.HAL_NVIC_SetPriority
                0x000000000800089e       0x38 Drivers/STM32L1xx_HAL_Driver/Src/stm32l1xx_hal_cortex.o
                0x000000000800089e                HAL_NVIC_SetPriority
 .text.HAL_SYSTICK_Config
                0x00000000080008d6       0x18 Drivers/STM32L1xx_HAL_Driver/Src/stm32l1xx_hal_cortex.o
                0x00000000080008d6                HAL_SYSTICK_Config
 *fill*         0x00000000080008ee        0x2 
 .text.HAL_GPIO_Init
                0x00000000080008f0      0x31c Drivers/STM32L1xx_HAL_Driver/Src/stm32l1xx_hal_gpio.o
                0x00000000080008f0                HAL_GPIO_Init
 .text.HAL_GPIO_WritePin
                0x0000000008000c0c       0x30 Drivers/STM32L1xx_HAL_Driver/Src/stm32l1xx_hal_gpio.o
                0x0000000008000c0c                HAL_GPIO_WritePin
 .text.HAL_RCC_OscConfig
                0x0000000008000c3c      0x660 Drivers/STM32L1xx_HAL_Driver/Src/stm32l1xx_hal_rcc.o
                0x0000000008000c3c                HAL_RCC_OscConfig
 .text.HAL_RCC_ClockConfig
                0x000000000800129c      0x268 Drivers/STM32L1xx_HAL_Driver/Src/stm32l1xx_hal_rcc.o
                0x000000000800129c                HAL_RCC_ClockConfig
 .text.HAL_RCC_GetSysClockFreq
                0x0000000008001504       0xb0 Drivers/STM32L1xx_HAL_Driver/Src/stm32l1xx_hal_rcc.o
                0x0000000008001504                HAL_RCC_GetSysClockFreq
 .text.RCC_SetFlashLatencyFromMSIRange
                0x00000000080015b4       0xc0 Drivers/STM32L1xx_HAL_Driver/Src/stm32l1xx_hal_rcc.o
 .text.HAL_SD_Init
                0x0000000008001674       0x60 Drivers/STM32L1xx_HAL_Driver/Src/stm32l1xx_hal_sd.o
                0x0000000008001674                HAL_SD_Init
 .text.HAL_SD_InitCard
                0x00000000080016d4       0xd4 Drivers/STM32L1xx_HAL_Driver/Src/stm32l1xx_hal_sd.o
                0x00000000080016d4                HAL_SD_InitCard
 .text.HAL_SD_ReadBlocks
                0x00000000080017a8      0x3f4 Drivers/STM32L1xx_HAL_Driver/Src/stm32l1xx_hal_sd.o
                0x00000000080017a8                HAL_SD_ReadBlocks
 .text.HAL_SD_WriteBlocks
                0x0000000008001b9c      0x344 Drivers/STM32L1xx_HAL_Driver/Src/stm32l1xx_hal_sd.o
                0x0000000008001b9c                HAL_SD_WriteBlocks
 .text.HAL_SD_GetCardCSD
                0x0000000008001ee0      0x348 Drivers/STM32L1xx_HAL_Driver/Src/stm32l1xx_hal_sd.o
                0x0000000008001ee0                HAL_SD_GetCardCSD
 .text.HAL_SD_GetCardInfo
                0x0000000008002228       0x56 Drivers/STM32L1xx_HAL_Driver/Src/stm32l1xx_hal_sd.o
                0x0000000008002228                HAL_SD_GetCardInfo
 *fill*         0x000000000800227e        0x2 
 .text.HAL_SD_ConfigWideBusOperation
                0x0000000008002280       0xf8 Drivers/STM32L1xx_HAL_Driver/Src/stm32l1xx_hal_sd.o
                0x0000000008002280                HAL_SD_ConfigWideBusOperation
 .text.HAL_SD_GetCardState
                0x0000000008002378       0x40 Drivers/STM32L1xx_HAL_Driver/Src/stm32l1xx_hal_sd.o
                0x0000000008002378                HAL_SD_GetCardState
 .text.SD_InitCard
                0x00000000080023b8      0x19a Drivers/STM32L1xx_HAL_Driver/Src/stm32l1xx_hal_sd.o
 *fill*         0x0000000008002552        0x2 
 .text.SD_PowerON
                0x0000000008002554      0x11c Drivers/STM32L1xx_HAL_Driver/Src/stm32l1xx_hal_sd.o
 .text.SD_SendStatus
                0x0000000008002670       0x50 Drivers/STM32L1xx_HAL_Driver/Src/stm32l1xx_hal_sd.o
 .text.SD_WideBus_Enable
                0x00000000080026c0       0x96 Drivers/STM32L1xx_HAL_Driver/Src/stm32l1xx_hal_sd.o
 .text.SD_WideBus_Disable
                0x0000000008002756       0x96 Drivers/STM32L1xx_HAL_Driver/Src/stm32l1xx_hal_sd.o
 .text.SD_FindSCR
                0x00000000080027ec      0x194 Drivers/STM32L1xx_HAL_Driver/Src/stm32l1xx_hal_sd.o
 .text.SDIO_Init
                0x0000000008002980       0x54 Drivers/STM32L1xx_HAL_Driver/Src/stm32l1xx_ll_sdmmc.o
                0x0000000008002980                SDIO_Init
 .text.SDIO_ReadFIFO
                0x00000000080029d4       0x18 Drivers/STM32L1xx_HAL_Driver/Src/stm32l1xx_ll_sdmmc.o
                0x00000000080029d4                SDIO_ReadFIFO
 .text.SDIO_WriteFIFO
                0x00000000080029ec       0x20 Drivers/STM32L1xx_HAL_Driver/Src/stm32l1xx_ll_sdmmc.o
                0x00000000080029ec                SDIO_WriteFIFO
 .text.SDIO_PowerState_ON
                0x0000000008002a0c       0x1e Drivers/STM32L1xx_HAL_Driver/Src/stm32l1xx_ll_sdmmc.o
                0x0000000008002a0c                SDIO_PowerState_ON
 .text.SDIO_GetPowerState
                0x0000000008002a2a       0x1a Drivers/STM32L1xx_HAL_Driver/Src/stm32l1xx_ll_sdmmc.o
                0x0000000008002a2a                SDIO_GetPowerState
 .text.SDIO_SendCommand
                0x0000000008002a44       0x52 Drivers/STM32L1xx_HAL_Driver/Src/stm32l1xx_ll_sdmmc.o
                0x0000000008002a44                SDIO_SendCommand
 .text.SDIO_GetCommandResponse
                0x0000000008002a96       0x18 Drivers/STM32L1xx_HAL_Driver/Src/stm32l1xx_ll_sdmmc.o
                0x0000000008002a96                SDIO_GetCommandResponse
 .text.SDIO_GetResponse
                0x0000000008002aae       0x24 Drivers/STM32L1xx_HAL_Driver/Src/stm32l1xx_ll_sdmmc.o
                0x0000000008002aae                SDIO_GetResponse
 .text.SDIO_ConfigData
                0x0000000008002ad2       0x56 Drivers/STM32L1xx_HAL_Driver/Src/stm32l1xx_ll_sdmmc.o
                0x0000000008002ad2                SDIO_ConfigData
 .text.SDMMC_CmdBlockLength
                0x0000000008002b28       0x44 Drivers/STM32L1xx_HAL_Driver/Src/stm32l1xx_ll_sdmmc.o
                0x0000000008002b28                SDMMC_CmdBlockLength
 .text.SDMMC_CmdReadSingleBlock
                0x0000000008002b6c       0x44 Drivers/STM32L1xx_HAL_Driver/Src/stm32l1xx_ll_sdmmc.o
                0x0000000008002b6c                SDMMC_CmdReadSingleBlock
 .text.SDMMC_CmdReadMultiBlock
                0x0000000008002bb0       0x44 Drivers/STM32L1xx_HAL_Driver/Src/stm32l1xx_ll_sdmmc.o
                0x0000000008002bb0                SDMMC_CmdReadMultiBlock
 .text.SDMMC_CmdWriteSingleBlock
                0x0000000008002bf4       0x44 Drivers/STM32L1xx_HAL_Driver/Src/stm32l1xx_ll_sdmmc.o
                0x0000000008002bf4                SDMMC_CmdWriteSingleBlock
 .text.SDMMC_CmdWriteMultiBlock
                0x0000000008002c38       0x44 Drivers/STM32L1xx_HAL_Driver/Src/stm32l1xx_ll_sdmmc.o
                0x0000000008002c38                SDMMC_CmdWriteMultiBlock
 .text.SDMMC_CmdStopTransfer
                0x0000000008002c7c       0x44 Drivers/STM32L1xx_HAL_Driver/Src/stm32l1xx_ll_sdmmc.o
                0x0000000008002c7c                SDMMC_CmdStopTransfer
 .text.SDMMC_CmdSelDesel
                0x0000000008002cc0       0x46 Drivers/STM32L1xx_HAL_Driver/Src/stm32l1xx_ll_sdmmc.o
                0x0000000008002cc0                SDMMC_CmdSelDesel
 .text.SDMMC_CmdGoIdleState
                0x0000000008002d06       0x3c Drivers/STM32L1xx_HAL_Driver/Src/stm32l1xx_ll_sdmmc.o
                0x0000000008002d06                SDMMC_CmdGoIdleState
 .text.SDMMC_CmdOperCond
                0x0000000008002d42       0x3e Drivers/STM32L1xx_HAL_Driver/Src/stm32l1xx_ll_sdmmc.o
                0x0000000008002d42                SDMMC_CmdOperCond
 .text.SDMMC_CmdAppCommand
                0x0000000008002d80       0x44 Drivers/STM32L1xx_HAL_Driver/Src/stm32l1xx_ll_sdmmc.o
                0x0000000008002d80                SDMMC_CmdAppCommand
 .text.SDMMC_CmdAppOperCommand
                0x0000000008002dc4       0x46 Drivers/STM32L1xx_HAL_Driver/Src/stm32l1xx_ll_sdmmc.o
                0x0000000008002dc4                SDMMC_CmdAppOperCommand
 .text.SDMMC_CmdBusWidth
                0x0000000008002e0a       0x44 Drivers/STM32L1xx_HAL_Driver/Src/stm32l1xx_ll_sdmmc.o
                0x0000000008002e0a                SDMMC_CmdBusWidth
 .text.SDMMC_CmdSendSCR
                0x0000000008002e4e       0x42 Drivers/STM32L1xx_HAL_Driver/Src/stm32l1xx_ll_sdmmc.o
                0x0000000008002e4e                SDMMC_CmdSendSCR
 .text.SDMMC_CmdSendCID
                0x0000000008002e90       0x3c Drivers/STM32L1xx_HAL_Driver/Src/stm32l1xx_ll_sdmmc.o
                0x0000000008002e90                SDMMC_CmdSendCID
 .text.SDMMC_CmdSendCSD
                0x0000000008002ecc       0x3e Drivers/STM32L1xx_HAL_Driver/Src/stm32l1xx_ll_sdmmc.o
                0x0000000008002ecc                SDMMC_CmdSendCSD
 .text.SDMMC_CmdSetRelAdd
                0x0000000008002f0a       0x42 Drivers/STM32L1xx_HAL_Driver/Src/stm32l1xx_ll_sdmmc.o
                0x0000000008002f0a                SDMMC_CmdSetRelAdd
 .text.SDMMC_CmdSendStatus
                0x0000000008002f4c       0x44 Drivers/STM32L1xx_HAL_Driver/Src/stm32l1xx_ll_sdmmc.o
                0x0000000008002f4c                SDMMC_CmdSendStatus
 .text.SDMMC_GetCmdError
                0x0000000008002f90       0x50 Drivers/STM32L1xx_HAL_Driver/Src/stm32l1xx_ll_sdmmc.o
 .text.SDMMC_GetCmdResp1
                0x0000000008002fe0      0x1d8 Drivers/STM32L1xx_HAL_Driver/Src/stm32l1xx_ll_sdmmc.o
 .text.SDMMC_GetCmdResp2
                0x00000000080031b8       0x8c Drivers/STM32L1xx_HAL_Driver/Src/stm32l1xx_ll_sdmmc.o
 .text.SDMMC_GetCmdResp3
                0x0000000008003244       0x74 Drivers/STM32L1xx_HAL_Driver/Src/stm32l1xx_ll_sdmmc.o
 .text.SDMMC_GetCmdResp6
                0x00000000080032b8       0xe8 Drivers/STM32L1xx_HAL_Driver/Src/stm32l1xx_ll_sdmmc.o
 .text.SDMMC_GetCmdResp7
                0x00000000080033a0       0x98 Drivers/STM32L1xx_HAL_Driver/Src/stm32l1xx_ll_sdmmc.o
 .text.MX_FATFS_Init
                0x0000000008003438       0x24 FATFS/App/fatfs.o
                0x0000000008003438                MX_FATFS_Init
 .text.get_fattime
                0x000000000800345c        0xe FATFS/App/fatfs.o
                0x000000000800345c                get_fattime
 *fill*         0x000000000800346a        0x2 
 .text.BSP_SD_Init
                0x000000000800346c       0x48 FATFS/Target/bsp_driver_sd.o
                0x000000000800346c                BSP_SD_Init
 .text.BSP_SD_ReadBlocks
                0x00000000080034b4       0x38 FATFS/Target/bsp_driver_sd.o
                0x00000000080034b4                BSP_SD_ReadBlocks
 .text.BSP_SD_WriteBlocks
                0x00000000080034ec       0x38 FATFS/Target/bsp_driver_sd.o
                0x00000000080034ec                BSP_SD_WriteBlocks
 .text.BSP_SD_GetCardState
                0x0000000008003524       0x3c FATFS/Target/bsp_driver_sd.o
                0x0000000008003524                BSP_SD_GetCardState
 .text.BSP_SD_GetCardInfo
                0x0000000008003560       0x1c FATFS/Target/bsp_driver_sd.o
                0x0000000008003560                BSP_SD_GetCardInfo
 .text.BSP_SD_IsDetected
                0x000000000800357c       0x18 FATFS/Target/bsp_driver_sd.o
                0x000000000800357c                BSP_SD_IsDetected
 .text.SD_CheckStatus
                0x0000000008003594       0x3c FATFS/Target/sd_diskio.o
 .text.SD_initialize
                0x00000000080035d0       0x3c FATFS/Target/sd_diskio.o
                0x00000000080035d0                SD_initialize
 .text.SD_status
                0x000000000800360c       0x1c FATFS/Target/sd_diskio.o
                0x000000000800360c                SD_status
 .text.SD_read  0x0000000008003628       0x42 FATFS/Target/sd_diskio.o
                0x0000000008003628                SD_read
 .text.SD_write
                0x000000000800366a       0x42 FATFS/Target/sd_diskio.o
                0x000000000800366a                SD_write
 .text.SD_ioctl
                0x00000000080036ac       0xb0 FATFS/Target/sd_diskio.o
                0x00000000080036ac                SD_ioctl
 .text.disk_status
                0x000000000800375c       0x34 Middlewares/Third_Party/FatFs/src/diskio.o
                0x000000000800375c                disk_status
 .text.disk_initialize
                0x0000000008003790       0x4c Middlewares/Third_Party/FatFs/src/diskio.o
                0x0000000008003790                disk_initialize
 .text.disk_read
                0x00000000080037dc       0x40 Middlewares/Third_Party/FatFs/src/diskio.o
                0x00000000080037dc                disk_read
 .text.disk_write
                0x000000000800381c       0x40 Middlewares/Third_Party/FatFs/src/diskio.o
                0x000000000800381c                disk_write
 .text.disk_ioctl
                0x000000000800385c       0x3c Middlewares/Third_Party/FatFs/src/diskio.o
                0x000000000800385c                disk_ioctl
 .text.ld_word  0x0000000008003898       0x2e Middlewares/Third_Party/FatFs/src/ff.o
 .text.ld_dword
                0x00000000080038c6       0x44 Middlewares/Third_Party/FatFs/src/ff.o
 .text.st_word  0x000000000800390a       0x34 Middlewares/Third_Party/FatFs/src/ff.o
 .text.st_dword
                0x000000000800393e       0x56 Middlewares/Third_Party/FatFs/src/ff.o
 .text.mem_cpy  0x0000000008003994       0x40 Middlewares/Third_Party/FatFs/src/ff.o
 .text.mem_set  0x00000000080039d4       0x32 Middlewares/Third_Party/FatFs/src/ff.o
 .text.mem_cmp  0x0000000008003a06       0x4c Middlewares/Third_Party/FatFs/src/ff.o
 .text.chk_chr  0x0000000008003a52       0x34 Middlewares/Third_Party/FatFs/src/ff.o
 *fill*         0x0000000008003a86        0x2 
 .text.chk_lock
                0x0000000008003a88       0xb4 Middlewares/Third_Party/FatFs/src/ff.o
 .text.enq_lock
                0x0000000008003b3c       0x40 Middlewares/Third_Party/FatFs/src/ff.o
 .text.inc_lock
                0x0000000008003b7c      0x11c Middlewares/Third_Party/FatFs/src/ff.o
 .text.dec_lock
                0x0000000008003c98       0x74 Middlewares/Third_Party/FatFs/src/ff.o
 .text.clear_lock
                0x0000000008003d0c       0x44 Middlewares/Third_Party/FatFs/src/ff.o
 .text.sync_window
                0x0000000008003d50       0x88 Middlewares/Third_Party/FatFs/src/ff.o
 .text.move_window
                0x0000000008003dd8       0x5a Middlewares/Third_Party/FatFs/src/ff.o
 *fill*         0x0000000008003e32        0x2 
 .text.sync_fs  0x0000000008003e34       0xe0 Middlewares/Third_Party/FatFs/src/ff.o
 .text.clust2sect
                0x0000000008003f14       0x3c Middlewares/Third_Party/FatFs/src/ff.o
 .text.get_fat  0x0000000008003f50      0x1a0 Middlewares/Third_Party/FatFs/src/ff.o
 .text.put_fat  0x00000000080040f0      0x22e Middlewares/Third_Party/FatFs/src/ff.o
 .text.remove_chain
                0x000000000800431e       0xca Middlewares/Third_Party/FatFs/src/ff.o
 .text.create_chain
                0x00000000080043e8      0x130 Middlewares/Third_Party/FatFs/src/ff.o
 .text.clmt_clust
                0x0000000008004518       0x6e Middlewares/Third_Party/FatFs/src/ff.o
 .text.dir_sdi  0x0000000008004586      0x112 Middlewares/Third_Party/FatFs/src/ff.o
 .text.dir_next
                0x0000000008004698      0x1ac Middlewares/Third_Party/FatFs/src/ff.o
 .text.dir_alloc
                0x0000000008004844       0x8e Middlewares/Third_Party/FatFs/src/ff.o
 .text.ld_clust
                0x00000000080048d2       0x3e Middlewares/Third_Party/FatFs/src/ff.o
 .text.st_clust
                0x0000000008004910       0x40 Middlewares/Third_Party/FatFs/src/ff.o
 .text.dir_find
                0x0000000008004950       0xaa Middlewares/Third_Party/FatFs/src/ff.o
 .text.dir_register
                0x00000000080049fa       0x64 Middlewares/Third_Party/FatFs/src/ff.o
 *fill*         0x0000000008004a5e        0x2 
 .text.create_name
                0x0000000008004a60      0x128 Middlewares/Third_Party/FatFs/src/ff.o
 .text.follow_path
                0x0000000008004b88       0xec Middlewares/Third_Party/FatFs/src/ff.o
 .text.get_ldnumber
                0x0000000008004c74       0x86 Middlewares/Third_Party/FatFs/src/ff.o
 *fill*         0x0000000008004cfa        0x2 
 .text.check_fs
                0x0000000008004cfc       0xac Middlewares/Third_Party/FatFs/src/ff.o
 .text.find_volume
                0x0000000008004da8      0x508 Middlewares/Third_Party/FatFs/src/ff.o
 .text.validate
                0x00000000080052b0       0x6a Middlewares/Third_Party/FatFs/src/ff.o
 *fill*         0x000000000800531a        0x2 
 .text.f_mount  0x000000000800531c       0x8c Middlewares/Third_Party/FatFs/src/ff.o
                0x000000000800531c                f_mount
 .text.f_open   0x00000000080053a8      0x398 Middlewares/Third_Party/FatFs/src/ff.o
                0x00000000080053a8                f_open
 .text.f_write  0x0000000008005740      0x328 Middlewares/Third_Party/FatFs/src/ff.o
                0x0000000008005740                f_write
 .text.f_sync   0x0000000008005a68       0xfc Middlewares/Third_Party/FatFs/src/ff.o
                0x0000000008005a68                f_sync
 .text.f_close  0x0000000008005b64       0x54 Middlewares/Third_Party/FatFs/src/ff.o
                0x0000000008005b64                f_close
 .text.FATFS_LinkDriverEx
                0x0000000008005bb8       0x94 Middlewares/Third_Party/FatFs/src/ff_gen_drv.o
                0x0000000008005bb8                FATFS_LinkDriverEx
 .text.FATFS_LinkDriver
                0x0000000008005c4c       0x1e Middlewares/Third_Party/FatFs/src/ff_gen_drv.o
                0x0000000008005c4c                FATFS_LinkDriver
 *fill*         0x0000000008005c6a        0x2 
 .text.__libc_init_array
                0x0000000008005c6c       0x48 c:/st/stm32cubeide_1.0.0/stm32cubeide/plugins/com.st.stm32cube.ide.mcu.externaltools.gnu-tools-for-stm32.7-2018-q2-update.win32_1.0.0.201904181610/tools/bin/../lib/gcc/arm-none-eabi/7.3.1/../../../../arm-none-eabi/lib/thumb/v7-m\libc_nano.a(lib_a-init.o)
                0x0000000008005c6c                __libc_init_array
 .text.memset   0x0000000008005cb4       0x10 c:/st/stm32cubeide_1.0.0/stm32cubeide/plugins/com.st.stm32cube.ide.mcu.externaltools.gnu-tools-for-stm32.7-2018-q2-update.win32_1.0.0.201904181610/tools/bin/../lib/gcc/arm-none-eabi/7.3.1/../../../../arm-none-eabi/lib/thumb/v7-m\libc_nano.a(lib_a-memset.o)
                0x0000000008005cb4                memset
 *(.glue_7)
 .glue_7        0x0000000008005cc4        0x0 linker stubs
 *(.glue_7t)
 .glue_7t       0x0000000008005cc4        0x0 linker stubs
 *(.eh_frame)
 .eh_frame      0x0000000008005cc4        0x0 c:/st/stm32cubeide_1.0.0/stm32cubeide/plugins/com.st.stm32cube.ide.mcu.externaltools.gnu-tools-for-stm32.7-2018-q2-update.win32_1.0.0.201904181610/tools/bin/../lib/gcc/arm-none-eabi/7.3.1/thumb/v7-m/crtbegin.o
 *(.init)
 .init          0x0000000008005cc4        0x4 c:/st/stm32cubeide_1.0.0/stm32cubeide/plugins/com.st.stm32cube.ide.mcu.externaltools.gnu-tools-for-stm32.7-2018-q2-update.win32_1.0.0.201904181610/tools/bin/../lib/gcc/arm-none-eabi/7.3.1/thumb/v7-m/crti.o
                0x0000000008005cc4                _init
 .init          0x0000000008005cc8        0x8 c:/st/stm32cubeide_1.0.0/stm32cubeide/plugins/com.st.stm32cube.ide.mcu.externaltools.gnu-tools-for-stm32.7-2018-q2-update.win32_1.0.0.201904181610/tools/bin/../lib/gcc/arm-none-eabi/7.3.1/thumb/v7-m/crtn.o
 *(.fini)
 .fini          0x0000000008005cd0        0x4 c:/st/stm32cubeide_1.0.0/stm32cubeide/plugins/com.st.stm32cube.ide.mcu.externaltools.gnu-tools-for-stm32.7-2018-q2-update.win32_1.0.0.201904181610/tools/bin/../lib/gcc/arm-none-eabi/7.3.1/thumb/v7-m/crti.o
                0x0000000008005cd0                _fini
 .fini          0x0000000008005cd4        0x8 c:/st/stm32cubeide_1.0.0/stm32cubeide/plugins/com.st.stm32cube.ide.mcu.externaltools.gnu-tools-for-stm32.7-2018-q2-update.win32_1.0.0.201904181610/tools/bin/../lib/gcc/arm-none-eabi/7.3.1/thumb/v7-m/crtn.o
                0x0000000008005cdc                . = ALIGN (0x4)
                0x0000000008005cdc                _etext = .

.vfp11_veneer   0x0000000008005cdc        0x0
 .vfp11_veneer  0x0000000008005cdc        0x0 linker stubs

.v4_bx          0x0000000008005cdc        0x0
 .v4_bx         0x0000000008005cdc        0x0 linker stubs

.iplt           0x0000000008005cdc        0x0
 .iplt          0x0000000008005cdc        0x0 c:/st/stm32cubeide_1.0.0/stm32cubeide/plugins/com.st.stm32cube.ide.mcu.externaltools.gnu-tools-for-stm32.7-2018-q2-update.win32_1.0.0.201904181610/tools/bin/../lib/gcc/arm-none-eabi/7.3.1/thumb/v7-m/crtbegin.o

.rodata         0x0000000008005cdc      0x128
                0x0000000008005cdc                . = ALIGN (0x4)
 *(.rodata)
 .rodata        0x0000000008005cdc       0x32 Core/Src/main.o
 *fill*         0x0000000008005d0e        0x2 
 .rodata        0x0000000008005d10       0x44 Middlewares/Third_Party/FatFs/src/ff.o
 *(.rodata*)
 .rodata.PLLMulTable
                0x0000000008005d54        0x9 Core/Src/system_stm32l1xx.o
                0x0000000008005d54                PLLMulTable
 *fill*         0x0000000008005d5d        0x3 
 .rodata.AHBPrescTable
                0x0000000008005d60       0x10 Core/Src/system_stm32l1xx.o
                0x0000000008005d60                AHBPrescTable
 .rodata.SD_Driver
                0x0000000008005d70       0x14 FATFS/Target/sd_diskio.o
                0x0000000008005d70                SD_Driver
 .rodata.ExCvt  0x0000000008005d84       0x80 Middlewares/Third_Party/FatFs/src/ff.o
                0x0000000008005e04                . = ALIGN (0x4)

.rel.dyn        0x0000000008005e04        0x0
 .rel.iplt      0x0000000008005e04        0x0 c:/st/stm32cubeide_1.0.0/stm32cubeide/plugins/com.st.stm32cube.ide.mcu.externaltools.gnu-tools-for-stm32.7-2018-q2-update.win32_1.0.0.201904181610/tools/bin/../lib/gcc/arm-none-eabi/7.3.1/thumb/v7-m/crtbegin.o

.ARM.extab      0x0000000008005e04        0x0
                0x0000000008005e04                . = ALIGN (0x4)
 *(.ARM.extab* .gnu.linkonce.armextab.*)
                0x0000000008005e04                . = ALIGN (0x4)

.ARM            0x0000000008005e04        0x0
                0x0000000008005e04                . = ALIGN (0x4)
                0x0000000008005e04                __exidx_start = .
 *(.ARM.exidx*)
                0x0000000008005e04                __exidx_end = .
                0x0000000008005e04                . = ALIGN (0x4)

.preinit_array  0x0000000008005e04        0x0
                0x0000000008005e04                . = ALIGN (0x4)
                0x0000000008005e04                PROVIDE (__preinit_array_start = .)
 *(.preinit_array*)
                0x0000000008005e04                PROVIDE (__preinit_array_end = .)
                0x0000000008005e04                . = ALIGN (0x4)

.init_array     0x0000000008005e04        0x4
                0x0000000008005e04                . = ALIGN (0x4)
                0x0000000008005e04                PROVIDE (__init_array_start = .)
 *(SORT_BY_NAME(.init_array.*))
 *(.init_array*)
 .init_array    0x0000000008005e04        0x4 c:/st/stm32cubeide_1.0.0/stm32cubeide/plugins/com.st.stm32cube.ide.mcu.externaltools.gnu-tools-for-stm32.7-2018-q2-update.win32_1.0.0.201904181610/tools/bin/../lib/gcc/arm-none-eabi/7.3.1/thumb/v7-m/crtbegin.o
                0x0000000008005e08                PROVIDE (__init_array_end = .)
                0x0000000008005e08                . = ALIGN (0x4)

.fini_array     0x0000000008005e08        0x4
                0x0000000008005e08                . = ALIGN (0x4)
                [!provide]                        PROVIDE (__fini_array_start = .)
 *(SORT_BY_NAME(.fini_array.*))
 *(.fini_array*)
 .fini_array    0x0000000008005e08        0x4 c:/st/stm32cubeide_1.0.0/stm32cubeide/plugins/com.st.stm32cube.ide.mcu.externaltools.gnu-tools-for-stm32.7-2018-q2-update.win32_1.0.0.201904181610/tools/bin/../lib/gcc/arm-none-eabi/7.3.1/thumb/v7-m/crtbegin.o
                [!provide]                        PROVIDE (__fini_array_end = .)
                0x0000000008005e0c                . = ALIGN (0x4)
                0x0000000008005e0c                _sidata = LOADADDR (.data)

.data           0x0000000020000000       0x10 load address 0x0000000008005e0c
                0x0000000020000000                . = ALIGN (0x4)
                0x0000000020000000                _sdata = .
 *(.data)
 *(.data*)
 .data.SystemCoreClock
                0x0000000020000000        0x4 Core/Src/system_stm32l1xx.o
                0x0000000020000000                SystemCoreClock
 .data.uwTickPrio
                0x0000000020000004        0x4 Drivers/STM32L1xx_HAL_Driver/Src/stm32l1xx_hal.o
                0x0000000020000004                uwTickPrio
 .data.uwTickFreq
                0x0000000020000008        0x4 Drivers/STM32L1xx_HAL_Driver/Src/stm32l1xx_hal.o
                0x0000000020000008                uwTickFreq
 .data.Stat     0x000000002000000c        0x1 FATFS/Target/sd_diskio.o
                0x0000000020000010                . = ALIGN (0x4)
 *fill*         0x000000002000000d        0x3 
                0x0000000020000010                _edata = .

.igot.plt       0x0000000020000010        0x0 load address 0x0000000008005e1c
 .igot.plt      0x0000000020000010        0x0 c:/st/stm32cubeide_1.0.0/stm32cubeide/plugins/com.st.stm32cube.ide.mcu.externaltools.gnu-tools-for-stm32.7-2018-q2-update.win32_1.0.0.201904181610/tools/bin/../lib/gcc/arm-none-eabi/7.3.1/thumb/v7-m/crtbegin.o
                0x0000000020000010                . = ALIGN (0x4)

.bss            0x0000000020000010      0x950 load address 0x0000000008005e1c
                0x0000000020000010                _sbss = .
                0x0000000020000010                __bss_start__ = _sbss
 *(.bss)
 .bss           0x0000000020000010       0x1c c:/st/stm32cubeide_1.0.0/stm32cubeide/plugins/com.st.stm32cube.ide.mcu.externaltools.gnu-tools-for-stm32.7-2018-q2-update.win32_1.0.0.201904181610/tools/bin/../lib/gcc/arm-none-eabi/7.3.1/thumb/v7-m/crtbegin.o
 *(.bss*)
 .bss.FatFs     0x000000002000002c        0x4 Middlewares/Third_Party/FatFs/src/ff.o
 .bss.Fsid      0x0000000020000030        0x2 Middlewares/Third_Party/FatFs/src/ff.o
 *fill*         0x0000000020000032        0x2 
 .bss.Files     0x0000000020000034       0x20 Middlewares/Third_Party/FatFs/src/ff.o
 .bss.disk      0x0000000020000054        0xc Middlewares/Third_Party/FatFs/src/ff_gen_drv.o
                0x0000000020000054                disk
 *(COMMON)
 COMMON         0x0000000020000060      0x874 Core/Src/main.o
                0x0000000020000060                byteswritten
                0x0000000020000064                bytesread
                0x0000000020000068                SDPath
                0x000000002000006c                SDFile
                0x000000002000049c                res
                0x00000000200004a0                SDFatFS
 COMMON         0x00000000200008d4       0x84 Core/Src/sdio.o
                0x00000000200008d4                hsd
 COMMON         0x0000000020000958        0x4 Drivers/STM32L1xx_HAL_Driver/Src/stm32l1xx_hal.o
                0x0000000020000958                uwTick
 COMMON         0x000000002000095c        0x1 FATFS/App/fatfs.o
                0x000000002000095c                retSD
                0x0000000020000960                . = ALIGN (0x4)
 *fill*         0x000000002000095d        0x3 
                0x0000000020000960                _ebss = .
                0x0000000020000960                __bss_end__ = _ebss

._user_heap_stack
                0x0000000020000960      0x600 load address 0x0000000008005e1c
                0x0000000020000960                . = ALIGN (0x8)
                0x0000000020000960                PROVIDE (end = .)
                [!provide]                        PROVIDE (_end = .)
                0x0000000020000b60                . = (. + _Min_Heap_Size)
 *fill*         0x0000000020000960      0x200 
                0x0000000020000f60                . = (. + _Min_Stack_Size)
 *fill*         0x0000000020000b60      0x400 
                0x0000000020000f60                . = ALIGN (0x8)

/DISCARD/
 libc.a(*)
 libm.a(*)
 libgcc.a(*)

.ARM.attributes
                0x0000000000000000       0x29
 *(.ARM.attributes)
 .ARM.attributes
                0x0000000000000000       0x1d c:/st/stm32cubeide_1.0.0/stm32cubeide/plugins/com.st.stm32cube.ide.mcu.externaltools.gnu-tools-for-stm32.7-2018-q2-update.win32_1.0.0.201904181610/tools/bin/../lib/gcc/arm-none-eabi/7.3.1/thumb/v7-m/crti.o
 .ARM.attributes
                0x000000000000001d       0x2d c:/st/stm32cubeide_1.0.0/stm32cubeide/plugins/com.st.stm32cube.ide.mcu.externaltools.gnu-tools-for-stm32.7-2018-q2-update.win32_1.0.0.201904181610/tools/bin/../lib/gcc/arm-none-eabi/7.3.1/thumb/v7-m/crtbegin.o
 .ARM.attributes
                0x000000000000004a       0x33 Core/Src/gpio.o
 .ARM.attributes
                0x000000000000007d       0x33 Core/Src/main.o
 .ARM.attributes
                0x00000000000000b0       0x33 Core/Src/sdio.o
 .ARM.attributes
                0x00000000000000e3       0x33 Core/Src/stm32l1xx_hal_msp.o
 .ARM.attributes
                0x0000000000000116       0x33 Core/Src/stm32l1xx_it.o
 .ARM.attributes
                0x0000000000000149       0x33 Core/Src/system_stm32l1xx.o
 .ARM.attributes
                0x000000000000017c       0x21 Core/Startup/startup_stm32l151rdtx.o
 .ARM.attributes
                0x000000000000019d       0x33 Drivers/STM32L1xx_HAL_Driver/Src/stm32l1xx_hal.o
 .ARM.attributes
                0x00000000000001d0       0x33 Drivers/STM32L1xx_HAL_Driver/Src/stm32l1xx_hal_cortex.o
 .ARM.attributes
                0x0000000000000203       0x33 Drivers/STM32L1xx_HAL_Driver/Src/stm32l1xx_hal_gpio.o
 .ARM.attributes
                0x0000000000000236       0x33 Drivers/STM32L1xx_HAL_Driver/Src/stm32l1xx_hal_rcc.o
 .ARM.attributes
                0x0000000000000269       0x33 Drivers/STM32L1xx_HAL_Driver/Src/stm32l1xx_hal_sd.o
 .ARM.attributes
                0x000000000000029c       0x33 Drivers/STM32L1xx_HAL_Driver/Src/stm32l1xx_ll_sdmmc.o
 .ARM.attributes
                0x00000000000002cf       0x33 FATFS/App/fatfs.o
 .ARM.attributes
                0x0000000000000302       0x33 FATFS/Target/bsp_driver_sd.o
 .ARM.attributes
                0x0000000000000335       0x33 FATFS/Target/sd_diskio.o
 .ARM.attributes
                0x0000000000000368       0x33 Middlewares/Third_Party/FatFs/src/diskio.o
 .ARM.attributes
                0x000000000000039b       0x33 Middlewares/Third_Party/FatFs/src/ff.o
 .ARM.attributes
                0x00000000000003ce       0x33 Middlewares/Third_Party/FatFs/src/ff_gen_drv.o
 .ARM.attributes
                0x0000000000000401       0x2d c:/st/stm32cubeide_1.0.0/stm32cubeide/plugins/com.st.stm32cube.ide.mcu.externaltools.gnu-tools-for-stm32.7-2018-q2-update.win32_1.0.0.201904181610/tools/bin/../lib/gcc/arm-none-eabi/7.3.1/../../../../arm-none-eabi/lib/thumb/v7-m\libc_nano.a(lib_a-init.o)
 .ARM.attributes
                0x000000000000042e       0x2d c:/st/stm32cubeide_1.0.0/stm32cubeide/plugins/com.st.stm32cube.ide.mcu.externaltools.gnu-tools-for-stm32.7-2018-q2-update.win32_1.0.0.201904181610/tools/bin/../lib/gcc/arm-none-eabi/7.3.1/../../../../arm-none-eabi/lib/thumb/v7-m\libc_nano.a(lib_a-memset.o)
 .ARM.attributes
                0x000000000000045b       0x1d c:/st/stm32cubeide_1.0.0/stm32cubeide/plugins/com.st.stm32cube.ide.mcu.externaltools.gnu-tools-for-stm32.7-2018-q2-update.win32_1.0.0.201904181610/tools/bin/../lib/gcc/arm-none-eabi/7.3.1/thumb/v7-m/crtn.o
OUTPUT(yetimote_sdio.elf elf32-littlearm)

.debug_info     0x0000000000000000     0xe2f3
 .debug_info    0x0000000000000000      0x3cb Core/Src/gpio.o
 .debug_info    0x00000000000003cb     0x1654 Core/Src/main.o
 .debug_info    0x0000000000001a1f      0x966 Core/Src/sdio.o
 .debug_info    0x0000000000002385      0x290 Core/Src/stm32l1xx_hal_msp.o
 .debug_info    0x0000000000002615      0x1fc Core/Src/stm32l1xx_it.o
 .debug_info    0x0000000000002811      0x473 Core/Src/system_stm32l1xx.o
 .debug_info    0x0000000000002c84       0x22 Core/Startup/startup_stm32l151rdtx.o
 .debug_info    0x0000000000002ca6      0x71c Drivers/STM32L1xx_HAL_Driver/Src/stm32l1xx_hal.o
 .debug_info    0x00000000000033c2      0xd84 Drivers/STM32L1xx_HAL_Driver/Src/stm32l1xx_hal_cortex.o
 .debug_info    0x0000000000004146      0x69d Drivers/STM32L1xx_HAL_Driver/Src/stm32l1xx_hal_gpio.o
 .debug_info    0x00000000000047e3      0x92c Drivers/STM32L1xx_HAL_Driver/Src/stm32l1xx_hal_rcc.o
 .debug_info    0x000000000000510f     0x1867 Drivers/STM32L1xx_HAL_Driver/Src/stm32l1xx_hal_sd.o
 .debug_info    0x0000000000006976     0x10e0 Drivers/STM32L1xx_HAL_Driver/Src/stm32l1xx_ll_sdmmc.o
 .debug_info    0x0000000000007a56      0xd84 FATFS/App/fatfs.o
 .debug_info    0x00000000000087da      0xa8a FATFS/Target/bsp_driver_sd.o
 .debug_info    0x0000000000009264      0xd06 FATFS/Target/sd_diskio.o
 .debug_info    0x0000000000009f6a      0xcce Middlewares/Third_Party/FatFs/src/diskio.o
 .debug_info    0x000000000000ac38     0x2a55 Middlewares/Third_Party/FatFs/src/ff.o
 .debug_info    0x000000000000d68d      0xc66 Middlewares/Third_Party/FatFs/src/ff_gen_drv.o

.debug_abbrev   0x0000000000000000     0x222f
 .debug_abbrev  0x0000000000000000      0x134 Core/Src/gpio.o
 .debug_abbrev  0x0000000000000134      0x251 Core/Src/main.o
 .debug_abbrev  0x0000000000000385      0x1aa Core/Src/sdio.o
 .debug_abbrev  0x000000000000052f       0xef Core/Src/stm32l1xx_hal_msp.o
 .debug_abbrev  0x000000000000061e       0xac Core/Src/stm32l1xx_it.o
 .debug_abbrev  0x00000000000006ca      0x111 Core/Src/system_stm32l1xx.o
 .debug_abbrev  0x00000000000007db       0x12 Core/Startup/startup_stm32l151rdtx.o
 .debug_abbrev  0x00000000000007ed      0x21b Drivers/STM32L1xx_HAL_Driver/Src/stm32l1xx_hal.o
 .debug_abbrev  0x0000000000000a08      0x2fa Drivers/STM32L1xx_HAL_Driver/Src/stm32l1xx_hal_cortex.o
 .debug_abbrev  0x0000000000000d02      0x1c9 Drivers/STM32L1xx_HAL_Driver/Src/stm32l1xx_hal_gpio.o
 .debug_abbrev  0x0000000000000ecb      0x254 Drivers/STM32L1xx_HAL_Driver/Src/stm32l1xx_hal_rcc.o
 .debug_abbrev  0x000000000000111f      0x23d Drivers/STM32L1xx_HAL_Driver/Src/stm32l1xx_hal_sd.o
 .debug_abbrev  0x000000000000135c      0x1c4 Drivers/STM32L1xx_HAL_Driver/Src/stm32l1xx_ll_sdmmc.o
 .debug_abbrev  0x0000000000001520      0x1df FATFS/App/fatfs.o
 .debug_abbrev  0x00000000000016ff      0x252 FATFS/Target/bsp_driver_sd.o
 .debug_abbrev  0x0000000000001951      0x1fa FATFS/Target/sd_diskio.o
 .debug_abbrev  0x0000000000001b4b      0x209 Middlewares/Third_Party/FatFs/src/diskio.o
 .debug_abbrev  0x0000000000001d54      0x2a5 Middlewares/Third_Party/FatFs/src/ff.o
 .debug_abbrev  0x0000000000001ff9      0x236 Middlewares/Third_Party/FatFs/src/ff_gen_drv.o

.debug_aranges  0x0000000000000000      0xac8
 .debug_aranges
                0x0000000000000000       0x20 Core/Src/gpio.o
 .debug_aranges
                0x0000000000000020       0x30 Core/Src/main.o
 .debug_aranges
                0x0000000000000050       0x30 Core/Src/sdio.o
 .debug_aranges
                0x0000000000000080       0x20 Core/Src/stm32l1xx_hal_msp.o
 .debug_aranges
                0x00000000000000a0       0x60 Core/Src/stm32l1xx_it.o
 .debug_aranges
                0x0000000000000100       0x28 Core/Src/system_stm32l1xx.o
 .debug_aranges
                0x0000000000000128       0x28 Core/Startup/startup_stm32l151rdtx.o
 .debug_aranges
                0x0000000000000150       0xe0 Drivers/STM32L1xx_HAL_Driver/Src/stm32l1xx_hal.o
 .debug_aranges
                0x0000000000000230      0x118 Drivers/STM32L1xx_HAL_Driver/Src/stm32l1xx_hal_cortex.o
 .debug_aranges
                0x0000000000000348       0x58 Drivers/STM32L1xx_HAL_Driver/Src/stm32l1xx_hal_gpio.o
 .debug_aranges
                0x00000000000003a0       0x90 Drivers/STM32L1xx_HAL_Driver/Src/stm32l1xx_hal_rcc.o
 .debug_aranges
                0x0000000000000430      0x168 Drivers/STM32L1xx_HAL_Driver/Src/stm32l1xx_hal_sd.o
 .debug_aranges
                0x0000000000000598      0x178 Drivers/STM32L1xx_HAL_Driver/Src/stm32l1xx_ll_sdmmc.o
 .debug_aranges
                0x0000000000000710       0x28 FATFS/App/fatfs.o
 .debug_aranges
                0x0000000000000738       0xb8 FATFS/Target/bsp_driver_sd.o
 .debug_aranges
                0x00000000000007f0       0x48 FATFS/Target/sd_diskio.o
 .debug_aranges
                0x0000000000000838       0x48 Middlewares/Third_Party/FatFs/src/diskio.o
 .debug_aranges
                0x0000000000000880      0x208 Middlewares/Third_Party/FatFs/src/ff.o
 .debug_aranges
                0x0000000000000a88       0x40 Middlewares/Third_Party/FatFs/src/ff_gen_drv.o

.debug_ranges   0x0000000000000000      0x9a0
 .debug_ranges  0x0000000000000000       0x10 Core/Src/gpio.o
 .debug_ranges  0x0000000000000010       0x20 Core/Src/main.o
 .debug_ranges  0x0000000000000030       0x20 Core/Src/sdio.o
 .debug_ranges  0x0000000000000050       0x10 Core/Src/stm32l1xx_hal_msp.o
 .debug_ranges  0x0000000000000060       0x50 Core/Src/stm32l1xx_it.o
 .debug_ranges  0x00000000000000b0       0x18 Core/Src/system_stm32l1xx.o
 .debug_ranges  0x00000000000000c8       0x20 Core/Startup/startup_stm32l151rdtx.o
 .debug_ranges  0x00000000000000e8       0xd0 Drivers/STM32L1xx_HAL_Driver/Src/stm32l1xx_hal.o
 .debug_ranges  0x00000000000001b8      0x108 Drivers/STM32L1xx_HAL_Driver/Src/stm32l1xx_hal_cortex.o
 .debug_ranges  0x00000000000002c0       0x48 Drivers/STM32L1xx_HAL_Driver/Src/stm32l1xx_hal_gpio.o
 .debug_ranges  0x0000000000000308       0x80 Drivers/STM32L1xx_HAL_Driver/Src/stm32l1xx_hal_rcc.o
 .debug_ranges  0x0000000000000388      0x158 Drivers/STM32L1xx_HAL_Driver/Src/stm32l1xx_hal_sd.o
 .debug_ranges  0x00000000000004e0      0x168 Drivers/STM32L1xx_HAL_Driver/Src/stm32l1xx_ll_sdmmc.o
 .debug_ranges  0x0000000000000648       0x18 FATFS/App/fatfs.o
 .debug_ranges  0x0000000000000660       0xa8 FATFS/Target/bsp_driver_sd.o
 .debug_ranges  0x0000000000000708       0x38 FATFS/Target/sd_diskio.o
 .debug_ranges  0x0000000000000740       0x38 Middlewares/Third_Party/FatFs/src/diskio.o
 .debug_ranges  0x0000000000000778      0x1f8 Middlewares/Third_Party/FatFs/src/ff.o
 .debug_ranges  0x0000000000000970       0x30 Middlewares/Third_Party/FatFs/src/ff_gen_drv.o

.debug_macro    0x0000000000000000    0x1831c
 .debug_macro   0x0000000000000000      0x1b9 Core/Src/gpio.o
 .debug_macro   0x00000000000001b9      0xa5a Core/Src/gpio.o
 .debug_macro   0x0000000000000c13      0x106 Core/Src/gpio.o
 .debug_macro   0x0000000000000d19       0x2e Core/Src/gpio.o
 .debug_macro   0x0000000000000d47       0x22 Core/Src/gpio.o
 .debug_macro   0x0000000000000d69       0x22 Core/Src/gpio.o
 .debug_macro   0x0000000000000d8b       0x8e Core/Src/gpio.o
 .debug_macro   0x0000000000000e19       0x51 Core/Src/gpio.o
 .debug_macro   0x0000000000000e6a       0xef Core/Src/gpio.o
 .debug_macro   0x0000000000000f59       0x6a Core/Src/gpio.o
 .debug_macro   0x0000000000000fc3      0x1df Core/Src/gpio.o
 .debug_macro   0x00000000000011a2       0x1c Core/Src/gpio.o
 .debug_macro   0x00000000000011be       0x22 Core/Src/gpio.o
 .debug_macro   0x00000000000011e0       0xc3 Core/Src/gpio.o
 .debug_macro   0x00000000000012a3      0xe49 Core/Src/gpio.o
 .debug_macro   0x00000000000020ec      0x11f Core/Src/gpio.o
 .debug_macro   0x000000000000220b     0xc9c2 Core/Src/gpio.o
 .debug_macro   0x000000000000ebcd       0x43 Core/Src/gpio.o
 .debug_macro   0x000000000000ec10     0x3468 Core/Src/gpio.o
 .debug_macro   0x0000000000012078      0x174 Core/Src/gpio.o
 .debug_macro   0x00000000000121ec       0x5b Core/Src/gpio.o
 .debug_macro   0x0000000000012247      0xe38 Core/Src/gpio.o
 .debug_macro   0x000000000001307f      0x386 Core/Src/gpio.o
 .debug_macro   0x0000000000013405      0x13b Core/Src/gpio.o
 .debug_macro   0x0000000000013540       0xcb Core/Src/gpio.o
 .debug_macro   0x000000000001360b      0x21e Core/Src/gpio.o
 .debug_macro   0x0000000000013829      0x236 Core/Src/gpio.o
 .debug_macro   0x0000000000013a5f      0x10e Core/Src/gpio.o
 .debug_macro   0x0000000000013b6d      0x480 Core/Src/gpio.o
 .debug_macro   0x0000000000013fed      0x1e9 Core/Src/gpio.o
 .debug_macro   0x00000000000141d6       0x22 Core/Src/gpio.o
 .debug_macro   0x00000000000141f8      0x861 Core/Src/gpio.o
 .debug_macro   0x0000000000014a59      0x1d5 Core/Src/gpio.o
 .debug_macro   0x0000000000014c2e      0x49f Core/Src/gpio.o
 .debug_macro   0x00000000000150cd       0x1c Core/Src/gpio.o
 .debug_macro   0x00000000000150e9      0x2e8 Core/Src/main.o
 .debug_macro   0x00000000000153d1       0x40 Core/Src/main.o
 .debug_macro   0x0000000000015411       0xe5 Core/Src/main.o
 .debug_macro   0x00000000000154f6       0x18 Core/Src/main.o
 .debug_macro   0x000000000001550e       0x46 Core/Src/main.o
 .debug_macro   0x0000000000015554       0x3c Core/Src/main.o
 .debug_macro   0x0000000000015590       0x34 Core/Src/main.o
 .debug_macro   0x00000000000155c4       0x16 Core/Src/main.o
 .debug_macro   0x00000000000155da       0x35 Core/Src/main.o
 .debug_macro   0x000000000001560f       0x52 Core/Src/main.o
 .debug_macro   0x0000000000015661       0x1f Core/Src/main.o
 .debug_macro   0x0000000000015680       0x43 Core/Src/main.o
 .debug_macro   0x00000000000156c3       0x20 Core/Src/main.o
 .debug_macro   0x00000000000156e3      0x1a3 Core/Src/main.o
 .debug_macro   0x0000000000015886      0x32a Core/Src/main.o
 .debug_macro   0x0000000000015bb0       0x16 Core/Src/main.o
 .debug_macro   0x0000000000015bc6       0x29 Core/Src/main.o
 .debug_macro   0x0000000000015bef       0x12 Core/Src/main.o
 .debug_macro   0x0000000000015c01       0xe2 Core/Src/main.o
 .debug_macro   0x0000000000015ce3       0x8e Core/Src/main.o
 .debug_macro   0x0000000000015d71      0x1b9 Core/Src/sdio.o
 .debug_macro   0x0000000000015f2a      0x1af Core/Src/stm32l1xx_hal_msp.o
 .debug_macro   0x00000000000160d9      0x1b9 Core/Src/stm32l1xx_it.o
 .debug_macro   0x0000000000016292      0x1a6 Core/Src/system_stm32l1xx.o
 .debug_macro   0x0000000000016438      0x1c4 Drivers/STM32L1xx_HAL_Driver/Src/stm32l1xx_hal.o
 .debug_macro   0x00000000000165fc      0x1a0 Drivers/STM32L1xx_HAL_Driver/Src/stm32l1xx_hal_cortex.o
 .debug_macro   0x000000000001679c      0x1d8 Drivers/STM32L1xx_HAL_Driver/Src/stm32l1xx_hal_gpio.o
 .debug_macro   0x0000000000016974      0x1b2 Drivers/STM32L1xx_HAL_Driver/Src/stm32l1xx_hal_rcc.o
 .debug_macro   0x0000000000016b26      0x1a1 Drivers/STM32L1xx_HAL_Driver/Src/stm32l1xx_hal_sd.o
 .debug_macro   0x0000000000016cc7      0x1a1 Drivers/STM32L1xx_HAL_Driver/Src/stm32l1xx_ll_sdmmc.o
 .debug_macro   0x0000000000016e68      0x2d0 FATFS/App/fatfs.o
 .debug_macro   0x0000000000017138      0x1af FATFS/Target/bsp_driver_sd.o
 .debug_macro   0x00000000000172e7       0x3a FATFS/Target/bsp_driver_sd.o
 .debug_macro   0x0000000000017321      0x2d3 FATFS/Target/sd_diskio.o
 .debug_macro   0x00000000000175f4       0x16 FATFS/Target/sd_diskio.o
 .debug_macro   0x000000000001760a       0x7c FATFS/Target/sd_diskio.o
 .debug_macro   0x0000000000017686      0x2bd Middlewares/Third_Party/FatFs/src/diskio.o
 .debug_macro   0x0000000000017943      0x6c4 Middlewares/Third_Party/FatFs/src/ff.o
 .debug_macro   0x0000000000018007       0x58 Middlewares/Third_Party/FatFs/src/ff.o
 .debug_macro   0x000000000001805f      0x2bd Middlewares/Third_Party/FatFs/src/ff_gen_drv.o

.debug_line     0x0000000000000000     0xaf2f
 .debug_line    0x0000000000000000      0x678 Core/Src/gpio.o
 .debug_line    0x0000000000000678      0x8be Core/Src/main.o
 .debug_line    0x0000000000000f36      0x6af Core/Src/sdio.o
 .debug_line    0x00000000000015e5      0x675 Core/Src/stm32l1xx_hal_msp.o
 .debug_line    0x0000000000001c5a      0x718 Core/Src/stm32l1xx_it.o
 .debug_line    0x0000000000002372      0x69b Core/Src/system_stm32l1xx.o
 .debug_line    0x0000000000002a0d       0x84 Core/Startup/startup_stm32l151rdtx.o
 .debug_line    0x0000000000002a91      0x850 Drivers/STM32L1xx_HAL_Driver/Src/stm32l1xx_hal.o
 .debug_line    0x00000000000032e1      0x99b Drivers/STM32L1xx_HAL_Driver/Src/stm32l1xx_hal_cortex.o
 .debug_line    0x0000000000003c7c      0x82e Drivers/STM32L1xx_HAL_Driver/Src/stm32l1xx_hal_gpio.o
 .debug_line    0x00000000000044aa      0x979 Drivers/STM32L1xx_HAL_Driver/Src/stm32l1xx_hal_rcc.o
 .debug_line    0x0000000000004e23      0xf8d Drivers/STM32L1xx_HAL_Driver/Src/stm32l1xx_hal_sd.o
 .debug_line    0x0000000000005db0      0xb1f Drivers/STM32L1xx_HAL_Driver/Src/stm32l1xx_ll_sdmmc.o
 .debug_line    0x00000000000068cf      0x85d FATFS/App/fatfs.o
 .debug_line    0x000000000000712c      0x7f9 FATFS/Target/bsp_driver_sd.o
 .debug_line    0x0000000000007925      0x8cc FATFS/Target/sd_diskio.o
 .debug_line    0x00000000000081f1      0x887 Middlewares/Third_Party/FatFs/src/diskio.o
 .debug_line    0x0000000000008a78     0x1c30 Middlewares/Third_Party/FatFs/src/ff.o
 .debug_line    0x000000000000a6a8      0x887 Middlewares/Third_Party/FatFs/src/ff_gen_drv.o

.debug_str      0x0000000000000000    0x8f709
 .debug_str     0x0000000000000000    0x88821 Core/Src/gpio.o
                                      0x88ab0 (size before relaxing)
 .debug_str     0x0000000000088821     0x3e96 Core/Src/main.o
                                      0x8c9d1 (size before relaxing)
 .debug_str     0x000000000008c6b7       0x4c Core/Src/sdio.o
                                      0x88ee2 (size before relaxing)
 .debug_str     0x000000000008c703       0x2c Core/Src/stm32l1xx_hal_msp.o
                                      0x88a15 (size before relaxing)
 .debug_str     0x000000000008c72f       0xbd Core/Src/stm32l1xx_it.o
                                      0x88a3a (size before relaxing)
 .debug_str     0x000000000008c7ec       0xcb Core/Src/system_stm32l1xx.o
                                      0x88a5f (size before relaxing)
 .debug_str     0x000000000008c8b7       0x36 Core/Startup/startup_stm32l151rdtx.o
                                         0x76 (size before relaxing)
 .debug_str     0x000000000008c8ed      0x641 Drivers/STM32L1xx_HAL_Driver/Src/stm32l1xx_hal.o
                                      0x890d2 (size before relaxing)
 .debug_str     0x000000000008cf2e      0x3c1 Drivers/STM32L1xx_HAL_Driver/Src/stm32l1xx_hal_cortex.o
                                      0x89211 (size before relaxing)
 .debug_str     0x000000000008d2ef      0x214 Drivers/STM32L1xx_HAL_Driver/Src/stm32l1xx_hal_gpio.o
                                      0x88c83 (size before relaxing)
 .debug_str     0x000000000008d503      0x296 Drivers/STM32L1xx_HAL_Driver/Src/stm32l1xx_hal_rcc.o
                                      0x88e5b (size before relaxing)
 .debug_str     0x000000000008d799      0x74e Drivers/STM32L1xx_HAL_Driver/Src/stm32l1xx_hal_sd.o
                                      0x8955c (size before relaxing)
 .debug_str     0x000000000008dee7      0x441 Drivers/STM32L1xx_HAL_Driver/Src/stm32l1xx_ll_sdmmc.o
                                      0x88f49 (size before relaxing)
 .debug_str     0x000000000008e328       0x2f FATFS/App/fatfs.o
                                      0x8c27d (size before relaxing)
 .debug_str     0x000000000008e357      0x1a3 FATFS/Target/bsp_driver_sd.o
                                      0x890b7 (size before relaxing)
 .debug_str     0x000000000008e4fa       0xa0 FATFS/Target/sd_diskio.o
                                      0x8c264 (size before relaxing)
 .debug_str     0x000000000008e59a       0x57 Middlewares/Third_Party/FatFs/src/diskio.o
                                      0x8c1a3 (size before relaxing)
 .debug_str     0x000000000008e5f1     0x1076 Middlewares/Third_Party/FatFs/src/ff.o
                                      0x8d3cc (size before relaxing)
 .debug_str     0x000000000008f667       0xa2 Middlewares/Third_Party/FatFs/src/ff_gen_drv.o
                                      0x8c1f4 (size before relaxing)

.comment        0x0000000000000000       0x7b
 .comment       0x0000000000000000       0x7b Core/Src/gpio.o
                                         0x7c (size before relaxing)
 .comment       0x000000000000007b       0x7c Core/Src/main.o
 .comment       0x000000000000007b       0x7c Core/Src/sdio.o
 .comment       0x000000000000007b       0x7c Core/Src/stm32l1xx_hal_msp.o
 .comment       0x000000000000007b       0x7c Core/Src/stm32l1xx_it.o
 .comment       0x000000000000007b       0x7c Core/Src/system_stm32l1xx.o
 .comment       0x000000000000007b       0x7c Drivers/STM32L1xx_HAL_Driver/Src/stm32l1xx_hal.o
 .comment       0x000000000000007b       0x7c Drivers/STM32L1xx_HAL_Driver/Src/stm32l1xx_hal_cortex.o
 .comment       0x000000000000007b       0x7c Drivers/STM32L1xx_HAL_Driver/Src/stm32l1xx_hal_gpio.o
 .comment       0x000000000000007b       0x7c Drivers/STM32L1xx_HAL_Driver/Src/stm32l1xx_hal_rcc.o
 .comment       0x000000000000007b       0x7c Drivers/STM32L1xx_HAL_Driver/Src/stm32l1xx_hal_sd.o
 .comment       0x000000000000007b       0x7c Drivers/STM32L1xx_HAL_Driver/Src/stm32l1xx_ll_sdmmc.o
 .comment       0x000000000000007b       0x7c FATFS/App/fatfs.o
 .comment       0x000000000000007b       0x7c FATFS/Target/bsp_driver_sd.o
 .comment       0x000000000000007b       0x7c FATFS/Target/sd_diskio.o
 .comment       0x000000000000007b       0x7c Middlewares/Third_Party/FatFs/src/diskio.o
 .comment       0x000000000000007b       0x7c Middlewares/Third_Party/FatFs/src/ff.o
 .comment       0x000000000000007b       0x7c Middlewares/Third_Party/FatFs/src/ff_gen_drv.o

.debug_frame    0x0000000000000000     0x2a2c
 .debug_frame   0x0000000000000000       0x34 Core/Src/gpio.o
 .debug_frame   0x0000000000000034       0x78 Core/Src/main.o
 .debug_frame   0x00000000000000ac       0x78 Core/Src/sdio.o
 .debug_frame   0x0000000000000124       0x38 Core/Src/stm32l1xx_hal_msp.o
 .debug_frame   0x000000000000015c      0x10c Core/Src/stm32l1xx_it.o
 .debug_frame   0x0000000000000268       0x58 Core/Src/system_stm32l1xx.o
 .debug_frame   0x00000000000002c0      0x33c Drivers/STM32L1xx_HAL_Driver/Src/stm32l1xx_hal.o
 .debug_frame   0x00000000000005fc      0x498 Drivers/STM32L1xx_HAL_Driver/Src/stm32l1xx_hal_cortex.o
 .debug_frame   0x0000000000000a94      0x14c Drivers/STM32L1xx_HAL_Driver/Src/stm32l1xx_hal_gpio.o
 .debug_frame   0x0000000000000be0      0x21c Drivers/STM32L1xx_HAL_Driver/Src/stm32l1xx_hal_rcc.o
 .debug_frame   0x0000000000000dfc      0x650 Drivers/STM32L1xx_HAL_Driver/Src/stm32l1xx_hal_sd.o
 .debug_frame   0x000000000000144c      0x690 Drivers/STM32L1xx_HAL_Driver/Src/stm32l1xx_ll_sdmmc.o
 .debug_frame   0x0000000000001adc       0x4c FATFS/App/fatfs.o
 .debug_frame   0x0000000000001b28      0x2d0 FATFS/Target/bsp_driver_sd.o
 .debug_frame   0x0000000000001df8       0xe8 FATFS/Target/sd_diskio.o
 .debug_frame   0x0000000000001ee0       0xec Middlewares/Third_Party/FatFs/src/diskio.o
 .debug_frame   0x0000000000001fcc      0x94c Middlewares/Third_Party/FatFs/src/ff.o
 .debug_frame   0x0000000000002918       0xc8 Middlewares/Third_Party/FatFs/src/ff_gen_drv.o
 .debug_frame   0x00000000000029e0       0x2c c:/st/stm32cubeide_1.0.0/stm32cubeide/plugins/com.st.stm32cube.ide.mcu.externaltools.gnu-tools-for-stm32.7-2018-q2-update.win32_1.0.0.201904181610/tools/bin/../lib/gcc/arm-none-eabi/7.3.1/../../../../arm-none-eabi/lib/thumb/v7-m\libc_nano.a(lib_a-init.o)
 .debug_frame   0x0000000000002a0c       0x20 c:/st/stm32cubeide_1.0.0/stm32cubeide/plugins/com.st.stm32cube.ide.mcu.externaltools.gnu-tools-for-stm32.7-2018-q2-update.win32_1.0.0.201904181610/tools/bin/../lib/gcc/arm-none-eabi/7.3.1/../../../../arm-none-eabi/lib/thumb/v7-m\libc_nano.a(lib_a-memset.o)
