custom_bus.c:91:9:BSP_I2C1_Init	16	static
custom_bus.c:135:9:BSP_I2C1_DeInit	16	static
custom_bus.c:163:9:BSP_I2C1_IsReady	24	static
custom_bus.c:184:9:BSP_I2C1_WriteReg	48	static
custom_bus.c:210:10:BSP_I2C1_ReadReg	48	static
custom_bus.c:238:9:BSP_I2C1_WriteReg16	48	static
custom_bus.c:264:10:BSP_I2C1_ReadReg16	48	static
custom_bus.c:289:9:BSP_I2C1_Send	32	static
custom_bus.c:314:9:BSP_I2C1_Recv	32	static
custom_bus.c:389:9:BSP_GetTick	8	static
custom_bus.c:395:26:MX_I2C1_Init	24	static
custom_bus.c:415:13:I2C1_MspInit	48	static
custom_bus.c:441:13:I2C1_MspDeInit	16	static
