Archive member included to satisfy reference by file (symbol)

c:/st/stm32cubeide_1.0.0/stm32cubeide/plugins/com.st.stm32cube.ide.mcu.externaltools.gnu-tools-for-stm32.7-2018-q2-update.win32_1.0.0.201904181610/tools/bin/../lib/gcc/arm-none-eabi/7.3.1/../../../../arm-none-eabi/lib/thumb/v7-m\libc_nano.a(lib_a-errno.o)
                              Core/Src/syscalls.o (__errno)
c:/st/stm32cubeide_1.0.0/stm32cubeide/plugins/com.st.stm32cube.ide.mcu.externaltools.gnu-tools-for-stm32.7-2018-q2-update.win32_1.0.0.201904181610/tools/bin/../lib/gcc/arm-none-eabi/7.3.1/../../../../arm-none-eabi/lib/thumb/v7-m\libc_nano.a(lib_a-exit.o)
                              c:/st/stm32cubeide_1.0.0/stm32cubeide/plugins/com.st.stm32cube.ide.mcu.externaltools.gnu-tools-for-stm32.7-2018-q2-update.win32_1.0.0.201904181610/tools/bin/../lib/gcc/arm-none-eabi/7.3.1/../../../../arm-none-eabi/lib/thumb/v7-m/crt0.o (exit)
c:/st/stm32cubeide_1.0.0/stm32cubeide/plugins/com.st.stm32cube.ide.mcu.externaltools.gnu-tools-for-stm32.7-2018-q2-update.win32_1.0.0.201904181610/tools/bin/../lib/gcc/arm-none-eabi/7.3.1/../../../../arm-none-eabi/lib/thumb/v7-m\libc_nano.a(lib_a-impure.o)
                              c:/st/stm32cubeide_1.0.0/stm32cubeide/plugins/com.st.stm32cube.ide.mcu.externaltools.gnu-tools-for-stm32.7-2018-q2-update.win32_1.0.0.201904181610/tools/bin/../lib/gcc/arm-none-eabi/7.3.1/../../../../arm-none-eabi/lib/thumb/v7-m\libc_nano.a(lib_a-exit.o) (_global_impure_ptr)
c:/st/stm32cubeide_1.0.0/stm32cubeide/plugins/com.st.stm32cube.ide.mcu.externaltools.gnu-tools-for-stm32.7-2018-q2-update.win32_1.0.0.201904181610/tools/bin/../lib/gcc/arm-none-eabi/7.3.1/../../../../arm-none-eabi/lib/thumb/v7-m\libc_nano.a(lib_a-init.o)
                              c:/st/stm32cubeide_1.0.0/stm32cubeide/plugins/com.st.stm32cube.ide.mcu.externaltools.gnu-tools-for-stm32.7-2018-q2-update.win32_1.0.0.201904181610/tools/bin/../lib/gcc/arm-none-eabi/7.3.1/../../../../arm-none-eabi/lib/thumb/v7-m/crt0.o (__libc_init_array)
c:/st/stm32cubeide_1.0.0/stm32cubeide/plugins/com.st.stm32cube.ide.mcu.externaltools.gnu-tools-for-stm32.7-2018-q2-update.win32_1.0.0.201904181610/tools/bin/../lib/gcc/arm-none-eabi/7.3.1/../../../../arm-none-eabi/lib/thumb/v7-m\libc_nano.a(lib_a-memcpy-stub.o)
                              FATFS/Target/sd_diskio.o (memcpy)
c:/st/stm32cubeide_1.0.0/stm32cubeide/plugins/com.st.stm32cube.ide.mcu.externaltools.gnu-tools-for-stm32.7-2018-q2-update.win32_1.0.0.201904181610/tools/bin/../lib/gcc/arm-none-eabi/7.3.1/../../../../arm-none-eabi/lib/thumb/v7-m\libc_nano.a(lib_a-memset.o)
                              c:/st/stm32cubeide_1.0.0/stm32cubeide/plugins/com.st.stm32cube.ide.mcu.externaltools.gnu-tools-for-stm32.7-2018-q2-update.win32_1.0.0.201904181610/tools/bin/../lib/gcc/arm-none-eabi/7.3.1/../../../../arm-none-eabi/lib/thumb/v7-m/crt0.o (memset)
c:/st/stm32cubeide_1.0.0/stm32cubeide/plugins/com.st.stm32cube.ide.mcu.externaltools.gnu-tools-for-stm32.7-2018-q2-update.win32_1.0.0.201904181610/tools/bin/../lib/gcc/arm-none-eabi/7.3.1/thumb/v7-m\libgcc.a(_arm_addsubsf3.o)
                              Drivers/BSP/Components/hts221/hts221.o (__aeabi_fsub)
c:/st/stm32cubeide_1.0.0/stm32cubeide/plugins/com.st.stm32cube.ide.mcu.externaltools.gnu-tools-for-stm32.7-2018-q2-update.win32_1.0.0.201904181610/tools/bin/../lib/gcc/arm-none-eabi/7.3.1/thumb/v7-m\libgcc.a(_arm_muldivsf3.o)
                              Drivers/BSP/Components/hts221/hts221.o (__aeabi_fmul)
c:/st/stm32cubeide_1.0.0/stm32cubeide/plugins/com.st.stm32cube.ide.mcu.externaltools.gnu-tools-for-stm32.7-2018-q2-update.win32_1.0.0.201904181610/tools/bin/../lib/gcc/arm-none-eabi/7.3.1/thumb/v7-m\libgcc.a(_arm_cmpsf2.o)
                              Drivers/BSP/Components/hts221/hts221.o (__aeabi_fcmplt)

Allocating common symbols
Common symbol       size              file

retSD               0x1               FATFS/App/fatfs.o
defaultTaskHandle   0x4               Core/Src/freertos.o
byteswritten        0x4               Core/Src/freertos.o
microSDTaskHandle   0x4               Core/Src/freertos.o
hi2c1               0x54              Core/Src/custom_bus.o
hts221TaskHandle    0x4               Core/Src/freertos.o
ID                  0x1               MEMS/App/app_x-cube-mems1.o
uwTick              0x4               Drivers/STM32L1xx_HAL_Driver/Src/stm32l1xx_hal.o
xQueueRegistry      0x40              Middlewares/Third_Party/FreeRTOS/Source/queue.o
temperature         0x4               MEMS/App/app_x-cube-mems1.o
pFlash              0x18              Drivers/STM32L1xx_HAL_Driver/Src/stm32l1xx_hal_flash.o
hdma_sd_mmc         0x44              Core/Src/sdio.o
humidity            0x4               MEMS/App/app_x-cube-mems1.o
SDPath              0x4               Core/Src/freertos.o
hsd                 0x84              Core/Src/sdio.o
htim2               0x3c              Core/Src/stm32l1xx_hal_timebase_tim.o
SDFile              0x230             Core/Src/freertos.o
[...]
Memory Configuration

Name             Origin             Length             Attributes
RAM              0x0000000020000000 0x000000000000c000 xrw
FLASH            0x0000000008000000 0x0000000000060000 xr
*default*        0x0000000000000000 0xffffffffffffffff

Linker script and memory map

LOAD c:/st/stm32cubeide_1.0.0/stm32cubeide/plugins/com.st.stm32cube.ide.mcu.externaltools.gnu-tools-for-stm32.7-2018-q2-update.win32_1.0.0.201904181610/tools/bin/../lib/gcc/arm-none-eabi/7.3.1/thumb/v7-m/crti.o
LOAD c:/st/stm32cubeide_1.0.0/stm32cubeide/plugins/com.st.stm32cube.ide.mcu.externaltools.gnu-tools-for-stm32.7-2018-q2-update.win32_1.0.0.201904181610/tools/bin/../lib/gcc/arm-none-eabi/7.3.1/thumb/v7-m/crtbegin.o
LOAD c:/st/stm32cubeide_1.0.0/stm32cubeide/plugins/com.st.stm32cube.ide.mcu.externaltools.gnu-tools-for-stm32.7-2018-q2-update.win32_1.0.0.201904181610/tools/bin/../lib/gcc/arm-none-eabi/7.3.1/../../../../arm-none-eabi/lib/thumb/v7-m/crt0.o
LOAD Core/Src/custom_bus.o
LOAD Core/Src/dma.o
LOAD Core/Src/freertos.o
LOAD Core/Src/gpio.o
LOAD Core/Src/main.o
LOAD Core/Src/sdio.o
LOAD Core/Src/stm32l1xx_hal_msp.o
LOAD Core/Src/stm32l1xx_hal_timebase_tim.o
LOAD Core/Src/stm32l1xx_it.o
LOAD Core/Src/sys.o
LOAD Core/Src/syscalls.o
LOAD Core/Src/sysmem.o
LOAD Core/Src/system_stm32l1xx.o
LOAD Core/Startup/startup_stm32l151rdtx.o
LOAD Drivers/BSP/Components/hts221/hts221.o
LOAD Drivers/BSP/Components/hts221/hts221_reg.o
LOAD Drivers/STM32L1xx_HAL_Driver/Src/stm32l1xx_hal.o
LOAD Drivers/STM32L1xx_HAL_Driver/Src/stm32l1xx_hal_cortex.o
LOAD Drivers/STM32L1xx_HAL_Driver/Src/stm32l1xx_hal_dma.o
LOAD Drivers/STM32L1xx_HAL_Driver/Src/stm32l1xx_hal_flash.o
LOAD Drivers/STM32L1xx_HAL_Driver/Src/stm32l1xx_hal_flash_ex.o
LOAD Drivers/STM32L1xx_HAL_Driver/Src/stm32l1xx_hal_flash_ramfunc.o
LOAD Drivers/STM32L1xx_HAL_Driver/Src/stm32l1xx_hal_gpio.o
LOAD Drivers/STM32L1xx_HAL_Driver/Src/stm32l1xx_hal_i2c.o
LOAD Drivers/STM32L1xx_HAL_Driver/Src/stm32l1xx_hal_pwr.o
LOAD Drivers/STM32L1xx_HAL_Driver/Src/stm32l1xx_hal_pwr_ex.o
LOAD Drivers/STM32L1xx_HAL_Driver/Src/stm32l1xx_hal_rcc.o
LOAD Drivers/STM32L1xx_HAL_Driver/Src/stm32l1xx_hal_rcc_ex.o
LOAD Drivers/STM32L1xx_HAL_Driver/Src/stm32l1xx_hal_sd.o
LOAD Drivers/STM32L1xx_HAL_Driver/Src/stm32l1xx_hal_tim.o
LOAD Drivers/STM32L1xx_HAL_Driver/Src/stm32l1xx_hal_tim_ex.o
LOAD Drivers/STM32L1xx_HAL_Driver/Src/stm32l1xx_ll_sdmmc.o
LOAD FATFS/App/fatfs.o
LOAD FATFS/Target/bsp_driver_sd.o
LOAD FATFS/Target/sd_diskio.o
LOAD MEMS/App/app_x-cube-mems1.o
LOAD Middlewares/Third_Party/FatFs/src/diskio.o
LOAD Middlewares/Third_Party/FatFs/src/ff.o
LOAD Middlewares/Third_Party/FatFs/src/ff_gen_drv.o
LOAD Middlewares/Third_Party/FatFs/src/option/syscall.o
LOAD Middlewares/Third_Party/FreeRTOS/Source/CMSIS_RTOS/cmsis_os.o
LOAD Middlewares/Third_Party/FreeRTOS/Source/croutine.o
LOAD Middlewares/Third_Party/FreeRTOS/Source/event_groups.o
LOAD Middlewares/Third_Party/FreeRTOS/Source/list.o
LOAD Middlewares/Third_Party/FreeRTOS/Source/queue.o
LOAD Middlewares/Third_Party/FreeRTOS/Source/stream_buffer.o
LOAD Middlewares/Third_Party/FreeRTOS/Source/tasks.o
LOAD Middlewares/Third_Party/FreeRTOS/Source/timers.o
LOAD Middlewares/Third_Party/FreeRTOS/Source/portable/GCC/ARM_CM3/port.o
LOAD Middlewares/Third_Party/FreeRTOS/Source/portable/MemMang/heap_4.o
START GROUP
LOAD c:/st/stm32cubeide_1.0.0/stm32cubeide/plugins/com.st.stm32cube.ide.mcu.externaltools.gnu-tools-for-stm32.7-2018-q2-update.win32_1.0.0.201904181610/tools/bin/../lib/gcc/arm-none-eabi/7.3.1/../../../../arm-none-eabi/lib/thumb/v7-m\libc_nano.a
LOAD c:/st/stm32cubeide_1.0.0/stm32cubeide/plugins/com.st.stm32cube.ide.mcu.externaltools.gnu-tools-for-stm32.7-2018-q2-update.win32_1.0.0.201904181610/tools/bin/../lib/gcc/arm-none-eabi/7.3.1/../../../../arm-none-eabi/lib/thumb/v7-m\libm.a
END GROUP
START GROUP
LOAD c:/st/stm32cubeide_1.0.0/stm32cubeide/plugins/com.st.stm32cube.ide.mcu.externaltools.gnu-tools-for-stm32.7-2018-q2-update.win32_1.0.0.201904181610/tools/bin/../lib/gcc/arm-none-eabi/7.3.1/thumb/v7-m\libgcc.a
LOAD c:/st/stm32cubeide_1.0.0/stm32cubeide/plugins/com.st.stm32cube.ide.mcu.externaltools.gnu-tools-for-stm32.7-2018-q2-update.win32_1.0.0.201904181610/tools/bin/../lib/gcc/arm-none-eabi/7.3.1/../../../../arm-none-eabi/lib/thumb/v7-m\libc_nano.a
END GROUP
START GROUP
LOAD c:/st/stm32cubeide_1.0.0/stm32cubeide/plugins/com.st.stm32cube.ide.mcu.externaltools.gnu-tools-for-stm32.7-2018-q2-update.win32_1.0.0.201904181610/tools/bin/../lib/gcc/arm-none-eabi/7.3.1/thumb/v7-m\libgcc.a
LOAD c:/st/stm32cubeide_1.0.0/stm32cubeide/plugins/com.st.stm32cube.ide.mcu.externaltools.gnu-tools-for-stm32.7-2018-q2-update.win32_1.0.0.201904181610/tools/bin/../lib/gcc/arm-none-eabi/7.3.1/../../../../arm-none-eabi/lib/thumb/v7-m\libc_nano.a
LOAD c:/st/stm32cubeide_1.0.0/stm32cubeide/plugins/com.st.stm32cube.ide.mcu.externaltools.gnu-tools-for-stm32.7-2018-q2-update.win32_1.0.0.201904181610/tools/bin/../lib/gcc/arm-none-eabi/7.3.1/../../../../arm-none-eabi/lib/thumb/v7-m\libnosys.a
END GROUP
START GROUP
LOAD c:/st/stm32cubeide_1.0.0/stm32cubeide/plugins/com.st.stm32cube.ide.mcu.externaltools.gnu-tools-for-stm32.7-2018-q2-update.win32_1.0.0.201904181610/tools/bin/../lib/gcc/arm-none-eabi/7.3.1/thumb/v7-m\libgcc.a
LOAD c:/st/stm32cubeide_1.0.0/stm32cubeide/plugins/com.st.stm32cube.ide.mcu.externaltools.gnu-tools-for-stm32.7-2018-q2-update.win32_1.0.0.201904181610/tools/bin/../lib/gcc/arm-none-eabi/7.3.1/../../../../arm-none-eabi/lib/thumb/v7-m\libc_nano.a
LOAD c:/st/stm32cubeide_1.0.0/stm32cubeide/plugins/com.st.stm32cube.ide.mcu.externaltools.gnu-tools-for-stm32.7-2018-q2-update.win32_1.0.0.201904181610/tools/bin/../lib/gcc/arm-none-eabi/7.3.1/../../../../arm-none-eabi/lib/thumb/v7-m\libnosys.a
END GROUP
LOAD c:/st/stm32cubeide_1.0.0/stm32cubeide/plugins/com.st.stm32cube.ide.mcu.externaltools.gnu-tools-for-stm32.7-2018-q2-update.win32_1.0.0.201904181610/tools/bin/../lib/gcc/arm-none-eabi/7.3.1/thumb/v7-m/crtend.o
LOAD c:/st/stm32cubeide_1.0.0/stm32cubeide/plugins/com.st.stm32cube.ide.mcu.externaltools.gnu-tools-for-stm32.7-2018-q2-update.win32_1.0.0.201904181610/tools/bin/../lib/gcc/arm-none-eabi/7.3.1/thumb/v7-m/crtn.o
                0x000000002000c000                _estack = (ORIGIN (RAM) + LENGTH (RAM))
                0x0000000000000200                _Min_Heap_Size = 0x200
                0x0000000000000400                _Min_Stack_Size = 0x400

.isr_vector     0x0000000008000000      0x13c
                0x0000000008000000                . = ALIGN (0x4)
 *(.isr_vector)
 .isr_vector    0x0000000008000000      0x13c Core/Startup/startup_stm32l151rdtx.o
                0x0000000008000000                g_pfnVectors
                0x000000000800013c                . = ALIGN (0x4)

.text           0x0000000008000140     0xbe74
                0x0000000008000140                . = ALIGN (0x4)
 *(.text)
 .text          0x0000000008000140       0x40 c:/st/stm32cubeide_1.0.0/stm32cubeide/plugins/com.st.stm32cube.ide.mcu.externaltools.gnu-tools-for-stm32.7-2018-q2-update.win32_1.0.0.201904181610/tools/bin/../lib/gcc/arm-none-eabi/7.3.1/thumb/v7-m/crtbegin.o
 .text          0x0000000008000180      0x21c c:/st/stm32cubeide_1.0.0/stm32cubeide/plugins/com.st.stm32cube.ide.mcu.externaltools.gnu-tools-for-stm32.7-2018-q2-update.win32_1.0.0.201904181610/tools/bin/../lib/gcc/arm-none-eabi/7.3.1/thumb/v7-m\libgcc.a(_arm_addsubsf3.o)
                0x0000000008000180                __aeabi_frsub
                0x0000000008000188                __subsf3
                0x0000000008000188                __aeabi_fsub
                0x000000000800018c                __aeabi_fadd
                0x000000000800018c                __addsf3
                0x00000000080002ec                __aeabi_ui2f
                0x00000000080002ec                __floatunsisf
                0x00000000080002f4                __aeabi_i2f
                0x00000000080002f4                __floatsisf
                0x0000000008000310                __aeabi_ul2f
                0x0000000008000310                __floatundisf
                0x0000000008000320                __aeabi_l2f
                0x0000000008000320                __floatdisf
 .text          0x000000000800039c      0x2a0 c:/st/stm32cubeide_1.0.0/stm32cubeide/plugins/com.st.stm32cube.ide.mcu.externaltools.gnu-tools-for-stm32.7-2018-q2-update.win32_1.0.0.201904181610/tools/bin/../lib/gcc/arm-none-eabi/7.3.1/thumb/v7-m\libgcc.a(_arm_muldivsf3.o)
                0x000000000800039c                __mulsf3
                0x000000000800039c                __aeabi_fmul
                0x0000000008000504                __aeabi_fdiv
                0x0000000008000504                __divsf3
 .text          0x000000000800063c       0xec c:/st/stm32cubeide_1.0.0/stm32cubeide/plugins/com.st.stm32cube.ide.mcu.externaltools.gnu-tools-for-stm32.7-2018-q2-update.win32_1.0.0.201904181610/tools/bin/../lib/gcc/arm-none-eabi/7.3.1/thumb/v7-m\libgcc.a(_arm_cmpsf2.o)
                0x000000000800063c                __gesf2
                0x000000000800063c                __gtsf2
                0x0000000008000644                __lesf2
                0x0000000008000644                __ltsf2
                0x000000000800064c                __nesf2
                0x000000000800064c                __eqsf2
                0x000000000800064c                __cmpsf2
                0x00000000080006ac                __aeabi_cfrcmple
                0x00000000080006b4                __aeabi_cfcmpeq
                0x00000000080006b4                __aeabi_cfcmple
                0x00000000080006c4                __aeabi_fcmpeq
                0x00000000080006d8                __aeabi_fcmplt
                0x00000000080006ec                __aeabi_fcmple
                0x0000000008000700                __aeabi_fcmpge
                0x0000000008000714                __aeabi_fcmpgt
 *(.text*)
 .text.BSP_I2C1_Init
                0x0000000008000728       0x64 Core/Src/custom_bus.o
                0x0000000008000728                BSP_I2C1_Init
 .text.BSP_I2C1_DeInit
                0x000000000800078c       0x50 Core/Src/custom_bus.o
                0x000000000800078c                BSP_I2C1_DeInit
 .text.BSP_I2C1_WriteReg
                0x00000000080007dc       0x64 Core/Src/custom_bus.o
                0x00000000080007dc                BSP_I2C1_WriteReg
 .text.BSP_I2C1_ReadReg
                0x0000000008000840       0x64 Core/Src/custom_bus.o
                0x0000000008000840                BSP_I2C1_ReadReg
 .text.BSP_GetTick
                0x00000000080008a4        0xe Core/Src/custom_bus.o
                0x00000000080008a4                BSP_GetTick
 *fill*         0x00000000080008b2        0x2 
 .text.MX_I2C1_Init
                0x00000000080008b4       0x68 Core/Src/custom_bus.o
                0x00000000080008b4                MX_I2C1_Init
 .text.I2C1_MspInit
                0x000000000800091c       0x68 Core/Src/custom_bus.o
 .text.I2C1_MspDeInit
                0x0000000008000984       0x2c Core/Src/custom_bus.o
 .text.MX_DMA_Init
                0x00000000080009b0       0x3c Core/Src/dma.o
                0x00000000080009b0                MX_DMA_Init
 .text.vApplicationGetIdleTaskMemory
                0x00000000080009ec       0x30 Core/Src/freertos.o
                0x00000000080009ec                vApplicationGetIdleTaskMemory
 .text.MX_FREERTOS_Init
                0x0000000008000a1c       0xc4 Core/Src/freertos.o
                0x0000000008000a1c                MX_FREERTOS_Init
 .text.StartDefaultTask
                0x0000000008000ae0       0x18 Core/Src/freertos.o
                0x0000000008000ae0                StartDefaultTask
 .text.blinkingLED
                0x0000000008000af8       0x20 Core/Src/freertos.o
                0x0000000008000af8                blinkingLED
 .text.microSD  0x0000000008000b18       0xbc Core/Src/freertos.o
                0x0000000008000b18                microSD
 .text.HTS221   0x0000000008000bd4       0x14 Core/Src/freertos.o
                0x0000000008000bd4                HTS221
 .text.MX_GPIO_Init
                0x0000000008000be8       0x98 Core/Src/gpio.o
                0x0000000008000be8                MX_GPIO_Init
 .text.main     0x0000000008000c80       0x22 Core/Src/main.o
                0x0000000008000c80                main
 *fill*         0x0000000008000ca2        0x2 
 .text.SystemClock_Config
                0x0000000008000ca4       0x9c Core/Src/main.o
                0x0000000008000ca4                SystemClock_Config
 .text.HAL_TIM_PeriodElapsedCallback
                0x0000000008000d40       0x1e Core/Src/main.o
                0x0000000008000d40                HAL_TIM_PeriodElapsedCallback
 .text.Error_Handler
                0x0000000008000d5e        0xc Core/Src/main.o
                0x0000000008000d5e                Error_Handler
 *fill*         0x0000000008000d6a        0x2 
 .text.MX_SDIO_SD_Init
                0x0000000008000d6c       0x40 Core/Src/sdio.o
                0x0000000008000d6c                MX_SDIO_SD_Init
 .text.HAL_SD_MspInit
                0x0000000008000dac      0x13c Core/Src/sdio.o
                0x0000000008000dac                HAL_SD_MspInit
 .text.HAL_MspInit
                0x0000000008000ee8       0x68 Core/Src/stm32l1xx_hal_msp.o
                0x0000000008000ee8                HAL_MspInit
 .text.HAL_InitTick
                0x0000000008000f50       0xac Core/Src/stm32l1xx_hal_timebase_tim.o
                0x0000000008000f50                HAL_InitTick
 .text.NMI_Handler
                0x0000000008000ffc        0xc Core/Src/stm32l1xx_it.o
                0x0000000008000ffc                NMI_Handler
 .text.HardFault_Handler
                0x0000000008001008        0x6 Core/Src/stm32l1xx_it.o
                0x0000000008001008                HardFault_Handler
 .text.MemManage_Handler
                0x000000000800100e        0x6 Core/Src/stm32l1xx_it.o
                0x000000000800100e                MemManage_Handler
 .text.BusFault_Handler
                0x0000000008001014        0x6 Core/Src/stm32l1xx_it.o
                0x0000000008001014                BusFault_Handler
 .text.UsageFault_Handler
                0x000000000800101a        0x6 Core/Src/stm32l1xx_it.o
                0x000000000800101a                UsageFault_Handler
 .text.DebugMon_Handler
                0x0000000008001020        0xc Core/Src/stm32l1xx_it.o
                0x0000000008001020                DebugMon_Handler
 .text.TIM2_IRQHandler
                0x000000000800102c       0x14 Core/Src/stm32l1xx_it.o
                0x000000000800102c                TIM2_IRQHandler
 .text.SDIO_IRQHandler
                0x0000000008001040       0x14 Core/Src/stm32l1xx_it.o
                0x0000000008001040                SDIO_IRQHandler
 .text.DMA2_Channel4_IRQHandler
                0x0000000008001054       0x44 Core/Src/stm32l1xx_it.o
                0x0000000008001054                DMA2_Channel4_IRQHandler
 .text.SystemInit
                0x0000000008001098       0x68 Core/Src/system_stm32l1xx.o
                0x0000000008001098                SystemInit
 .text.Reset_Handler
                0x0000000008001100       0x48 Core/Startup/startup_stm32l151rdtx.o
                0x0000000008001100                Reset_Handler
 .text.Default_Handler
                0x0000000008001148        0x2 Core/Startup/startup_stm32l151rdtx.o
                0x0000000008001148                RTC_Alarm_IRQHandler
                0x0000000008001148                EXTI2_IRQHandler
                0x0000000008001148                COMP_ACQ_IRQHandler
                0x0000000008001148                TIM10_IRQHandler
                0x0000000008001148                USB_HP_IRQHandler
                0x0000000008001148                TIM6_IRQHandler
                0x0000000008001148                PVD_IRQHandler
                0x0000000008001148                EXTI3_IRQHandler
                0x0000000008001148                EXTI0_IRQHandler
                0x0000000008001148                I2C2_EV_IRQHandler
                0x0000000008001148                SPI1_IRQHandler
                0x0000000008001148                USB_FS_WKUP_IRQHandler
                0x0000000008001148                DMA2_Channel2_IRQHandler
                0x0000000008001148                DMA1_Channel4_IRQHandler
                0x0000000008001148                ADC1_IRQHandler
                0x0000000008001148                USART3_IRQHandler
                0x0000000008001148                DMA1_Channel7_IRQHandler
                0x0000000008001148                UART5_IRQHandler
                0x0000000008001148                TIM4_IRQHandler
                0x0000000008001148                DMA2_Channel1_IRQHandler
                0x0000000008001148                I2C1_EV_IRQHandler
                0x0000000008001148                DMA1_Channel6_IRQHandler
                0x0000000008001148                UART4_IRQHandler
                0x0000000008001148                TIM3_IRQHandler
                0x0000000008001148                RCC_IRQHandler
                0x0000000008001148                DMA1_Channel1_IRQHandler
                0x0000000008001148                Default_Handler
                0x0000000008001148                EXTI15_10_IRQHandler
                0x0000000008001148                TIM7_IRQHandler
                0x0000000008001148                TIM5_IRQHandler
                0x0000000008001148                EXTI9_5_IRQHandler
                0x0000000008001148                TIM9_IRQHandler
                0x0000000008001148                TAMPER_STAMP_IRQHandler
                0x0000000008001148                RTC_WKUP_IRQHandler
                0x0000000008001148                SPI2_IRQHandler
                0x0000000008001148                DMA2_Channel5_IRQHandler
                0x0000000008001148                DMA1_Channel5_IRQHandler
                0x0000000008001148                USB_LP_IRQHandler
                0x0000000008001148                EXTI4_IRQHandler
                0x0000000008001148                DMA1_Channel3_IRQHandler
                0x0000000008001148                COMP_IRQHandler
                0x0000000008001148                WWDG_IRQHandler
                0x0000000008001148                DAC_IRQHandler
                0x0000000008001148                EXTI1_IRQHandler
                0x0000000008001148                TIM11_IRQHandler
                0x0000000008001148                USART2_IRQHandler
                0x0000000008001148                I2C2_ER_IRQHandler
                0x0000000008001148                DMA1_Channel2_IRQHandler
                0x0000000008001148                FLASH_IRQHandler
                0x0000000008001148                USART1_IRQHandler
                0x0000000008001148                SPI3_IRQHandler
                0x0000000008001148                I2C1_ER_IRQHandler
                0x0000000008001148                DMA2_Channel3_IRQHandler
 *fill*         0x000000000800114a        0x2 
 .text.HTS221_RegisterBusIO
                0x000000000800114c       0x8c Drivers/BSP/Components/hts221/hts221.o
                0x000000000800114c                HTS221_RegisterBusIO
 .text.HTS221_Init
                0x00000000080011d8       0x36 Drivers/BSP/Components/hts221/hts221.o
                0x00000000080011d8                HTS221_Init
 .text.HTS221_ReadID
                0x000000000800120e       0x2c Drivers/BSP/Components/hts221/hts221.o
                0x000000000800120e                HTS221_ReadID
 .text.HTS221_Get_Init_Status
                0x000000000800123a       0x2c Drivers/BSP/Components/hts221/hts221.o
                0x000000000800123a                HTS221_Get_Init_Status
 .text.HTS221_HUM_Enable
                0x0000000008001266       0x4a Drivers/BSP/Components/hts221/hts221.o
                0x0000000008001266                HTS221_HUM_Enable
 .text.HTS221_HUM_GetHumidity
                0x00000000080012b0      0x138 Drivers/BSP/Components/hts221/hts221.o
                0x00000000080012b0                HTS221_HUM_GetHumidity
 .text.HTS221_TEMP_Enable
                0x00000000080013e8       0x4a Drivers/BSP/Components/hts221/hts221.o
                0x00000000080013e8                HTS221_TEMP_Enable
 .text.HTS221_TEMP_GetTemperature
                0x0000000008001432      0x100 Drivers/BSP/Components/hts221/hts221.o
                0x0000000008001432                HTS221_TEMP_GetTemperature
 *fill*         0x0000000008001532        0x2 
 .text.HTS221_SetOutputDataRate
                0x0000000008001534       0x5c Drivers/BSP/Components/hts221/hts221.o
 .text.HTS221_Initialize
                0x0000000008001590       0x58 Drivers/BSP/Components/hts221/hts221.o
 .text.Linear_Interpolation
                0x00000000080015e8       0x88 Drivers/BSP/Components/hts221/hts221.o
 .text.ReadRegWrap
                0x0000000008001670       0x62 Drivers/BSP/Components/hts221/hts221.o
 .text.WriteRegWrap
                0x00000000080016d2       0x62 Drivers/BSP/Components/hts221/hts221.o
 .text.hts221_read_reg
                0x0000000008001734       0x30 Drivers/BSP/Components/hts221/hts221_reg.o
                0x0000000008001734                hts221_read_reg
 .text.hts221_write_reg
                0x0000000008001764       0x30 Drivers/BSP/Components/hts221/hts221_reg.o
                0x0000000008001764                hts221_write_reg
 .text.hts221_data_rate_set
                0x0000000008001794       0x4c Drivers/BSP/Components/hts221/hts221_reg.o
                0x0000000008001794                hts221_data_rate_set
 .text.hts221_block_data_update_set
                0x00000000080017e0       0x4c Drivers/BSP/Components/hts221/hts221_reg.o
                0x00000000080017e0                hts221_block_data_update_set
 .text.hts221_humidity_raw_get
                0x000000000800182c       0x22 Drivers/BSP/Components/hts221/hts221_reg.o
                0x000000000800182c                hts221_humidity_raw_get
 .text.hts221_temperature_raw_get
                0x000000000800184e       0x22 Drivers/BSP/Components/hts221/hts221_reg.o
                0x000000000800184e                hts221_temperature_raw_get
 .text.hts221_device_id_get
                0x0000000008001870       0x22 Drivers/BSP/Components/hts221/hts221_reg.o
                0x0000000008001870                hts221_device_id_get
 .text.hts221_power_on_set
                0x0000000008001892       0x4c Drivers/BSP/Components/hts221/hts221_reg.o
                0x0000000008001892                hts221_power_on_set
 .text.hts221_hum_rh_point_0_get
                0x00000000080018de       0x2e Drivers/BSP/Components/hts221/hts221_reg.o
                0x00000000080018de                hts221_hum_rh_point_0_get
 .text.hts221_hum_rh_point_1_get
                0x000000000800190c       0x2e Drivers/BSP/Components/hts221/hts221_reg.o
                0x000000000800190c                hts221_hum_rh_point_1_get
 .text.hts221_temp_deg_point_0_get
                0x000000000800193a       0x54 Drivers/BSP/Components/hts221/hts221_reg.o
                0x000000000800193a                hts221_temp_deg_point_0_get
 .text.hts221_temp_deg_point_1_get
                0x000000000800198e       0x54 Drivers/BSP/Components/hts221/hts221_reg.o
                0x000000000800198e                hts221_temp_deg_point_1_get
 .text.hts221_hum_adc_point_0_get
                0x00000000080019e2       0x22 Drivers/BSP/Components/hts221/hts221_reg.o
                0x00000000080019e2                hts221_hum_adc_point_0_get
 .text.hts221_hum_adc_point_1_get
                0x0000000008001a04       0x22 Drivers/BSP/Components/hts221/hts221_reg.o
                0x0000000008001a04                hts221_hum_adc_point_1_get
 .text.hts221_temp_adc_point_0_get
                0x0000000008001a26       0x22 Drivers/BSP/Components/hts221/hts221_reg.o
                0x0000000008001a26                hts221_temp_adc_point_0_get
 .text.hts221_temp_adc_point_1_get
                0x0000000008001a48       0x22 Drivers/BSP/Components/hts221/hts221_reg.o
                0x0000000008001a48                hts221_temp_adc_point_1_get
 .text.HAL_Init
                0x0000000008001a6a       0x30 Drivers/STM32L1xx_HAL_Driver/Src/stm32l1xx_hal.o
                0x0000000008001a6a                HAL_Init
 *fill*         0x0000000008001a9a        0x2 
 .text.HAL_IncTick
                0x0000000008001a9c       0x24 Drivers/STM32L1xx_HAL_Driver/Src/stm32l1xx_hal.o
                0x0000000008001a9c                HAL_IncTick
 .text.HAL_GetTick
                0x0000000008001ac0       0x14 Drivers/STM32L1xx_HAL_Driver/Src/stm32l1xx_hal.o
                0x0000000008001ac0                HAL_GetTick
 .text.HAL_Delay
                0x0000000008001ad4       0x44 Drivers/STM32L1xx_HAL_Driver/Src/stm32l1xx_hal.o
                0x0000000008001ad4                HAL_Delay
 .text.__NVIC_SetPriorityGrouping
                0x0000000008001b18       0x48 Drivers/STM32L1xx_HAL_Driver/Src/stm32l1xx_hal_cortex.o
 .text.__NVIC_GetPriorityGrouping
                0x0000000008001b60       0x1c Drivers/STM32L1xx_HAL_Driver/Src/stm32l1xx_hal_cortex.o
 .text.__NVIC_EnableIRQ
                0x0000000008001b7c       0x38 Drivers/STM32L1xx_HAL_Driver/Src/stm32l1xx_hal_cortex.o
 .text.__NVIC_SetPriority
                0x0000000008001bb4       0x54 Drivers/STM32L1xx_HAL_Driver/Src/stm32l1xx_hal_cortex.o
 .text.NVIC_EncodePriority
                0x0000000008001c08       0x64 Drivers/STM32L1xx_HAL_Driver/Src/stm32l1xx_hal_cortex.o
 .text.HAL_NVIC_SetPriorityGrouping
                0x0000000008001c6c       0x16 Drivers/STM32L1xx_HAL_Driver/Src/stm32l1xx_hal_cortex.o
                0x0000000008001c6c                HAL_NVIC_SetPriorityGrouping
 .text.HAL_NVIC_SetPriority
                0x0000000008001c82       0x38 Drivers/STM32L1xx_HAL_Driver/Src/stm32l1xx_hal_cortex.o
                0x0000000008001c82                HAL_NVIC_SetPriority
 .text.HAL_NVIC_EnableIRQ
                0x0000000008001cba       0x1c Drivers/STM32L1xx_HAL_Driver/Src/stm32l1xx_hal_cortex.o
                0x0000000008001cba                HAL_NVIC_EnableIRQ
 *fill*         0x0000000008001cd6        0x2 
 .text.HAL_DMA_Init
                0x0000000008001cd8       0xe8 Drivers/STM32L1xx_HAL_Driver/Src/stm32l1xx_hal_dma.o
                0x0000000008001cd8                HAL_DMA_Init
 .text.HAL_DMA_DeInit
                0x0000000008001dc0       0xdc Drivers/STM32L1xx_HAL_Driver/Src/stm32l1xx_hal_dma.o
                0x0000000008001dc0                HAL_DMA_DeInit
 .text.HAL_DMA_Start_IT
                0x0000000008001e9c       0xc0 Drivers/STM32L1xx_HAL_Driver/Src/stm32l1xx_hal_dma.o
                0x0000000008001e9c                HAL_DMA_Start_IT
 .text.HAL_DMA_Abort
                0x0000000008001f5c       0x7a Drivers/STM32L1xx_HAL_Driver/Src/stm32l1xx_hal_dma.o
                0x0000000008001f5c                HAL_DMA_Abort
 .text.HAL_DMA_Abort_IT
                0x0000000008001fd6       0x82 Drivers/STM32L1xx_HAL_Driver/Src/stm32l1xx_hal_dma.o
                0x0000000008001fd6                HAL_DMA_Abort_IT
 .text.HAL_DMA_IRQHandler
                0x0000000008002058      0x15e Drivers/STM32L1xx_HAL_Driver/Src/stm32l1xx_hal_dma.o
                0x0000000008002058                HAL_DMA_IRQHandler
 .text.DMA_SetConfig
                0x00000000080021b6       0x5e Drivers/STM32L1xx_HAL_Driver/Src/stm32l1xx_hal_dma.o
 .text.HAL_GPIO_Init
                0x0000000008002214      0x31c Drivers/STM32L1xx_HAL_Driver/Src/stm32l1xx_hal_gpio.o
                0x0000000008002214                HAL_GPIO_Init
 .text.HAL_GPIO_DeInit
                0x0000000008002530      0x1e0 Drivers/STM32L1xx_HAL_Driver/Src/stm32l1xx_hal_gpio.o
                0x0000000008002530                HAL_GPIO_DeInit
 .text.HAL_GPIO_WritePin
                0x0000000008002710       0x30 Drivers/STM32L1xx_HAL_Driver/Src/stm32l1xx_hal_gpio.o
                0x0000000008002710                HAL_GPIO_WritePin
 .text.HAL_GPIO_TogglePin
                0x0000000008002740       0x32 Drivers/STM32L1xx_HAL_Driver/Src/stm32l1xx_hal_gpio.o
                0x0000000008002740                HAL_GPIO_TogglePin
 *fill*         0x0000000008002772        0x2 
 .text.HAL_I2C_Init
                0x0000000008002774      0x250 Drivers/STM32L1xx_HAL_Driver/Src/stm32l1xx_hal_i2c.o
                0x0000000008002774                HAL_I2C_Init
 .text.HAL_I2C_DeInit
                0x00000000080029c4       0x5e Drivers/STM32L1xx_HAL_Driver/Src/stm32l1xx_hal_i2c.o
                0x00000000080029c4                HAL_I2C_DeInit
 .text.HAL_I2C_MspInit
                0x0000000008002a22       0x12 Drivers/STM32L1xx_HAL_Driver/Src/stm32l1xx_hal_i2c.o
                0x0000000008002a22                HAL_I2C_MspInit
 .text.HAL_I2C_MspDeInit
                0x0000000008002a34       0x12 Drivers/STM32L1xx_HAL_Driver/Src/stm32l1xx_hal_i2c.o
                0x0000000008002a34                HAL_I2C_MspDeInit
 *fill*         0x0000000008002a46        0x2 
 .text.HAL_I2C_Mem_Write
                0x0000000008002a48      0x1f4 Drivers/STM32L1xx_HAL_Driver/Src/stm32l1xx_hal_i2c.o
                0x0000000008002a48                HAL_I2C_Mem_Write
 .text.HAL_I2C_Mem_Read
                0x0000000008002c3c      0x44c Drivers/STM32L1xx_HAL_Driver/Src/stm32l1xx_hal_i2c.o
                0x0000000008002c3c                HAL_I2C_Mem_Read
 .text.HAL_I2C_GetState
                0x0000000008003088       0x1a Drivers/STM32L1xx_HAL_Driver/Src/stm32l1xx_hal_i2c.o
                0x0000000008003088                HAL_I2C_GetState
 .text.HAL_I2C_GetError
                0x00000000080030a2       0x16 Drivers/STM32L1xx_HAL_Driver/Src/stm32l1xx_hal_i2c.o
                0x00000000080030a2                HAL_I2C_GetError
 .text.I2C_RequestMemoryWrite
                0x00000000080030b8      0x114 Drivers/STM32L1xx_HAL_Driver/Src/stm32l1xx_hal_i2c.o
 .text.I2C_RequestMemoryRead
                0x00000000080031cc      0x1a0 Drivers/STM32L1xx_HAL_Driver/Src/stm32l1xx_hal_i2c.o
 .text.I2C_WaitOnFlagUntilTimeout
                0x000000000800336c       0xae Drivers/STM32L1xx_HAL_Driver/Src/stm32l1xx_hal_i2c.o
 .text.I2C_WaitOnMasterAddressFlagUntilTimeout
                0x000000000800341a       0xfe Drivers/STM32L1xx_HAL_Driver/Src/stm32l1xx_hal_i2c.o
 .text.I2C_WaitOnTXEFlagUntilTimeout
                0x0000000008003518       0x82 Drivers/STM32L1xx_HAL_Driver/Src/stm32l1xx_hal_i2c.o
 .text.I2C_WaitOnBTFFlagUntilTimeout
                0x000000000800359a       0x82 Drivers/STM32L1xx_HAL_Driver/Src/stm32l1xx_hal_i2c.o
 .text.I2C_WaitOnRXNEFlagUntilTimeout
                0x000000000800361c       0xac Drivers/STM32L1xx_HAL_Driver/Src/stm32l1xx_hal_i2c.o
 .text.I2C_IsAcknowledgeFailed
                0x00000000080036c8       0x5c Drivers/STM32L1xx_HAL_Driver/Src/stm32l1xx_hal_i2c.o
 .text.HAL_RCC_OscConfig
                0x0000000008003724      0x660 Drivers/STM32L1xx_HAL_Driver/Src/stm32l1xx_hal_rcc.o
                0x0000000008003724                HAL_RCC_OscConfig
 .text.HAL_RCC_ClockConfig
                0x0000000008003d84      0x268 Drivers/STM32L1xx_HAL_Driver/Src/stm32l1xx_hal_rcc.o
                0x0000000008003d84                HAL_RCC_ClockConfig
 .text.HAL_RCC_GetSysClockFreq
                0x0000000008003fec       0xb0 Drivers/STM32L1xx_HAL_Driver/Src/stm32l1xx_hal_rcc.o
                0x0000000008003fec                HAL_RCC_GetSysClockFreq
 .text.HAL_RCC_GetHCLKFreq
                0x000000000800409c       0x14 Drivers/STM32L1xx_HAL_Driver/Src/stm32l1xx_hal_rcc.o
                0x000000000800409c                HAL_RCC_GetHCLKFreq
 .text.HAL_RCC_GetPCLK1Freq
                0x00000000080040b0       0x28 Drivers/STM32L1xx_HAL_Driver/Src/stm32l1xx_hal_rcc.o
                0x00000000080040b0                HAL_RCC_GetPCLK1Freq
 .text.HAL_RCC_GetClockConfig
                0x00000000080040d8       0x60 Drivers/STM32L1xx_HAL_Driver/Src/stm32l1xx_hal_rcc.o
                0x00000000080040d8                HAL_RCC_GetClockConfig
 .text.RCC_SetFlashLatencyFromMSIRange
                0x0000000008004138       0xc0 Drivers/STM32L1xx_HAL_Driver/Src/stm32l1xx_hal_rcc.o
 .text.HAL_SD_Init
                0x00000000080041f8       0x60 Drivers/STM32L1xx_HAL_Driver/Src/stm32l1xx_hal_sd.o
                0x00000000080041f8                HAL_SD_Init
 .text.HAL_SD_InitCard
                0x0000000008004258       0xd4 Drivers/STM32L1xx_HAL_Driver/Src/stm32l1xx_hal_sd.o
                0x0000000008004258                HAL_SD_InitCard
 .text.HAL_SD_ReadBlocks_DMA
                0x000000000800432c      0x1d4 Drivers/STM32L1xx_HAL_Driver/Src/stm32l1xx_hal_sd.o
                0x000000000800432c                HAL_SD_ReadBlocks_DMA
 .text.HAL_SD_WriteBlocks_DMA
                0x0000000008004500      0x1e0 Drivers/STM32L1xx_HAL_Driver/Src/stm32l1xx_hal_sd.o
                0x0000000008004500                HAL_SD_WriteBlocks_DMA
 .text.HAL_SD_IRQHandler
                0x00000000080046e0      0x30c Drivers/STM32L1xx_HAL_Driver/Src/stm32l1xx_hal_sd.o
                0x00000000080046e0                HAL_SD_IRQHandler
 .text.HAL_SD_ErrorCallback
                0x00000000080049ec       0x12 Drivers/STM32L1xx_HAL_Driver/Src/stm32l1xx_hal_sd.o
                0x00000000080049ec                HAL_SD_ErrorCallback
 *fill*         0x00000000080049fe        0x2 
 .text.HAL_SD_GetCardCSD
                0x0000000008004a00      0x348 Drivers/STM32L1xx_HAL_Driver/Src/stm32l1xx_hal_sd.o
                0x0000000008004a00                HAL_SD_GetCardCSD
 .text.HAL_SD_GetCardInfo
                0x0000000008004d48       0x56 Drivers/STM32L1xx_HAL_Driver/Src/stm32l1xx_hal_sd.o
                0x0000000008004d48                HAL_SD_GetCardInfo
 *fill*         0x0000000008004d9e        0x2 
 .text.HAL_SD_ConfigWideBusOperation
                0x0000000008004da0       0xf8 Drivers/STM32L1xx_HAL_Driver/Src/stm32l1xx_hal_sd.o
                0x0000000008004da0                HAL_SD_ConfigWideBusOperation
 .text.HAL_SD_GetCardState
                0x0000000008004e98       0x40 Drivers/STM32L1xx_HAL_Driver/Src/stm32l1xx_hal_sd.o
                0x0000000008004e98                HAL_SD_GetCardState
 .text.SD_DMATransmitCplt
                0x0000000008004ed8       0x28 Drivers/STM32L1xx_HAL_Driver/Src/stm32l1xx_hal_sd.o
 .text.SD_DMAReceiveCplt
                0x0000000008004f00       0x70 Drivers/STM32L1xx_HAL_Driver/Src/stm32l1xx_hal_sd.o
 .text.SD_DMAError
                0x0000000008004f70       0x98 Drivers/STM32L1xx_HAL_Driver/Src/stm32l1xx_hal_sd.o
 .text.SD_DMATxAbort
                0x0000000008005008       0x6e Drivers/STM32L1xx_HAL_Driver/Src/stm32l1xx_hal_sd.o
 .text.SD_DMARxAbort
                0x0000000008005076       0x6e Drivers/STM32L1xx_HAL_Driver/Src/stm32l1xx_hal_sd.o
 .text.SD_InitCard
                0x00000000080050e4      0x19a Drivers/STM32L1xx_HAL_Driver/Src/stm32l1xx_hal_sd.o
 *fill*         0x000000000800527e        0x2 
 .text.SD_PowerON
                0x0000000008005280      0x11c Drivers/STM32L1xx_HAL_Driver/Src/stm32l1xx_hal_sd.o
 .text.SD_SendStatus
                0x000000000800539c       0x50 Drivers/STM32L1xx_HAL_Driver/Src/stm32l1xx_hal_sd.o
 .text.SD_WideBus_Enable
                0x00000000080053ec       0x96 Drivers/STM32L1xx_HAL_Driver/Src/stm32l1xx_hal_sd.o
 .text.SD_WideBus_Disable
                0x0000000008005482       0x96 Drivers/STM32L1xx_HAL_Driver/Src/stm32l1xx_hal_sd.o
 .text.SD_FindSCR
                0x0000000008005518      0x194 Drivers/STM32L1xx_HAL_Driver/Src/stm32l1xx_hal_sd.o
 .text.SD_Read_IT
                0x00000000080056ac       0xa2 Drivers/STM32L1xx_HAL_Driver/Src/stm32l1xx_hal_sd.o
 .text.SD_Write_IT
                0x000000000800574e       0xaa Drivers/STM32L1xx_HAL_Driver/Src/stm32l1xx_hal_sd.o
 .text.HAL_TIM_Base_Init
                0x00000000080057f8       0x56 Drivers/STM32L1xx_HAL_Driver/Src/stm32l1xx_hal_tim.o
                0x00000000080057f8                HAL_TIM_Base_Init
 .text.HAL_TIM_Base_MspInit
                0x000000000800584e       0x12 Drivers/STM32L1xx_HAL_Driver/Src/stm32l1xx_hal_tim.o
                0x000000000800584e                HAL_TIM_Base_MspInit
 .text.HAL_TIM_Base_Start_IT
                0x0000000008005860       0x46 Drivers/STM32L1xx_HAL_Driver/Src/stm32l1xx_hal_tim.o
                0x0000000008005860                HAL_TIM_Base_Start_IT
 .text.HAL_TIM_IRQHandler
                0x00000000080058a6      0x1b8 Drivers/STM32L1xx_HAL_Driver/Src/stm32l1xx_hal_tim.o
                0x00000000080058a6                HAL_TIM_IRQHandler
 .text.HAL_TIM_OC_DelayElapsedCallback
                0x0000000008005a5e       0x12 Drivers/STM32L1xx_HAL_Driver/Src/stm32l1xx_hal_tim.o
                0x0000000008005a5e                HAL_TIM_OC_DelayElapsedCallback
 .text.HAL_TIM_IC_CaptureCallback
                0x0000000008005a70       0x12 Drivers/STM32L1xx_HAL_Driver/Src/stm32l1xx_hal_tim.o
                0x0000000008005a70                HAL_TIM_IC_CaptureCallback
 .text.HAL_TIM_PWM_PulseFinishedCallback
                0x0000000008005a82       0x12 Drivers/STM32L1xx_HAL_Driver/Src/stm32l1xx_hal_tim.o
                0x0000000008005a82                HAL_TIM_PWM_PulseFinishedCallback
 .text.HAL_TIM_TriggerCallback
                0x0000000008005a94       0x12 Drivers/STM32L1xx_HAL_Driver/Src/stm32l1xx_hal_tim.o
                0x0000000008005a94                HAL_TIM_TriggerCallback
 *fill*         0x0000000008005aa6        0x2 
 .text.TIM_Base_SetConfig
                0x0000000008005aa8       0xe0 Drivers/STM32L1xx_HAL_Driver/Src/stm32l1xx_hal_tim.o
 .text.SDIO_Init
                0x0000000008005b88       0x54 Drivers/STM32L1xx_HAL_Driver/Src/stm32l1xx_ll_sdmmc.o
                0x0000000008005b88                SDIO_Init
 .text.SDIO_ReadFIFO
                0x0000000008005bdc       0x18 Drivers/STM32L1xx_HAL_Driver/Src/stm32l1xx_ll_sdmmc.o
                0x0000000008005bdc                SDIO_ReadFIFO
 .text.SDIO_WriteFIFO
                0x0000000008005bf4       0x20 Drivers/STM32L1xx_HAL_Driver/Src/stm32l1xx_ll_sdmmc.o
                0x0000000008005bf4                SDIO_WriteFIFO
 .text.SDIO_PowerState_ON
                0x0000000008005c14       0x1e Drivers/STM32L1xx_HAL_Driver/Src/stm32l1xx_ll_sdmmc.o
                0x0000000008005c14                SDIO_PowerState_ON
 .text.SDIO_GetPowerState
                0x0000000008005c32       0x1a Drivers/STM32L1xx_HAL_Driver/Src/stm32l1xx_ll_sdmmc.o
                0x0000000008005c32                SDIO_GetPowerState
 .text.SDIO_SendCommand
                0x0000000008005c4c       0x52 Drivers/STM32L1xx_HAL_Driver/Src/stm32l1xx_ll_sdmmc.o
                0x0000000008005c4c                SDIO_SendCommand
 .text.SDIO_GetCommandResponse
                0x0000000008005c9e       0x18 Drivers/STM32L1xx_HAL_Driver/Src/stm32l1xx_ll_sdmmc.o
                0x0000000008005c9e                SDIO_GetCommandResponse
 .text.SDIO_GetResponse
                0x0000000008005cb6       0x24 Drivers/STM32L1xx_HAL_Driver/Src/stm32l1xx_ll_sdmmc.o
                0x0000000008005cb6                SDIO_GetResponse
 .text.SDIO_ConfigData
                0x0000000008005cda       0x56 Drivers/STM32L1xx_HAL_Driver/Src/stm32l1xx_ll_sdmmc.o
                0x0000000008005cda                SDIO_ConfigData
 .text.SDMMC_CmdBlockLength
                0x0000000008005d30       0x44 Drivers/STM32L1xx_HAL_Driver/Src/stm32l1xx_ll_sdmmc.o
                0x0000000008005d30                SDMMC_CmdBlockLength
 .text.SDMMC_CmdReadSingleBlock
                0x0000000008005d74       0x44 Drivers/STM32L1xx_HAL_Driver/Src/stm32l1xx_ll_sdmmc.o
                0x0000000008005d74                SDMMC_CmdReadSingleBlock
 .text.SDMMC_CmdReadMultiBlock
                0x0000000008005db8       0x44 Drivers/STM32L1xx_HAL_Driver/Src/stm32l1xx_ll_sdmmc.o
                0x0000000008005db8                SDMMC_CmdReadMultiBlock
 .text.SDMMC_CmdWriteSingleBlock
                0x0000000008005dfc       0x44 Drivers/STM32L1xx_HAL_Driver/Src/stm32l1xx_ll_sdmmc.o
                0x0000000008005dfc                SDMMC_CmdWriteSingleBlock
 .text.SDMMC_CmdWriteMultiBlock
                0x0000000008005e40       0x44 Drivers/STM32L1xx_HAL_Driver/Src/stm32l1xx_ll_sdmmc.o
                0x0000000008005e40                SDMMC_CmdWriteMultiBlock
 .text.SDMMC_CmdStopTransfer
                0x0000000008005e84       0x44 Drivers/STM32L1xx_HAL_Driver/Src/stm32l1xx_ll_sdmmc.o
                0x0000000008005e84                SDMMC_CmdStopTransfer
 .text.SDMMC_CmdSelDesel
                0x0000000008005ec8       0x46 Drivers/STM32L1xx_HAL_Driver/Src/stm32l1xx_ll_sdmmc.o
                0x0000000008005ec8                SDMMC_CmdSelDesel
 .text.SDMMC_CmdGoIdleState
                0x0000000008005f0e       0x3c Drivers/STM32L1xx_HAL_Driver/Src/stm32l1xx_ll_sdmmc.o
                0x0000000008005f0e                SDMMC_CmdGoIdleState
 .text.SDMMC_CmdOperCond
                0x0000000008005f4a       0x3e Drivers/STM32L1xx_HAL_Driver/Src/stm32l1xx_ll_sdmmc.o
                0x0000000008005f4a                SDMMC_CmdOperCond
 .text.SDMMC_CmdAppCommand
                0x0000000008005f88       0x44 Drivers/STM32L1xx_HAL_Driver/Src/stm32l1xx_ll_sdmmc.o
                0x0000000008005f88                SDMMC_CmdAppCommand
 .text.SDMMC_CmdAppOperCommand
                0x0000000008005fcc       0x46 Drivers/STM32L1xx_HAL_Driver/Src/stm32l1xx_ll_sdmmc.o
                0x0000000008005fcc                SDMMC_CmdAppOperCommand
 .text.SDMMC_CmdBusWidth
                0x0000000008006012       0x44 Drivers/STM32L1xx_HAL_Driver/Src/stm32l1xx_ll_sdmmc.o
                0x0000000008006012                SDMMC_CmdBusWidth
 .text.SDMMC_CmdSendSCR
                0x0000000008006056       0x42 Drivers/STM32L1xx_HAL_Driver/Src/stm32l1xx_ll_sdmmc.o
                0x0000000008006056                SDMMC_CmdSendSCR
 .text.SDMMC_CmdSendCID
                0x0000000008006098       0x3c Drivers/STM32L1xx_HAL_Driver/Src/stm32l1xx_ll_sdmmc.o
                0x0000000008006098                SDMMC_CmdSendCID
 .text.SDMMC_CmdSendCSD
                0x00000000080060d4       0x3e Drivers/STM32L1xx_HAL_Driver/Src/stm32l1xx_ll_sdmmc.o
                0x00000000080060d4                SDMMC_CmdSendCSD
 .text.SDMMC_CmdSetRelAdd
                0x0000000008006112       0x42 Drivers/STM32L1xx_HAL_Driver/Src/stm32l1xx_ll_sdmmc.o
                0x0000000008006112                SDMMC_CmdSetRelAdd
 .text.SDMMC_CmdSendStatus
                0x0000000008006154       0x44 Drivers/STM32L1xx_HAL_Driver/Src/stm32l1xx_ll_sdmmc.o
                0x0000000008006154                SDMMC_CmdSendStatus
 .text.SDMMC_GetCmdError
                0x0000000008006198       0x50 Drivers/STM32L1xx_HAL_Driver/Src/stm32l1xx_ll_sdmmc.o
 .text.SDMMC_GetCmdResp1
                0x00000000080061e8      0x1d8 Drivers/STM32L1xx_HAL_Driver/Src/stm32l1xx_ll_sdmmc.o
 .text.SDMMC_GetCmdResp2
                0x00000000080063c0       0x8c Drivers/STM32L1xx_HAL_Driver/Src/stm32l1xx_ll_sdmmc.o
 .text.SDMMC_GetCmdResp3
                0x000000000800644c       0x74 Drivers/STM32L1xx_HAL_Driver/Src/stm32l1xx_ll_sdmmc.o
 .text.SDMMC_GetCmdResp6
                0x00000000080064c0       0xe8 Drivers/STM32L1xx_HAL_Driver/Src/stm32l1xx_ll_sdmmc.o
 .text.SDMMC_GetCmdResp7
                0x00000000080065a8       0x98 Drivers/STM32L1xx_HAL_Driver/Src/stm32l1xx_ll_sdmmc.o
 .text.MX_FATFS_Init
                0x0000000008006640       0x24 FATFS/App/fatfs.o
                0x0000000008006640                MX_FATFS_Init
 .text.get_fattime
                0x0000000008006664        0xe FATFS/App/fatfs.o
                0x0000000008006664                get_fattime
 *fill*         0x0000000008006672        0x2 
 .text.BSP_SD_Init
                0x0000000008006674       0x48 FATFS/Target/bsp_driver_sd.o
                0x0000000008006674                BSP_SD_Init
 .text.BSP_SD_ReadBlocks_DMA
                0x00000000080066bc       0x50 FATFS/Target/bsp_driver_sd.o
                0x00000000080066bc                BSP_SD_ReadBlocks_DMA
 .text.BSP_SD_WriteBlocks_DMA
                0x000000000800670c       0x50 FATFS/Target/bsp_driver_sd.o
                0x000000000800670c                BSP_SD_WriteBlocks_DMA
 .text.BSP_SD_GetCardState
                0x000000000800675c       0x3c FATFS/Target/bsp_driver_sd.o
                0x000000000800675c                BSP_SD_GetCardState
 .text.BSP_SD_GetCardInfo
                0x0000000008006798       0x1c FATFS/Target/bsp_driver_sd.o
                0x0000000008006798                BSP_SD_GetCardInfo
 .text.HAL_SD_AbortCallback
                0x00000000080067b4       0x14 FATFS/Target/bsp_driver_sd.o
                0x00000000080067b4                HAL_SD_AbortCallback
 .text.HAL_SD_TxCpltCallback
                0x00000000080067c8       0x14 FATFS/Target/bsp_driver_sd.o
                0x00000000080067c8                HAL_SD_TxCpltCallback
 .text.HAL_SD_RxCpltCallback
                0x00000000080067dc       0x14 FATFS/Target/bsp_driver_sd.o
                0x00000000080067dc                HAL_SD_RxCpltCallback
 .text.BSP_SD_AbortCallback
                0x00000000080067f0        0xc FATFS/Target/bsp_driver_sd.o
                0x00000000080067f0                BSP_SD_AbortCallback
 .text.BSP_SD_IsDetected
                0x00000000080067fc       0x18 FATFS/Target/bsp_driver_sd.o
                0x00000000080067fc                BSP_SD_IsDetected
 .text.SD_DMAConfigRx
                0x0000000008006814       0x90 FATFS/Target/bsp_driver_sd.o
                0x0000000008006814                SD_DMAConfigRx
 .text.SD_DMAConfigTx
                0x00000000080068a4       0x88 FATFS/Target/bsp_driver_sd.o
                0x00000000080068a4                SD_DMAConfigTx
 .text.SD_CheckStatusWithTimeout
                0x000000000800692c       0x3a FATFS/Target/sd_diskio.o
 *fill*         0x0000000008006966        0x2 
 .text.SD_CheckStatus
                0x0000000008006968       0x3c FATFS/Target/sd_diskio.o
 .text.SD_initialize
                0x00000000080069a4       0x80 FATFS/Target/sd_diskio.o
                0x00000000080069a4                SD_initialize
 .text.SD_status
                0x0000000008006a24       0x1c FATFS/Target/sd_diskio.o
                0x0000000008006a24                SD_status
 .text.SD_read  0x0000000008006a40      0x114 FATFS/Target/sd_diskio.o
                0x0000000008006a40                SD_read
 .text.SD_write
                0x0000000008006b54      0x134 FATFS/Target/sd_diskio.o
                0x0000000008006b54                SD_write
 .text.SD_ioctl
                0x0000000008006c88       0xb0 FATFS/Target/sd_diskio.o
                0x0000000008006c88                SD_ioctl
 .text.BSP_SD_WriteCpltCallback
                0x0000000008006d38       0x1c FATFS/Target/sd_diskio.o
                0x0000000008006d38                BSP_SD_WriteCpltCallback
 .text.BSP_SD_ReadCpltCallback
                0x0000000008006d54       0x1c FATFS/Target/sd_diskio.o
                0x0000000008006d54                BSP_SD_ReadCpltCallback
 .text.MX_MEMS_Init
                0x0000000008006d70       0x8c MEMS/App/app_x-cube-mems1.o
                0x0000000008006d70                MX_MEMS_Init
 .text.MX_MEMS_Process
                0x0000000008006dfc       0x2c MEMS/App/app_x-cube-mems1.o
                0x0000000008006dfc                MX_MEMS_Process
 .text.disk_status
                0x0000000008006e28       0x34 Middlewares/Third_Party/FatFs/src/diskio.o
                0x0000000008006e28                disk_status
 .text.disk_initialize
                0x0000000008006e5c       0x4c Middlewares/Third_Party/FatFs/src/diskio.o
                0x0000000008006e5c                disk_initialize
 .text.disk_read
                0x0000000008006ea8       0x40 Middlewares/Third_Party/FatFs/src/diskio.o
                0x0000000008006ea8                disk_read
 .text.disk_write
                0x0000000008006ee8       0x40 Middlewares/Third_Party/FatFs/src/diskio.o
                0x0000000008006ee8                disk_write
 .text.disk_ioctl
                0x0000000008006f28       0x3c Middlewares/Third_Party/FatFs/src/diskio.o
                0x0000000008006f28                disk_ioctl
 .text.ld_word  0x0000000008006f64       0x2e Middlewares/Third_Party/FatFs/src/ff.o
 .text.ld_dword
                0x0000000008006f92       0x44 Middlewares/Third_Party/FatFs/src/ff.o
 .text.st_word  0x0000000008006fd6       0x34 Middlewares/Third_Party/FatFs/src/ff.o
 .text.st_dword
                0x000000000800700a       0x56 Middlewares/Third_Party/FatFs/src/ff.o
 .text.mem_cpy  0x0000000008007060       0x40 Middlewares/Third_Party/FatFs/src/ff.o
 .text.mem_set  0x00000000080070a0       0x32 Middlewares/Third_Party/FatFs/src/ff.o
 .text.mem_cmp  0x00000000080070d2       0x4c Middlewares/Third_Party/FatFs/src/ff.o
 .text.chk_chr  0x000000000800711e       0x34 Middlewares/Third_Party/FatFs/src/ff.o
 .text.lock_fs  0x0000000008007152       0x2c Middlewares/Third_Party/FatFs/src/ff.o
 .text.unlock_fs
                0x000000000800717e       0x36 Middlewares/Third_Party/FatFs/src/ff.o
 .text.chk_lock
                0x00000000080071b4       0xb4 Middlewares/Third_Party/FatFs/src/ff.o
 .text.enq_lock
                0x0000000008007268       0x40 Middlewares/Third_Party/FatFs/src/ff.o
 .text.inc_lock
                0x00000000080072a8      0x11c Middlewares/Third_Party/FatFs/src/ff.o
 .text.dec_lock
                0x00000000080073c4       0x74 Middlewares/Third_Party/FatFs/src/ff.o
 .text.clear_lock
                0x0000000008007438       0x44 Middlewares/Third_Party/FatFs/src/ff.o
 .text.sync_window
                0x000000000800747c       0x88 Middlewares/Third_Party/FatFs/src/ff.o
 .text.move_window
                0x0000000008007504       0x5a Middlewares/Third_Party/FatFs/src/ff.o
 *fill*         0x000000000800755e        0x2 
 .text.sync_fs  0x0000000008007560       0xdc Middlewares/Third_Party/FatFs/src/ff.o
 .text.clust2sect
                0x000000000800763c       0x3c Middlewares/Third_Party/FatFs/src/ff.o
 .text.get_fat  0x0000000008007678      0x14a Middlewares/Third_Party/FatFs/src/ff.o
 .text.put_fat  0x00000000080077c2      0x1ce Middlewares/Third_Party/FatFs/src/ff.o
 .text.remove_chain
                0x0000000008007990       0xca Middlewares/Third_Party/FatFs/src/ff.o
 .text.create_chain
                0x0000000008007a5a      0x130 Middlewares/Third_Party/FatFs/src/ff.o
 .text.clmt_clust
                0x0000000008007b8a       0x66 Middlewares/Third_Party/FatFs/src/ff.o
 .text.dir_sdi  0x0000000008007bf0       0xf6 Middlewares/Third_Party/FatFs/src/ff.o
 .text.dir_next
                0x0000000008007ce6      0x18a Middlewares/Third_Party/FatFs/src/ff.o
 .text.dir_alloc
                0x0000000008007e70       0x8e Middlewares/Third_Party/FatFs/src/ff.o
 .text.ld_clust
                0x0000000008007efe       0x3e Middlewares/Third_Party/FatFs/src/ff.o
 .text.st_clust
                0x0000000008007f3c       0x40 Middlewares/Third_Party/FatFs/src/ff.o
 .text.dir_find
                0x0000000008007f7c       0xaa Middlewares/Third_Party/FatFs/src/ff.o
 .text.dir_register
                0x0000000008008026       0x64 Middlewares/Third_Party/FatFs/src/ff.o
 *fill*         0x000000000800808a        0x2 
 .text.create_name
                0x000000000800808c      0x128 Middlewares/Third_Party/FatFs/src/ff.o
 .text.follow_path
                0x00000000080081b4       0xe2 Middlewares/Third_Party/FatFs/src/ff.o
 .text.get_ldnumber
                0x0000000008008296       0x86 Middlewares/Third_Party/FatFs/src/ff.o
 .text.check_fs
                0x000000000800831c       0xac Middlewares/Third_Party/FatFs/src/ff.o
 .text.find_volume
                0x00000000080083c8      0x4a8 Middlewares/Third_Party/FatFs/src/ff.o
 .text.validate
                0x0000000008008870       0x8e Middlewares/Third_Party/FatFs/src/ff.o
 *fill*         0x00000000080088fe        0x2 
 .text.f_mount  0x0000000008008900       0xc8 Middlewares/Third_Party/FatFs/src/ff.o
                0x0000000008008900                f_mount
 .text.f_open   0x00000000080089c8      0x38a Middlewares/Third_Party/FatFs/src/ff.o
                0x00000000080089c8                f_open
 .text.f_write  0x0000000008008d52      0x348 Middlewares/Third_Party/FatFs/src/ff.o
                0x0000000008008d52                f_write
 .text.f_sync   0x000000000800909a      0x112 Middlewares/Third_Party/FatFs/src/ff.o
                0x000000000800909a                f_sync
 .text.f_close  0x00000000080091ac       0x5e Middlewares/Third_Party/FatFs/src/ff.o
                0x00000000080091ac                f_close
 *fill*         0x000000000800920a        0x2 
 .text.FATFS_LinkDriverEx
                0x000000000800920c       0x94 Middlewares/Third_Party/FatFs/src/ff_gen_drv.o
                0x000000000800920c                FATFS_LinkDriverEx
 .text.FATFS_LinkDriver
                0x00000000080092a0       0x1e Middlewares/Third_Party/FatFs/src/ff_gen_drv.o
                0x00000000080092a0                FATFS_LinkDriver
 .text.ff_cre_syncobj
                0x00000000080092be       0x40 Middlewares/Third_Party/FatFs/src/option/syscall.o
                0x00000000080092be                ff_cre_syncobj
 .text.ff_del_syncobj
                0x00000000080092fe       0x18 Middlewares/Third_Party/FatFs/src/option/syscall.o
                0x00000000080092fe                ff_del_syncobj
 .text.ff_req_grant
                0x0000000008009316       0x2a Middlewares/Third_Party/FatFs/src/option/syscall.o
                0x0000000008009316                ff_req_grant
 .text.ff_rel_grant
                0x0000000008009340       0x16 Middlewares/Third_Party/FatFs/src/option/syscall.o
                0x0000000008009340                ff_rel_grant
 .text.makeFreeRtosPriority
                0x0000000008009356       0x2e Middlewares/Third_Party/FreeRTOS/Source/CMSIS_RTOS/cmsis_os.o
 .text.inHandlerMode
                0x0000000008009384       0x22 Middlewares/Third_Party/FreeRTOS/Source/CMSIS_RTOS/cmsis_os.o
 .text.osKernelStart
                0x00000000080093a6        0xe Middlewares/Third_Party/FreeRTOS/Source/CMSIS_RTOS/cmsis_os.o
                0x00000000080093a6                osKernelStart
 .text.osKernelRunning
                0x00000000080093b4       0x18 Middlewares/Third_Party/FreeRTOS/Source/CMSIS_RTOS/cmsis_os.o
                0x00000000080093b4                osKernelRunning
 .text.osKernelSysTick
                0x00000000080093cc       0x20 Middlewares/Third_Party/FreeRTOS/Source/CMSIS_RTOS/cmsis_os.o
                0x00000000080093cc                osKernelSysTick
 .text.osThreadCreate
                0x00000000080093ec       0x98 Middlewares/Third_Party/FreeRTOS/Source/CMSIS_RTOS/cmsis_os.o
                0x00000000080093ec                osThreadCreate
 .text.osDelay  0x0000000008009484       0x28 Middlewares/Third_Party/FreeRTOS/Source/CMSIS_RTOS/cmsis_os.o
                0x0000000008009484                osDelay
 .text.osSemaphoreCreate
                0x00000000080094ac       0x66 Middlewares/Third_Party/FreeRTOS/Source/CMSIS_RTOS/cmsis_os.o
                0x00000000080094ac                osSemaphoreCreate
 *fill*         0x0000000008009512        0x2 
 .text.osSemaphoreWait
                0x0000000008009514       0x9c Middlewares/Third_Party/FreeRTOS/Source/CMSIS_RTOS/cmsis_os.o
                0x0000000008009514                osSemaphoreWait
 .text.osSemaphoreRelease
                0x00000000080095b0       0x6c Middlewares/Third_Party/FreeRTOS/Source/CMSIS_RTOS/cmsis_os.o
                0x00000000080095b0                osSemaphoreRelease
 .text.osSemaphoreDelete
                0x000000000800961c       0x26 Middlewares/Third_Party/FreeRTOS/Source/CMSIS_RTOS/cmsis_os.o
                0x000000000800961c                osSemaphoreDelete
 .text.osMessageCreate
                0x0000000008009642       0x52 Middlewares/Third_Party/FreeRTOS/Source/CMSIS_RTOS/cmsis_os.o
                0x0000000008009642                osMessageCreate
 .text.osMessagePut
                0x0000000008009694       0x80 Middlewares/Third_Party/FreeRTOS/Source/CMSIS_RTOS/cmsis_os.o
                0x0000000008009694                osMessagePut
 .text.osMessageGet
                0x0000000008009714       0xe8 Middlewares/Third_Party/FreeRTOS/Source/CMSIS_RTOS/cmsis_os.o
                0x0000000008009714                osMessageGet
 .text.vListInitialise
                0x00000000080097fc       0x3e Middlewares/Third_Party/FreeRTOS/Source/list.o
                0x00000000080097fc                vListInitialise
 .text.vListInitialiseItem
                0x000000000800983a       0x18 Middlewares/Third_Party/FreeRTOS/Source/list.o
                0x000000000800983a                vListInitialiseItem
 .text.vListInsertEnd
                0x0000000008009852       0x46 Middlewares/Third_Party/FreeRTOS/Source/list.o
                0x0000000008009852                vListInsertEnd
 .text.vListInsert
                0x0000000008009898       0x70 Middlewares/Third_Party/FreeRTOS/Source/list.o
                0x0000000008009898                vListInsert
 .text.uxListRemove
                0x0000000008009908       0x52 Middlewares/Third_Party/FreeRTOS/Source/list.o
                0x0000000008009908                uxListRemove
 *fill*         0x000000000800995a        0x2 
 .text.xQueueGenericReset
                0x000000000800995c       0xd0 Middlewares/Third_Party/FreeRTOS/Source/queue.o
                0x000000000800995c                xQueueGenericReset
 .text.xQueueGenericCreateStatic
                0x0000000008009a2c       0xe4 Middlewares/Third_Party/FreeRTOS/Source/queue.o
                0x0000000008009a2c                xQueueGenericCreateStatic
 .text.xQueueGenericCreate
                0x0000000008009b10       0x7a Middlewares/Third_Party/FreeRTOS/Source/queue.o
                0x0000000008009b10                xQueueGenericCreate
 .text.prvInitialiseNewQueue
                0x0000000008009b8a       0x3e Middlewares/Third_Party/FreeRTOS/Source/queue.o
 .text.xQueueGenericSend
                0x0000000008009bc8      0x1f4 Middlewares/Third_Party/FreeRTOS/Source/queue.o
                0x0000000008009bc8                xQueueGenericSend
 .text.xQueueGenericSendFromISR
                0x0000000008009dbc      0x128 Middlewares/Third_Party/FreeRTOS/Source/queue.o
                0x0000000008009dbc                xQueueGenericSendFromISR
 .text.xQueueGiveFromISR
                0x0000000008009ee4      0x112 Middlewares/Third_Party/FreeRTOS/Source/queue.o
                0x0000000008009ee4                xQueueGiveFromISR
 *fill*         0x0000000008009ff6        0x2 
 .text.xQueueReceive
                0x0000000008009ff8      0x1b8 Middlewares/Third_Party/FreeRTOS/Source/queue.o
                0x0000000008009ff8                xQueueReceive
 .text.xQueueSemaphoreTake
                0x000000000800a1b0      0x210 Middlewares/Third_Party/FreeRTOS/Source/queue.o
                0x000000000800a1b0                xQueueSemaphoreTake
 .text.xQueueReceiveFromISR
                0x000000000800a3c0       0xfa Middlewares/Third_Party/FreeRTOS/Source/queue.o
                0x000000000800a3c0                xQueueReceiveFromISR
 .text.vQueueDelete
                0x000000000800a4ba       0x44 Middlewares/Third_Party/FreeRTOS/Source/queue.o
                0x000000000800a4ba                vQueueDelete
 .text.prvGetDisinheritPriorityAfterTimeout
                0x000000000800a4fe       0x2e Middlewares/Third_Party/FreeRTOS/Source/queue.o
 .text.prvCopyDataToQueue
                0x000000000800a52c       0xd4 Middlewares/Third_Party/FreeRTOS/Source/queue.o
 .text.prvCopyDataFromQueue
                0x000000000800a600       0x4c Middlewares/Third_Party/FreeRTOS/Source/queue.o
 .text.prvUnlockQueue
                0x000000000800a64c       0xa4 Middlewares/Third_Party/FreeRTOS/Source/queue.o
 .text.prvIsQueueEmpty
                0x000000000800a6f0       0x2c Middlewares/Third_Party/FreeRTOS/Source/queue.o
 .text.prvIsQueueFull
                0x000000000800a71c       0x30 Middlewares/Third_Party/FreeRTOS/Source/queue.o
 .text.vQueueUnregisterQueue
                0x000000000800a74c       0x50 Middlewares/Third_Party/FreeRTOS/Source/queue.o
                0x000000000800a74c                vQueueUnregisterQueue
 .text.xTaskCreateStatic
                0x000000000800a79c       0xb2 Middlewares/Third_Party/FreeRTOS/Source/tasks.o
                0x000000000800a79c                xTaskCreateStatic
 .text.xTaskCreate
                0x000000000800a84e       0x8a Middlewares/Third_Party/FreeRTOS/Source/tasks.o
                0x000000000800a84e                xTaskCreate
 .text.prvInitialiseNewTask
                0x000000000800a8d8       0xfc Middlewares/Third_Party/FreeRTOS/Source/tasks.o
 .text.prvAddNewTaskToReadyList
                0x000000000800a9d4       0xd4 Middlewares/Third_Party/FreeRTOS/Source/tasks.o
 .text.vTaskDelay
                0x000000000800aaa8       0x68 Middlewares/Third_Party/FreeRTOS/Source/tasks.o
                0x000000000800aaa8                vTaskDelay
 .text.vTaskStartScheduler
                0x000000000800ab10       0xbc Middlewares/Third_Party/FreeRTOS/Source/tasks.o
                0x000000000800ab10                vTaskStartScheduler
 .text.vTaskSuspendAll
                0x000000000800abcc       0x1c Middlewares/Third_Party/FreeRTOS/Source/tasks.o
                0x000000000800abcc                vTaskSuspendAll
 .text.xTaskResumeAll
                0x000000000800abe8      0x138 Middlewares/Third_Party/FreeRTOS/Source/tasks.o
                0x000000000800abe8                xTaskResumeAll
 .text.xTaskGetTickCount
                0x000000000800ad20       0x1c Middlewares/Third_Party/FreeRTOS/Source/tasks.o
                0x000000000800ad20                xTaskGetTickCount
 .text.xTaskGetTickCountFromISR
                0x000000000800ad3c       0x24 Middlewares/Third_Party/FreeRTOS/Source/tasks.o
                0x000000000800ad3c                xTaskGetTickCountFromISR
 .text.xTaskIncrementTick
                0x000000000800ad60      0x178 Middlewares/Third_Party/FreeRTOS/Source/tasks.o
                0x000000000800ad60                xTaskIncrementTick
 .text.vTaskSwitchContext
                0x000000000800aed8       0xb4 Middlewares/Third_Party/FreeRTOS/Source/tasks.o
                0x000000000800aed8                vTaskSwitchContext
 .text.vTaskPlaceOnEventList
                0x000000000800af8c       0x48 Middlewares/Third_Party/FreeRTOS/Source/tasks.o
                0x000000000800af8c                vTaskPlaceOnEventList
 .text.xTaskRemoveFromEventList
                0x000000000800afd4       0xc4 Middlewares/Third_Party/FreeRTOS/Source/tasks.o
                0x000000000800afd4                xTaskRemoveFromEventList
 .text.vTaskInternalSetTimeOutState
                0x000000000800b098       0x2c Middlewares/Third_Party/FreeRTOS/Source/tasks.o
                0x000000000800b098                vTaskInternalSetTimeOutState
 .text.xTaskCheckForTimeOut
                0x000000000800b0c4       0xc0 Middlewares/Third_Party/FreeRTOS/Source/tasks.o
                0x000000000800b0c4                xTaskCheckForTimeOut
 .text.vTaskMissedYield
                0x000000000800b184       0x18 Middlewares/Third_Party/FreeRTOS/Source/tasks.o
                0x000000000800b184                vTaskMissedYield
 .text.prvIdleTask
                0x000000000800b19c       0x30 Middlewares/Third_Party/FreeRTOS/Source/tasks.o
 .text.prvInitialiseTaskLists
                0x000000000800b1cc       0x80 Middlewares/Third_Party/FreeRTOS/Source/tasks.o
 .text.prvCheckTasksWaitingTermination
                0x000000000800b24c       0x58 Middlewares/Third_Party/FreeRTOS/Source/tasks.o
 .text.prvDeleteTCB
                0x000000000800b2a4       0x5c Middlewares/Third_Party/FreeRTOS/Source/tasks.o
 .text.prvResetNextTaskUnblockTime
                0x000000000800b300       0x48 Middlewares/Third_Party/FreeRTOS/Source/tasks.o
 .text.xTaskGetSchedulerState
                0x000000000800b348       0x3c Middlewares/Third_Party/FreeRTOS/Source/tasks.o
                0x000000000800b348                xTaskGetSchedulerState
 .text.xTaskPriorityInherit
                0x000000000800b384      0x10c Middlewares/Third_Party/FreeRTOS/Source/tasks.o
                0x000000000800b384                xTaskPriorityInherit
 .text.xTaskPriorityDisinherit
                0x000000000800b490      0x108 Middlewares/Third_Party/FreeRTOS/Source/tasks.o
                0x000000000800b490                xTaskPriorityDisinherit
 .text.vTaskPriorityDisinheritAfterTimeout
                0x000000000800b598      0x13c Middlewares/Third_Party/FreeRTOS/Source/tasks.o
                0x000000000800b598                vTaskPriorityDisinheritAfterTimeout
 .text.pvTaskIncrementMutexHeldCount
                0x000000000800b6d4       0x28 Middlewares/Third_Party/FreeRTOS/Source/tasks.o
                0x000000000800b6d4                pvTaskIncrementMutexHeldCount
 .text.prvAddCurrentTaskToDelayedList
                0x000000000800b6fc       0xcc Middlewares/Third_Party/FreeRTOS/Source/tasks.o
 .text.pxPortInitialiseStack
                0x000000000800b7c8       0x58 Middlewares/Third_Party/FreeRTOS/Source/portable/GCC/ARM_CM3/port.o
                0x000000000800b7c8                pxPortInitialiseStack
 .text.prvTaskExitError
                0x000000000800b820       0x50 Middlewares/Third_Party/FreeRTOS/Source/portable/GCC/ARM_CM3/port.o
 .text.SVC_Handler
                0x000000000800b870       0x28 Middlewares/Third_Party/FreeRTOS/Source/portable/GCC/ARM_CM3/port.o
                0x000000000800b870                SVC_Handler
 .text.prvPortStartFirstTask
                0x000000000800b898       0x20 Middlewares/Third_Party/FreeRTOS/Source/portable/GCC/ARM_CM3/port.o
 .text.xPortStartScheduler
                0x000000000800b8b8       0xe0 Middlewares/Third_Party/FreeRTOS/Source/portable/GCC/ARM_CM3/port.o
                0x000000000800b8b8                xPortStartScheduler
 .text.vPortEnterCritical
                0x000000000800b998       0x5c Middlewares/Third_Party/FreeRTOS/Source/portable/GCC/ARM_CM3/port.o
                0x000000000800b998                vPortEnterCritical
 .text.vPortExitCritical
                0x000000000800b9f4       0x4c Middlewares/Third_Party/FreeRTOS/Source/portable/GCC/ARM_CM3/port.o
                0x000000000800b9f4                vPortExitCritical
 .text.PendSV_Handler
                0x000000000800ba40       0x48 Middlewares/Third_Party/FreeRTOS/Source/portable/GCC/ARM_CM3/port.o
                0x000000000800ba40                PendSV_Handler
 .text.SysTick_Handler
                0x000000000800ba88       0x40 Middlewares/Third_Party/FreeRTOS/Source/portable/GCC/ARM_CM3/port.o
                0x000000000800ba88                SysTick_Handler
 .text.vPortSetupTimerInterrupt
                0x000000000800bac8       0x44 Middlewares/Third_Party/FreeRTOS/Source/portable/GCC/ARM_CM3/port.o
                0x000000000800bac8                vPortSetupTimerInterrupt
 .text.vPortValidateInterruptPriority
                0x000000000800bb0c       0x78 Middlewares/Third_Party/FreeRTOS/Source/portable/GCC/ARM_CM3/port.o
                0x000000000800bb0c                vPortValidateInterruptPriority
 .text.pvPortMalloc
                0x000000000800bb84      0x184 Middlewares/Third_Party/FreeRTOS/Source/portable/MemMang/heap_4.o
                0x000000000800bb84                pvPortMalloc
 .text.vPortFree
                0x000000000800bd08       0xb0 Middlewares/Third_Party/FreeRTOS/Source/portable/MemMang/heap_4.o
                0x000000000800bd08                vPortFree
 .text.prvHeapInit
                0x000000000800bdb8       0xc4 Middlewares/Third_Party/FreeRTOS/Source/portable/MemMang/heap_4.o
 .text.prvInsertBlockIntoFreeList
                0x000000000800be7c       0xb0 Middlewares/Third_Party/FreeRTOS/Source/portable/MemMang/heap_4.o
 .text.__libc_init_array
                0x000000000800bf2c       0x48 c:/st/stm32cubeide_1.0.0/stm32cubeide/plugins/com.st.stm32cube.ide.mcu.externaltools.gnu-tools-for-stm32.7-2018-q2-update.win32_1.0.0.201904181610/tools/bin/../lib/gcc/arm-none-eabi/7.3.1/../../../../arm-none-eabi/lib/thumb/v7-m\libc_nano.a(lib_a-init.o)
                0x000000000800bf2c                __libc_init_array
 .text.memcpy   0x000000000800bf74       0x16 c:/st/stm32cubeide_1.0.0/stm32cubeide/plugins/com.st.stm32cube.ide.mcu.externaltools.gnu-tools-for-stm32.7-2018-q2-update.win32_1.0.0.201904181610/tools/bin/../lib/gcc/arm-none-eabi/7.3.1/../../../../arm-none-eabi/lib/thumb/v7-m\libc_nano.a(lib_a-memcpy-stub.o)
                0x000000000800bf74                memcpy
 .text.memset   0x000000000800bf8a       0x10 c:/st/stm32cubeide_1.0.0/stm32cubeide/plugins/com.st.stm32cube.ide.mcu.externaltools.gnu-tools-for-stm32.7-2018-q2-update.win32_1.0.0.201904181610/tools/bin/../lib/gcc/arm-none-eabi/7.3.1/../../../../arm-none-eabi/lib/thumb/v7-m\libc_nano.a(lib_a-memset.o)
                0x000000000800bf8a                memset
 *(.glue_7)
 .glue_7        0x000000000800bf9a        0x0 linker stubs
 *(.glue_7t)
 .glue_7t       0x000000000800bf9a        0x0 linker stubs
 *(.eh_frame)
 *fill*         0x000000000800bf9a        0x2 
 .eh_frame      0x000000000800bf9c        0x0 c:/st/stm32cubeide_1.0.0/stm32cubeide/plugins/com.st.stm32cube.ide.mcu.externaltools.gnu-tools-for-stm32.7-2018-q2-update.win32_1.0.0.201904181610/tools/bin/../lib/gcc/arm-none-eabi/7.3.1/thumb/v7-m/crtbegin.o
 *(.init)
 .init          0x000000000800bf9c        0x4 c:/st/stm32cubeide_1.0.0/stm32cubeide/plugins/com.st.stm32cube.ide.mcu.externaltools.gnu-tools-for-stm32.7-2018-q2-update.win32_1.0.0.201904181610/tools/bin/../lib/gcc/arm-none-eabi/7.3.1/thumb/v7-m/crti.o
                0x000000000800bf9c                _init
 .init          0x000000000800bfa0        0x8 c:/st/stm32cubeide_1.0.0/stm32cubeide/plugins/com.st.stm32cube.ide.mcu.externaltools.gnu-tools-for-stm32.7-2018-q2-update.win32_1.0.0.201904181610/tools/bin/../lib/gcc/arm-none-eabi/7.3.1/thumb/v7-m/crtn.o
 *(.fini)
 .fini          0x000000000800bfa8        0x4 c:/st/stm32cubeide_1.0.0/stm32cubeide/plugins/com.st.stm32cube.ide.mcu.externaltools.gnu-tools-for-stm32.7-2018-q2-update.win32_1.0.0.201904181610/tools/bin/../lib/gcc/arm-none-eabi/7.3.1/thumb/v7-m/crti.o
                0x000000000800bfa8                _fini
 .fini          0x000000000800bfac        0x8 c:/st/stm32cubeide_1.0.0/stm32cubeide/plugins/com.st.stm32cube.ide.mcu.externaltools.gnu-tools-for-stm32.7-2018-q2-update.win32_1.0.0.201904181610/tools/bin/../lib/gcc/arm-none-eabi/7.3.1/thumb/v7-m/crtn.o
                0x000000000800bfb4                . = ALIGN (0x4)
                0x000000000800bfb4                _etext = .

.vfp11_veneer   0x000000000800bfb4        0x0
 .vfp11_veneer  0x000000000800bfb4        0x0 linker stubs

.v4_bx          0x000000000800bfb4        0x0
 .v4_bx         0x000000000800bfb4        0x0 linker stubs

.iplt           0x000000000800bfb4        0x0
 .iplt          0x000000000800bfb4        0x0 c:/st/stm32cubeide_1.0.0/stm32cubeide/plugins/com.st.stm32cube.ide.mcu.externaltools.gnu-tools-for-stm32.7-2018-q2-update.win32_1.0.0.201904181610/tools/bin/../lib/gcc/arm-none-eabi/7.3.1/thumb/v7-m/crtbegin.o

.rodata         0x000000000800bfb4      0x1c4
                0x000000000800bfb4                . = ALIGN (0x4)
 *(.rodata)
 .rodata        0x000000000800bfb4       0xad Core/Src/freertos.o
 *fill*         0x000000000800c061        0x3 
 .rodata        0x000000000800c064       0x10 FATFS/Target/sd_diskio.o
 .rodata        0x000000000800c074       0x44 Middlewares/Third_Party/FatFs/src/ff.o
 .rodata        0x000000000800c0b8        0x5 Middlewares/Third_Party/FreeRTOS/Source/tasks.o
 *(.rodata*)
 *fill*         0x000000000800c0bd        0x3 
 .rodata.PLLMulTable
                0x000000000800c0c0        0x9 Core/Src/system_stm32l1xx.o
                0x000000000800c0c0                PLLMulTable
 *fill*         0x000000000800c0c9        0x3 
 .rodata.AHBPrescTable
                0x000000000800c0cc       0x10 Core/Src/system_stm32l1xx.o
                0x000000000800c0cc                AHBPrescTable
 .rodata.APBPrescTable
                0x000000000800c0dc        0x8 Core/Src/system_stm32l1xx.o
                0x000000000800c0dc                APBPrescTable
 .rodata.SD_Driver
                0x000000000800c0e4       0x14 FATFS/Target/sd_diskio.o
                0x000000000800c0e4                SD_Driver
 .rodata.ExCvt  0x000000000800c0f8       0x80 Middlewares/Third_Party/FatFs/src/ff.o
                0x000000000800c178                . = ALIGN (0x4)

.rel.dyn        0x000000000800c178        0x0
 .rel.iplt      0x000000000800c178        0x0 c:/st/stm32cubeide_1.0.0/stm32cubeide/plugins/com.st.stm32cube.ide.mcu.externaltools.gnu-tools-for-stm32.7-2018-q2-update.win32_1.0.0.201904181610/tools/bin/../lib/gcc/arm-none-eabi/7.3.1/thumb/v7-m/crtbegin.o

.ARM.extab      0x000000000800c178        0x0
                0x000000000800c178                . = ALIGN (0x4)
 *(.ARM.extab* .gnu.linkonce.armextab.*)
                0x000000000800c178                . = ALIGN (0x4)

.ARM            0x000000000800c178        0x0
                0x000000000800c178                . = ALIGN (0x4)
                0x000000000800c178                __exidx_start = .
 *(.ARM.exidx*)
                0x000000000800c178                __exidx_end = .
                0x000000000800c178                . = ALIGN (0x4)

.preinit_array  0x000000000800c178        0x0
                0x000000000800c178                . = ALIGN (0x4)
                0x000000000800c178                PROVIDE (__preinit_array_start = .)
 *(.preinit_array*)
                0x000000000800c178                PROVIDE (__preinit_array_end = .)
                0x000000000800c178                . = ALIGN (0x4)

.init_array     0x000000000800c178        0x4
                0x000000000800c178                . = ALIGN (0x4)
                0x000000000800c178                PROVIDE (__init_array_start = .)
 *(SORT_BY_NAME(.init_array.*))
 *(.init_array*)
 .init_array    0x000000000800c178        0x4 c:/st/stm32cubeide_1.0.0/stm32cubeide/plugins/com.st.stm32cube.ide.mcu.externaltools.gnu-tools-for-stm32.7-2018-q2-update.win32_1.0.0.201904181610/tools/bin/../lib/gcc/arm-none-eabi/7.3.1/thumb/v7-m/crtbegin.o
                0x000000000800c17c                PROVIDE (__init_array_end = .)
                0x000000000800c17c                . = ALIGN (0x4)

.fini_array     0x000000000800c17c        0x4
                0x000000000800c17c                . = ALIGN (0x4)
                [!provide]                        PROVIDE (__fini_array_start = .)
 *(SORT_BY_NAME(.fini_array.*))
 *(.fini_array*)
 .fini_array    0x000000000800c17c        0x4 c:/st/stm32cubeide_1.0.0/stm32cubeide/plugins/com.st.stm32cube.ide.mcu.externaltools.gnu-tools-for-stm32.7-2018-q2-update.win32_1.0.0.201904181610/tools/bin/../lib/gcc/arm-none-eabi/7.3.1/thumb/v7-m/crtbegin.o
                [!provide]                        PROVIDE (__fini_array_end = .)
                0x000000000800c180                . = ALIGN (0x4)
                0x000000000800c180                _sidata = LOADADDR (.data)

.data           0x0000000020000000       0x58 load address 0x000000000800c180
                0x0000000020000000                . = ALIGN (0x4)
                0x0000000020000000                _sdata = .
 *(.data)
 *(.data*)
 .data.wtext    0x0000000020000000       0x41 Core/Src/freertos.o
                0x0000000020000000                wtext
 *fill*         0x0000000020000041        0x3 
 .data.SystemCoreClock
                0x0000000020000044        0x4 Core/Src/system_stm32l1xx.o
                0x0000000020000044                SystemCoreClock
 .data.uwTickPrio
                0x0000000020000048        0x4 Drivers/STM32L1xx_HAL_Driver/Src/stm32l1xx_hal.o
                0x0000000020000048                uwTickPrio
 .data.uwTickFreq
                0x000000002000004c        0x4 Drivers/STM32L1xx_HAL_Driver/Src/stm32l1xx_hal.o
                0x000000002000004c                uwTickFreq
 .data.Stat     0x0000000020000050        0x1 FATFS/Target/sd_diskio.o
 *fill*         0x0000000020000051        0x3 
 .data.uxCriticalNesting
                0x0000000020000054        0x4 Middlewares/Third_Party/FreeRTOS/Source/portable/GCC/ARM_CM3/port.o
                0x0000000020000058                . = ALIGN (0x4)
                0x0000000020000058                _edata = .

.igot.plt       0x0000000020000058        0x0 load address 0x000000000800c1d8
 .igot.plt      0x0000000020000058        0x0 c:/st/stm32cubeide_1.0.0/stm32cubeide/plugins/com.st.stm32cube.ide.mcu.externaltools.gnu-tools-for-stm32.7-2018-q2-update.win32_1.0.0.201904181610/tools/bin/../lib/gcc/arm-none-eabi/7.3.1/thumb/v7-m/crtbegin.o
                0x0000000020000058                . = ALIGN (0x4)

.bss            0x0000000020000058     0x18b4 load address 0x000000000800c1d8
                0x0000000020000058                _sbss = .
                0x0000000020000058                __bss_start__ = _sbss
 *(.bss)
 .bss           0x0000000020000058       0x1c c:/st/stm32cubeide_1.0.0/stm32cubeide/plugins/com.st.stm32cube.ide.mcu.externaltools.gnu-tools-for-stm32.7-2018-q2-update.win32_1.0.0.201904181610/tools/bin/../lib/gcc/arm-none-eabi/7.3.1/thumb/v7-m/crtbegin.o
 *(.bss*)
 .bss.I2C1InitCounter
                0x0000000020000074        0x4 Core/Src/custom_bus.o
 .bss.fileOnce  0x0000000020000078        0x1 Core/Src/freertos.o
                0x0000000020000078                fileOnce
 *fill*         0x0000000020000079        0x3 
 .bss.xIdleTaskTCBBuffer
                0x000000002000007c       0x54 Core/Src/freertos.o
 .bss.xIdleStack
                0x00000000200000d0      0x200 Core/Src/freertos.o
 .bss.hdma_rx.6590
                0x00000000200002d0       0x44 FATFS/Target/bsp_driver_sd.o
 .bss.hdma_tx.6595
                0x0000000020000314       0x44 FATFS/Target/bsp_driver_sd.o
 .bss.scratch   0x0000000020000358      0x200 FATFS/Target/sd_diskio.o
 .bss.SDQueueID
                0x0000000020000558        0x4 FATFS/Target/sd_diskio.o
 .bss.FatFs     0x000000002000055c        0x4 Middlewares/Third_Party/FatFs/src/ff.o
 .bss.Fsid      0x0000000020000560        0x2 Middlewares/Third_Party/FatFs/src/ff.o
 *fill*         0x0000000020000562        0x2 
 .bss.Files     0x0000000020000564       0x20 Middlewares/Third_Party/FatFs/src/ff.o
 .bss.disk      0x0000000020000584        0xc Middlewares/Third_Party/FatFs/src/ff_gen_drv.o
                0x0000000020000584                disk
 .bss.pxCurrentTCB
                0x0000000020000590        0x4 Middlewares/Third_Party/FreeRTOS/Source/tasks.o
                0x0000000020000590                pxCurrentTCB
 .bss.pxReadyTasksLists
                0x0000000020000594       0x8c Middlewares/Third_Party/FreeRTOS/Source/tasks.o
 .bss.xDelayedTaskList1
                0x0000000020000620       0x14 Middlewares/Third_Party/FreeRTOS/Source/tasks.o
 .bss.xDelayedTaskList2
                0x0000000020000634       0x14 Middlewares/Third_Party/FreeRTOS/Source/tasks.o
 .bss.pxDelayedTaskList
                0x0000000020000648        0x4 Middlewares/Third_Party/FreeRTOS/Source/tasks.o
 .bss.pxOverflowDelayedTaskList
                0x000000002000064c        0x4 Middlewares/Third_Party/FreeRTOS/Source/tasks.o
 .bss.xPendingReadyList
                0x0000000020000650       0x14 Middlewares/Third_Party/FreeRTOS/Source/tasks.o
 .bss.xTasksWaitingTermination
                0x0000000020000664       0x14 Middlewares/Third_Party/FreeRTOS/Source/tasks.o
 .bss.uxDeletedTasksWaitingCleanUp
                0x0000000020000678        0x4 Middlewares/Third_Party/FreeRTOS/Source/tasks.o
 .bss.xSuspendedTaskList
                0x000000002000067c       0x14 Middlewares/Third_Party/FreeRTOS/Source/tasks.o
 .bss.uxCurrentNumberOfTasks
                0x0000000020000690        0x4 Middlewares/Third_Party/FreeRTOS/Source/tasks.o
 .bss.xTickCount
                0x0000000020000694        0x4 Middlewares/Third_Party/FreeRTOS/Source/tasks.o
 .bss.uxTopReadyPriority
                0x0000000020000698        0x4 Middlewares/Third_Party/FreeRTOS/Source/tasks.o
 .bss.xSchedulerRunning
                0x000000002000069c        0x4 Middlewares/Third_Party/FreeRTOS/Source/tasks.o
 .bss.uxPendedTicks
                0x00000000200006a0        0x4 Middlewares/Third_Party/FreeRTOS/Source/tasks.o
 .bss.xYieldPending
                0x00000000200006a4        0x4 Middlewares/Third_Party/FreeRTOS/Source/tasks.o
 .bss.xNumOfOverflows
                0x00000000200006a8        0x4 Middlewares/Third_Party/FreeRTOS/Source/tasks.o
 .bss.uxTaskNumber
                0x00000000200006ac        0x4 Middlewares/Third_Party/FreeRTOS/Source/tasks.o
 .bss.xNextTaskUnblockTime
                0x00000000200006b0        0x4 Middlewares/Third_Party/FreeRTOS/Source/tasks.o
 .bss.xIdleTaskHandle
                0x00000000200006b4        0x4 Middlewares/Third_Party/FreeRTOS/Source/tasks.o
 .bss.uxSchedulerSuspended
                0x00000000200006b8        0x4 Middlewares/Third_Party/FreeRTOS/Source/tasks.o
 .bss.ucMaxSysCallPriority
                0x00000000200006bc        0x1 Middlewares/Third_Party/FreeRTOS/Source/portable/GCC/ARM_CM3/port.o
 *fill*         0x00000000200006bd        0x3 
 .bss.ulMaxPRIGROUPValue
                0x00000000200006c0        0x4 Middlewares/Third_Party/FreeRTOS/Source/portable/GCC/ARM_CM3/port.o
 .bss.ucHeap    0x00000000200006c4      0xc00 Middlewares/Third_Party/FreeRTOS/Source/portable/MemMang/heap_4.o
 .bss.xStart    0x00000000200012c4        0x8 Middlewares/Third_Party/FreeRTOS/Source/portable/MemMang/heap_4.o
 .bss.pxEnd     0x00000000200012cc        0x4 Middlewares/Third_Party/FreeRTOS/Source/portable/MemMang/heap_4.o
 .bss.xFreeBytesRemaining
                0x00000000200012d0        0x4 Middlewares/Third_Party/FreeRTOS/Source/portable/MemMang/heap_4.o
 .bss.xMinimumEverFreeBytesRemaining
                0x00000000200012d4        0x4 Middlewares/Third_Party/FreeRTOS/Source/portable/MemMang/heap_4.o
 .bss.xBlockAllocatedBit
                0x00000000200012d8        0x4 Middlewares/Third_Party/FreeRTOS/Source/portable/MemMang/heap_4.o
 *(COMMON)
 COMMON         0x00000000200012dc       0x54 Core/Src/custom_bus.o
                0x00000000200012dc                hi2c1
 COMMON         0x0000000020001330      0x480 Core/Src/freertos.o
                0x0000000020001330                defaultTaskHandle
                0x0000000020001334                byteswritten
                0x0000000020001338                microSDTaskHandle
                0x000000002000133c                hts221TaskHandle
                0x0000000020001340                SDPath
                0x0000000020001344                SDFile
                0x0000000020001574                res
                0x0000000020001578                SDFatFS
                0x00000000200017ac                testTaskHandle
 COMMON         0x00000000200017b0       0xc8 Core/Src/sdio.o
                0x00000000200017b0                hdma_sd_mmc
                0x00000000200017f4                hsd
 COMMON         0x0000000020001878       0x3c Core/Src/stm32l1xx_hal_timebase_tim.o
                0x0000000020001878                htim2
 COMMON         0x00000000200018b4        0x4 Drivers/STM32L1xx_HAL_Driver/Src/stm32l1xx_hal.o
                0x00000000200018b4                uwTick
 COMMON         0x00000000200018b8        0x1 FATFS/App/fatfs.o
                0x00000000200018b8                retSD
 *fill*         0x00000000200018b9        0x3 
 COMMON         0x00000000200018bc        0xd MEMS/App/app_x-cube-mems1.o
                0x00000000200018bc                ID
                0x00000000200018c0                temperature
                0x00000000200018c4                humidity
                0x00000000200018c8                status
 *fill*         0x00000000200018c9        0x3 
 COMMON         0x00000000200018cc       0x40 Middlewares/Third_Party/FreeRTOS/Source/queue.o
                0x00000000200018cc                xQueueRegistry
                0x000000002000190c                . = ALIGN (0x4)
                0x000000002000190c                _ebss = .
                0x000000002000190c                __bss_end__ = _ebss

._user_heap_stack
                0x000000002000190c      0x604 load address 0x000000000800c1d8
                0x0000000020001910                . = ALIGN (0x8)
 *fill*         0x000000002000190c        0x4 
                0x0000000020001910                PROVIDE (end = .)
                [!provide]                        PROVIDE (_end = .)
                0x0000000020001b10                . = (. + _Min_Heap_Size)
 *fill*         0x0000000020001910      0x200 
                0x0000000020001f10                . = (. + _Min_Stack_Size)
 *fill*         0x0000000020001b10      0x400 
                0x0000000020001f10                . = ALIGN (0x8)

/DISCARD/
 libc.a(*)
 libm.a(*)
 libgcc.a(*)

.ARM.attributes
                0x0000000000000000       0x29
 *(.ARM.attributes)
 .ARM.attributes
                0x0000000000000000       0x1d c:/st/stm32cubeide_1.0.0/stm32cubeide/plugins/com.st.stm32cube.ide.mcu.externaltools.gnu-tools-for-stm32.7-2018-q2-update.win32_1.0.0.201904181610/tools/bin/../lib/gcc/arm-none-eabi/7.3.1/thumb/v7-m/crti.o
 .ARM.attributes
                0x000000000000001d       0x2d c:/st/stm32cubeide_1.0.0/stm32cubeide/plugins/com.st.stm32cube.ide.mcu.externaltools.gnu-tools-for-stm32.7-2018-q2-update.win32_1.0.0.201904181610/tools/bin/../lib/gcc/arm-none-eabi/7.3.1/thumb/v7-m/crtbegin.o
 .ARM.attributes
                0x000000000000004a       0x33 Core/Src/custom_bus.o
 .ARM.attributes
                0x000000000000007d       0x33 Core/Src/dma.o
 .ARM.attributes
                0x00000000000000b0       0x33 Core/Src/freertos.o
 .ARM.attributes
                0x00000000000000e3       0x33 Core/Src/gpio.o
 .ARM.attributes
                0x0000000000000116       0x33 Core/Src/main.o
 .ARM.attributes
                0x0000000000000149       0x33 Core/Src/sdio.o
 .ARM.attributes
                0x000000000000017c       0x33 Core/Src/stm32l1xx_hal_msp.o
 .ARM.attributes
                0x00000000000001af       0x33 Core/Src/stm32l1xx_hal_timebase_tim.o
 .ARM.attributes
                0x00000000000001e2       0x33 Core/Src/stm32l1xx_it.o
 .ARM.attributes
                0x0000000000000215       0x33 Core/Src/system_stm32l1xx.o
 .ARM.attributes
                0x0000000000000248       0x21 Core/Startup/startup_stm32l151rdtx.o
 .ARM.attributes
                0x0000000000000269       0x33 Drivers/BSP/Components/hts221/hts221.o
 .ARM.attributes
                0x000000000000029c       0x33 Drivers/BSP/Components/hts221/hts221_reg.o
 .ARM.attributes
                0x00000000000002cf       0x33 Drivers/STM32L1xx_HAL_Driver/Src/stm32l1xx_hal.o
 .ARM.attributes
                0x0000000000000302       0x33 Drivers/STM32L1xx_HAL_Driver/Src/stm32l1xx_hal_cortex.o
 .ARM.attributes
                0x0000000000000335       0x33 Drivers/STM32L1xx_HAL_Driver/Src/stm32l1xx_hal_dma.o
 .ARM.attributes
                0x0000000000000368       0x33 Drivers/STM32L1xx_HAL_Driver/Src/stm32l1xx_hal_gpio.o
 .ARM.attributes
                0x000000000000039b       0x33 Drivers/STM32L1xx_HAL_Driver/Src/stm32l1xx_hal_i2c.o
 .ARM.attributes
                0x00000000000003ce       0x33 Drivers/STM32L1xx_HAL_Driver/Src/stm32l1xx_hal_rcc.o
 .ARM.attributes
                0x0000000000000401       0x33 Drivers/STM32L1xx_HAL_Driver/Src/stm32l1xx_hal_sd.o
 .ARM.attributes
                0x0000000000000434       0x33 Drivers/STM32L1xx_HAL_Driver/Src/stm32l1xx_hal_tim.o
 .ARM.attributes
                0x0000000000000467       0x33 Drivers/STM32L1xx_HAL_Driver/Src/stm32l1xx_ll_sdmmc.o
 .ARM.attributes
                0x000000000000049a       0x33 FATFS/App/fatfs.o
 .ARM.attributes
                0x00000000000004cd       0x33 FATFS/Target/bsp_driver_sd.o
 .ARM.attributes
                0x0000000000000500       0x33 FATFS/Target/sd_diskio.o
 .ARM.attributes
                0x0000000000000533       0x33 MEMS/App/app_x-cube-mems1.o
 .ARM.attributes
                0x0000000000000566       0x33 Middlewares/Third_Party/FatFs/src/diskio.o
 .ARM.attributes
                0x0000000000000599       0x33 Middlewares/Third_Party/FatFs/src/ff.o
 .ARM.attributes
                0x00000000000005cc       0x33 Middlewares/Third_Party/FatFs/src/ff_gen_drv.o
 .ARM.attributes
                0x00000000000005ff       0x33 Middlewares/Third_Party/FatFs/src/option/syscall.o
 .ARM.attributes
                0x0000000000000632       0x33 Middlewares/Third_Party/FreeRTOS/Source/CMSIS_RTOS/cmsis_os.o
 .ARM.attributes
                0x0000000000000665       0x33 Middlewares/Third_Party/FreeRTOS/Source/list.o
 .ARM.attributes
                0x0000000000000698       0x33 Middlewares/Third_Party/FreeRTOS/Source/queue.o
 .ARM.attributes
                0x00000000000006cb       0x33 Middlewares/Third_Party/FreeRTOS/Source/tasks.o
 .ARM.attributes
                0x00000000000006fe       0x33 Middlewares/Third_Party/FreeRTOS/Source/portable/GCC/ARM_CM3/port.o
 .ARM.attributes
                0x0000000000000731       0x33 Middlewares/Third_Party/FreeRTOS/Source/portable/MemMang/heap_4.o
 .ARM.attributes
                0x0000000000000764       0x2d c:/st/stm32cubeide_1.0.0/stm32cubeide/plugins/com.st.stm32cube.ide.mcu.externaltools.gnu-tools-for-stm32.7-2018-q2-update.win32_1.0.0.201904181610/tools/bin/../lib/gcc/arm-none-eabi/7.3.1/../../../../arm-none-eabi/lib/thumb/v7-m\libc_nano.a(lib_a-init.o)
 .ARM.attributes
                0x0000000000000791       0x2d c:/st/stm32cubeide_1.0.0/stm32cubeide/plugins/com.st.stm32cube.ide.mcu.externaltools.gnu-tools-for-stm32.7-2018-q2-update.win32_1.0.0.201904181610/tools/bin/../lib/gcc/arm-none-eabi/7.3.1/../../../../arm-none-eabi/lib/thumb/v7-m\libc_nano.a(lib_a-memcpy-stub.o)
 .ARM.attributes
                0x00000000000007be       0x2d c:/st/stm32cubeide_1.0.0/stm32cubeide/plugins/com.st.stm32cube.ide.mcu.externaltools.gnu-tools-for-stm32.7-2018-q2-update.win32_1.0.0.201904181610/tools/bin/../lib/gcc/arm-none-eabi/7.3.1/../../../../arm-none-eabi/lib/thumb/v7-m\libc_nano.a(lib_a-memset.o)
 .ARM.attributes
                0x00000000000007eb       0x1d c:/st/stm32cubeide_1.0.0/stm32cubeide/plugins/com.st.stm32cube.ide.mcu.externaltools.gnu-tools-for-stm32.7-2018-q2-update.win32_1.0.0.201904181610/tools/bin/../lib/gcc/arm-none-eabi/7.3.1/thumb/v7-m\libgcc.a(_arm_addsubsf3.o)
 .ARM.attributes
                0x0000000000000808       0x1d c:/st/stm32cubeide_1.0.0/stm32cubeide/plugins/com.st.stm32cube.ide.mcu.externaltools.gnu-tools-for-stm32.7-2018-q2-update.win32_1.0.0.201904181610/tools/bin/../lib/gcc/arm-none-eabi/7.3.1/thumb/v7-m\libgcc.a(_arm_muldivsf3.o)
 .ARM.attributes
                0x0000000000000825       0x1d c:/st/stm32cubeide_1.0.0/stm32cubeide/plugins/com.st.stm32cube.ide.mcu.externaltools.gnu-tools-for-stm32.7-2018-q2-update.win32_1.0.0.201904181610/tools/bin/../lib/gcc/arm-none-eabi/7.3.1/thumb/v7-m\libgcc.a(_arm_cmpsf2.o)
 .ARM.attributes
                0x0000000000000842       0x1d c:/st/stm32cubeide_1.0.0/stm32cubeide/plugins/com.st.stm32cube.ide.mcu.externaltools.gnu-tools-for-stm32.7-2018-q2-update.win32_1.0.0.201904181610/tools/bin/../lib/gcc/arm-none-eabi/7.3.1/thumb/v7-m/crtn.o
OUTPUT(FreeRTOS.elf elf32-littlearm)

.debug_info     0x0000000000000000    0x2435e
 .debug_info    0x0000000000000000      0xbdd Core/Src/custom_bus.o
 .debug_info    0x0000000000000bdd      0x3e6 Core/Src/dma.o
 .debug_info    0x0000000000000fc3     0x1bad Core/Src/freertos.o
 .debug_info    0x0000000000002b70      0x3cb Core/Src/gpio.o
 .debug_info    0x0000000000002f3b     0x170c Core/Src/main.o
 .debug_info    0x0000000000004647      0xb2b Core/Src/sdio.o
 .debug_info    0x0000000000005172      0x41e Core/Src/stm32l1xx_hal_msp.o
 .debug_info    0x0000000000005590      0x959 Core/Src/stm32l1xx_hal_timebase_tim.o
 .debug_info    0x0000000000005ee9      0x9d3 Core/Src/stm32l1xx_it.o
 .debug_info    0x00000000000068bc      0x473 Core/Src/system_stm32l1xx.o
 .debug_info    0x0000000000006d2f       0x22 Core/Startup/startup_stm32l151rdtx.o
 .debug_info    0x0000000000006d51     0x14b9 Drivers/BSP/Components/hts221/hts221.o
 .debug_info    0x000000000000820a     0x1929 Drivers/BSP/Components/hts221/hts221_reg.o
 .debug_info    0x0000000000009b33      0x71c Drivers/STM32L1xx_HAL_Driver/Src/stm32l1xx_hal.o
 .debug_info    0x000000000000a24f      0xd84 Drivers/STM32L1xx_HAL_Driver/Src/stm32l1xx_hal_cortex.o
 .debug_info    0x000000000000afd3      0x798 Drivers/STM32L1xx_HAL_Driver/Src/stm32l1xx_hal_dma.o
 .debug_info    0x000000000000b76b      0x69d Drivers/STM32L1xx_HAL_Driver/Src/stm32l1xx_hal_gpio.o
 .debug_info    0x000000000000be08     0x231f Drivers/STM32L1xx_HAL_Driver/Src/stm32l1xx_hal_i2c.o
 .debug_info    0x000000000000e127      0x92c Drivers/STM32L1xx_HAL_Driver/Src/stm32l1xx_hal_rcc.o
 .debug_info    0x000000000000ea53     0x1867 Drivers/STM32L1xx_HAL_Driver/Src/stm32l1xx_hal_sd.o
 .debug_info    0x00000000000102ba     0x23fb Drivers/STM32L1xx_HAL_Driver/Src/stm32l1xx_hal_tim.o
 .debug_info    0x00000000000126b5     0x10e0 Drivers/STM32L1xx_HAL_Driver/Src/stm32l1xx_ll_sdmmc.o
 .debug_info    0x0000000000013795      0xda5 FATFS/App/fatfs.o
 .debug_info    0x000000000001453a      0xc3c FATFS/Target/bsp_driver_sd.o
 .debug_info    0x0000000000015176     0x1147 FATFS/Target/sd_diskio.o
 .debug_info    0x00000000000162bd     0x12a8 MEMS/App/app_x-cube-mems1.o
 .debug_info    0x0000000000017565      0xcce Middlewares/Third_Party/FatFs/src/diskio.o
 .debug_info    0x0000000000018233     0x2ad3 Middlewares/Third_Party/FatFs/src/ff.o
 .debug_info    0x000000000001ad06      0xc66 Middlewares/Third_Party/FatFs/src/ff_gen_drv.o
 .debug_info    0x000000000001b96c      0xcab Middlewares/Third_Party/FatFs/src/option/syscall.o
 .debug_info    0x000000000001c617     0x1e5d Middlewares/Third_Party/FreeRTOS/Source/CMSIS_RTOS/cmsis_os.o
 .debug_info    0x000000000001e474      0xac5 Middlewares/Third_Party/FreeRTOS/Source/list.o
 .debug_info    0x000000000001ef39     0x1f2d Middlewares/Third_Party/FreeRTOS/Source/queue.o